
[1m[46m RUN [49m[22m [36mv3.2.4 [39m[90mC:/Projects/DanteCode[39m

 [32m✓[39m packages/core/src/background-task-store.test.ts [2m([22m[2m2 tests[22m[2m)[22m[32m 22[2mms[22m[39m
 [32m✓[39m packages/core/src/browser-agent.test.ts [2m([22m[2m37 tests[22m[2m)[22m[32m 47[2mms[22m[39m
 [32m✓[39m packages/core/src/cloud-dispatch.test.ts [2m([22m[2m24 tests[22m[2m)[22m[32m 97[2mms[22m[39m
 [32m✓[39m packages/core/src/audit.test.ts [2m([22m[2m12 tests[22m[2m)[22m[32m 95[2mms[22m[39m
 [32m✓[39m packages/core/src/web-search-orchestrator.test.ts [2m([22m[2m16 tests[22m[2m)[22m[32m 146[2mms[22m[39m
 [32m✓[39m packages/core/src/state.test.ts [2m([22m[2m15 tests[22m[2m)[22m[32m 299[2mms[22m[39m
 [32m✓[39m packages/core/src/durable-run-store.test.ts [2m([22m[2m5 tests[22m[2m)[22m[32m 209[2mms[22m[39m
 [32m✓[39m packages/mcp/src/e2e-waves.test.ts [2m([22m[2m3 tests[22m[2m)[22m[32m 68[2mms[22m[39m
 [31m❯[39m packages/mcp/src/server.test.ts [2m([22m[2m7 tests[22m[2m | [22m[31m1 failed[39m[2m)[22m[32m 28[2mms[22m[39m
[31m   [31m×[31m MCP Server[2m > [22mEXPOSED_TOOL_NAMES[2m > [22mexposes the correct DanteForge tools[39m[32m 18[2mms[22m[39m
[31m     → expected [ 'pdse_score', …(11) ] to have a length of 7 but got 12[39m
   [32m✓[39m MCP Server[2m > [22mcreateMCPServer[2m > [22mcreates a server with tools/list and tools/call handlers[32m 2[2mms[22m[39m
   [32m✓[39m MCP Server[2m > [22mcreateMCPServer[2m > [22mtools/list returns all DanteForge tools[32m 2[2mms[22m[39m
   [32m✓[39m MCP Server[2m > [22mcreateMCPServer[2m > [22mtools/call dispatches to registered handler[32m 2[2mms[22m[39m
   [32m✓[39m MCP Server[2m > [22mcreateMCPServer[2m > [22mdispatches newly exposed tools through the same handler registry[32m 1[2mms[22m[39m
   [32m✓[39m MCP Server[2m > [22mcreateMCPServer[2m > [22mtools/call returns error for unknown tool[32m 1[2mms[22m[39m
   [32m✓[39m MCP Server[2m > [22mcreateMCPServer[2m > [22mtools/call handles handler errors gracefully[32m 1[2mms[22m[39m
 [32m✓[39m packages/core/src/tool-runtime/search-fetch-edit.test.ts [2m([22m[2m1 test[22m[2m)[22m[32m 233[2mms[22m[39m
 [32m✓[39m packages/core/src/tool-runtime/acquire-url.test.ts [2m([22m[2m2 tests[22m[2m)[22m[32m 280[2mms[22m[39m
 [32m✓[39m packages/core/src/integration.test.ts [2m([22m[2m7 tests[22m[2m)[22m[32m 286[2mms[22m[39m
 [31m❯[39m packages/mcp/src/integration.test.ts [2m([22m[2m10 tests[22m[2m | [22m[31m1 failed[39m[2m)[22m[32m 48[2mms[22m[39m
[31m   [31m×[31m MCP Integration[2m > [22mDanteCode MCP Server[2m > [22mexposes the expanded DanteForge tool set[39m[32m 18[2mms[22m[39m
[31m     → expected [ 'pdse_score', …(11) ] to deeply equal [ Array(7) ][39m
   [32m✓[39m MCP Integration[2m > [22mDanteCode MCP Server[2m > [22mcreates a server instance without crashing[32m 9[2mms[22m[39m
   [32m✓[39m MCP Integration[2m > [22mDanteCode MCP Server[2m > [22mtool handlers can be registered and called[32m 1[2mms[22m[39m
   [32m✓[39m MCP Integration[2m > [22mTool bridge roundtrip[2m > [22mconverts a complete MCP tool to AI SDK format[32m 4[2mms[22m[39m
   [32m✓[39m MCP Integration[2m > [22mTool bridge roundtrip[2m > [22mconverts multiple tools with prefixed names[32m 1[2mms[22m[39m
   [32m✓[39m MCP Integration[2m > [22mTool bridge roundtrip[2m > [22mparseMCPToolName roundtrips correctly[32m 1[2mms[22m[39m
   [32m✓[39m MCP Integration[2m > [22mTool bridge roundtrip[2m > [22mhandles nested object schemas[32m 1[2mms[22m[39m
   [32m✓[39m MCP Integration[2m > [22mConfig parsing integration[2m > [22mhandles a realistic mcp.json with mixed transports[32m 10[2mms[22m[39m
   [32m✓[39m MCP Integration[2m > [22mConfig parsing integration[2m > [22mvalidates all config shapes correctly[32m 1[2mms[22m[39m
   [32m✓[39m MCP Integration[2m > [22mConfig parsing integration[2m > [22mprovides sensible defaults[32m 0[2mms[22m[39m
 [32m✓[39m packages/core/src/tool-runtime/tool-runtime.test.ts [2m([22m[2m67 tests[22m[2m)[22m[32m 63[2mms[22m[39m
 [32m✓[39m packages/core/src/magic-pipeline-state.test.ts [2m([22m[2m19 tests[22m[2m)[22m[32m 154[2mms[22m[39m
 [32m✓[39m packages/core/src/event-triggers.test.ts [2m([22m[2m42 tests[22m[2m)[22m[32m 48[2mms[22m[39m
 [32m✓[39m packages/core/src/runtime-update.test.ts [2m([22m[2m8 tests[22m[2m)[22m[32m 54[2mms[22m[39m
 [32m✓[39m packages/core/src/subagent-context.test.ts [2m([22m[2m15 tests[22m[2m)[22m[32m 22[2mms[22m[39m
 [32m✓[39m packages/core/src/unified-llm-client.test.ts [2m([22m[2m25 tests[22m[2m)[22m[32m 45[2mms[22m[39m
 [32m✓[39m packages/core/src/model-router.test.ts [2m([22m[2m71 tests[22m[2m)[22m[32m 50[2mms[22m[39m
 [32m✓[39m packages/core/src/docker-agent.test.ts [2m([22m[2m25 tests[22m[2m)[22m[32m 29[2mms[22m[39m
 [32m✓[39m packages/core/src/persistent-memory.test.ts [2m([22m[2m48 tests[22m[2m)[22m[32m 46[2mms[22m[39m
 [32m✓[39m packages/core/src/vector-store.test.ts [2m([22m[2m20 tests[22m[2m)[22m[32m 24[2mms[22m[39m
 [32m✓[39m packages/core/src/enterprise-sso.test.ts [2m([22m[2m22 tests[22m[2m)[22m[32m 52[2mms[22m[39m
 [32m✓[39m packages/core/src/issue-to-pr.test.ts [2m([22m[2m30 tests[22m[2m)[22m[32m 47[2mms[22m[39m
 [32m✓[39m packages/core/src/memory-distiller.test.ts [2m([22m[2m16 tests[22m[2m)[22m[32m 16[2mms[22m[39m
 [32m✓[39m packages/core/src/command-palette.test.ts [2m([22m[2m15 tests[22m[2m)[22m[32m 33[2mms[22m[39m
 [32m✓[39m packages/core/src/health-check.test.ts [2m([22m[2m14 tests[22m[2m)[22m[32m 35[2mms[22m[39m
 [32m✓[39m packages/core/src/security-engine.test.ts [2m([22m[2m43 tests[22m[2m)[22m[32m 34[2mms[22m[39m
 [32m✓[39m packages/core/src/verification-engine.test.ts [2m([22m[2m35 tests[22m[2m)[22m[32m 32[2mms[22m[39m
[issue-to-pr] #42 parsing: Parsing issue #42: Fix authentication timeout
[issue-to-pr] #42 branching: Creating worktree branch for issue #42
[90mstderr[2m | packages/mcp/src/client.test.ts[2m > [22m[2mMCPClientManager[2m > [22m[2mconnectAll[2m > [22m[2mhandles connection failures gracefully
[22m[39m[mcp] Failed to connect to "bad": Error: connection refused

 [32m✓[39m packages/core/src/code-index.test.ts [2m([22m[2m21 tests[22m[2m)[22m[32m 26[2mms[22m[39m
 [32m✓[39m packages/mcp/src/client.test.ts [2m([22m[2m14 tests[22m[2m)[22m[32m 29[2mms[22m[39m
 [32m✓[39m packages/core/src/sandbox-engine.test.ts [2m([22m[2m30 tests[22m[2m)[22m[32m 34[2mms[22m[39m
 [32m✓[39m packages/core/src/autonomy-engine.test.ts [2m([22m[2m30 tests[22m[2m)[22m[32m 31[2mms[22m[39m
 [32m✓[39m packages/core/src/autoforge-checkpoint.test.ts [2m([22m[2m20 tests[22m[2m)[22m[32m 28[2mms[22m[39m
 [32m✓[39m packages/core/src/hierarchical-planner.test.ts [2m([22m[2m30 tests[22m[2m)[22m[32m 25[2mms[22m[39m
 [32m✓[39m packages/core/src/web-fetch-engine.test.ts [2m([22m[2m25 tests[22m[2m)[22m[32m 29[2mms[22m[39m
 [32m✓[39m packages/core/src/circuit-breaker.test.ts [2m([22m[2m16 tests[22m[2m)[22m[32m 34[2mms[22m[39m
 [32m✓[39m packages/core/src/repo-map-ast.test.ts [2m([22m[2m26 tests[22m[2m)[22m[32m 17[2mms[22m[39m
 [32m✓[39m packages/core/src/subagent-manager.test.ts [2m([22m[2m37 tests[22m[2m)[22m[32m 27[2mms[22m[39m
 [32m✓[39m packages/core/src/event-engine.test.ts [2m([22m[2m30 tests[22m[2m)[22m[32m 40[2mms[22m[39m
[issue-to-pr] #42 failed: Pipeline failed: Command failed: git fetch origin main
fatal: not a git repository (or any of the parent directories): .git

[issue-to-pr] #42 failed: Command failed: git fetch origin main
fatal: not a git repository (or any of the parent directories): .git

 [32m✓[39m packages/core/src/webhook-server.test.ts [2m([22m[2m16 tests[22m[2m)[22m[33m 2492[2mms[22m[39m
   [33m[2m✓[22m[39m WebhookServer[2m > [22mPOST /webhooks/slack[2m > [22mdispatches a task for a valid Slack event [33m 475[2mms[22m[39m
   [33m[2m✓[22m[39m WebhookServer[2m > [22m404 handling[2m > [22mreturns 404 for unknown routes [33m 365[2mms[22m[39m
   [33m[2m✓[22m[39m WebhookServer — Issue-to-PR Pipeline[2m > [22mfalls back to background runner for push events [33m 339[2mms[22m[39m
 [32m✓[39m packages/core/src/checkpointer.test.ts [2m([22m[2m24 tests[22m[2m)[22m[32m 24[2mms[22m[39m
 [32m✓[39m packages/core/src/secrets-scanner.test.ts [2m([22m[2m25 tests[22m[2m)[22m[32m 22[2mms[22m[39m
 [32m✓[39m packages/core/src/session-store.test.ts [2m([22m[2m26 tests[22m[2m)[22m[32m 26[2mms[22m[39m
 [32m✓[39m packages/core/src/providers/providers.test.ts [2m([22m[2m24 tests[22m[2m)[22m[32m 24[2mms[22m[39m
 [32m✓[39m packages/core/src/architect-planner.test.ts [2m([22m[2m19 tests[22m[2m)[22m[32m 19[2mms[22m[39m
 [32m✓[39m packages/core/src/capability-fingerprint.test.ts [2m([22m[2m25 tests[22m[2m)[22m[32m 24[2mms[22m[39m
 [32m✓[39m packages/core/src/task-circuit-breaker.test.ts [2m([22m[2m34 tests[22m[2m)[22m[32m 34[2mms[22m[39m
 [32m✓[39m packages/core/src/playbook-memory.test.ts [2m([22m[2m25 tests[22m[2m)[22m[32m 31[2mms[22m[39m
 [32m✓[39m packages/core/src/background-agent.test.ts [2m([22m[2m29 tests[22m[2m)[22m[33m 3213[2mms[22m[39m
   [33m[2m✓[22m[39m BackgroundAgentRunner[2m > [22mclearFinished[2m > [22mremoves completed tasks [33m 842[2mms[22m[39m
   [33m[2m✓[22m[39m BackgroundAgentRunner[2m > [22mpost-completion hook: auto-commit[2m > [22mclears loop detection state on manual resume [33m 403[2mms[22m[39m
 [32m✓[39m packages/core/src/approach-memory.test.ts [2m([22m[2m19 tests[22m[2m)[22m[32m 20[2mms[22m[39m
 [32m✓[39m packages/core/src/search-providers.test.ts [2m([22m[2m22 tests[22m[2m)[22m[32m 28[2mms[22m[39m
 [32m✓[39m packages/core/src/production-engine.test.ts [2m([22m[2m30 tests[22m[2m)[22m[32m 25[2mms[22m[39m
 [32m✓[39m packages/core/src/github-cli-engine.test.ts [2m([22m[2m30 tests[22m[2m)[22m[32m 21[2mms[22m[39m
 [32m✓[39m packages/core/src/recovery-engine.test.ts [2m([22m[2m21 tests[22m[2m)[22m[32m 24[2mms[22m[39m
 [32m✓[39m packages/core/src/version-migration.test.ts [2m([22m[2m18 tests[22m[2m)[22m[32m 21[2mms[22m[39m
 [32m✓[39m packages/core/src/multi-agent.test.ts [2m([22m[2m10 tests[22m[2m)[22m[32m 20[2mms[22m[39m
 [32m✓[39m packages/core/src/plan-executor.test.ts [2m([22m[2m16 tests[22m[2m)[22m[32m 19[2mms[22m[39m
 [32m✓[39m packages/core/src/webhook-handler.test.ts [2m([22m[2m18 tests[22m[2m)[22m[32m 21[2mms[22m[39m
 [32m✓[39m packages/core/src/tool-runtime/execution-policy.test.ts [2m([22m[2m28 tests[22m[2m)[22m[32m 14[2mms[22m[39m
 [32m✓[39m packages/core/src/search-cache.test.ts [2m([22m[2m15 tests[22m[2m)[22m[32m 20[2mms[22m[39m
 [32m✓[39m packages/core/src/loop-detector.test.ts [2m([22m[2m28 tests[22m[2m)[22m[32m 33[2mms[22m[39m
 [32m✓[39m packages/core/src/reasoning-chain.test.ts [2m([22m[2m30 tests[22m[2m)[22m[32m 22[2mms[22m[39m
 [32m✓[39m packages/core/src/git-hook-handler.test.ts [2m([22m[2m15 tests[22m[2m)[22m[32m 24[2mms[22m[39m
 [32m✓[39m packages/core/src/skill-wave-orchestrator.test.ts [2m([22m[2m25 tests[22m[2m)[22m[32m 18[2mms[22m[39m
 [32m✓[39m packages/core/src/error-parser.test.ts [2m([22m[2m20 tests[22m[2m)[22m[32m 15[2mms[22m[39m
 [32m✓[39m packages/core/src/compliance-export.test.ts [2m([22m[2m21 tests[22m[2m)[22m[32m 18[2mms[22m[39m
 [32m✓[39m packages/core/src/git-snapshot-recovery.test.ts [2m([22m[2m12 tests[22m[2m)[22m[32m 15[2mms[22m[39m
 [32m✓[39m packages/core/src/policy-enforcer.test.ts [2m([22m[2m18 tests[22m[2m)[22m[32m 20[2mms[22m[39m
 [32m✓[39m packages/mcp/src/tool-bridge.test.ts [2m([22m[2m13 tests[22m[2m)[22m[32m 18[2mms[22m[39m
 [32m✓[39m packages/core/src/tool-runtime/tool-adapters.test.ts [2m([22m[2m24 tests[22m[2m)[22m[32m 15[2mms[22m[39m
 [32m✓[39m packages/mcp/src/config.test.ts [2m([22m[2m17 tests[22m[2m)[22m[32m 15[2mms[22m[39m
 [32m✓[39m packages/core/src/metrics-collector.test.ts [2m([22m[2m15 tests[22m[2m)[22m[32m 14[2mms[22m[39m
 [32m✓[39m packages/core/src/embedding-provider.test.ts [2m([22m[2m2 tests[22m[2m)[22m[32m 15[2mms[22m[39m
 [32m✓[39m packages/core/src/patch-validator.test.ts [2m([22m[2m15 tests[22m[2m)[22m[32m 17[2mms[22m[39m
 [32m✓[39m packages/core/src/tool-runtime/durable-run-store.test.ts [2m([22m[2m2 tests[22m[2m)[22m[32m 5[2mms[22m[39m
 [32m✓[39m packages/core/src/fim-engine.test.ts [2m([22m[2m25 tests[22m[2m)[22m[32m 21[2mms[22m[39m
 [32m✓[39m packages/core/src/runtime-catalog.test.ts [2m([22m[2m15 tests[22m[2m)[22m[32m 12[2mms[22m[39m
 [32m✓[39m packages/core/src/model-runtime/model-capabilities.test.ts [2m([22m[2m20 tests[22m[2m)[22m[32m 14[2mms[22m[39m
 [32m✓[39m packages/core/src/team-dashboard.test.ts [2m([22m[2m12 tests[22m[2m)[22m[32m 14[2mms[22m[39m
 [32m✓[39m packages/core/src/tool-runtime/verification-rules.test.ts [2m([22m[2m6 tests[22m[2m)[22m[32m 11[2mms[22m[39m
 [32m✓[39m packages/core/src/search-reranker.test.ts [2m([22m[2m10 tests[22m[2m)[22m[32m 13[2mms[22m[39m
 [32m✓[39m packages/core/src/ux-engine.test.ts [2m([22m[2m25 tests[22m[2m)[22m[32m 15[2mms[22m[39m
 [32m✓[39m packages/core/src/self-improvement-policy.test.ts [2m([22m[2m17 tests[22m[2m)[22m[32m 13[2mms[22m[39m
 [32m✓[39m packages/core/src/prompt-cache.test.ts [2m([22m[2m12 tests[22m[2m)[22m[32m 12[2mms[22m[39m
 [32m✓[39m packages/core/src/vision-router.test.ts [2m([22m[2m18 tests[22m[2m)[22m[32m 12[2mms[22m[39m
 [32m✓[39m packages/core/src/search-synthesizer.test.ts [2m([22m[2m12 tests[22m[2m)[22m[32m 14[2mms[22m[39m
 [32m✓[39m packages/core/src/token-counter.test.ts [2m([22m[2m11 tests[22m[2m)[22m[32m 10[2mms[22m[39m
 [32m✓[39m packages/core/src/tool-runtime/approval-gateway.test.ts [2m([22m[2m4 tests[22m[2m)[22m[32m 10[2mms[22m[39m
 [32m✓[39m packages/core/src/tool-runtime/subagent-prerequisite.test.ts [2m([22m[2m2 tests[22m[2m)[22m[32m 9[2mms[22m[39m
 [32m✓[39m packages/core/src/tool-runtime/dependency-graph.test.ts [2m([22m[2m3 tests[22m[2m)[22m[32m 8[2mms[22m[39m
 [32m✓[39m packages/mcp/src/cli.test.ts [2m([22m[2m5 tests[22m[2m)[22m[32m 7[2mms[22m[39m
 [32m✓[39m packages/core/src/execution-heuristics.test.ts [2m([22m[2m4 tests[22m[2m)[22m[32m 5[2mms[22m[39m

[31m⎯⎯⎯⎯⎯⎯⎯[39m[1m[41m Failed Tests 2 [49m[22m[31m⎯⎯⎯⎯⎯⎯⎯[39m

[41m[1m FAIL [22m[49m packages/mcp/src/integration.test.ts[2m > [22mMCP Integration[2m > [22mDanteCode MCP Server[2m > [22mexposes the expanded DanteForge tool set
[31m[1mAssertionError[22m: expected [ 'pdse_score', …(11) ] to deeply equal [ Array(7) ][39m

[32m- Expected[39m
[31m+ Received[39m

[33m@@ -4,6 +4,11 @@[39m
[2m    "constitution_check",[22m
[2m    "lessons_query",[22m
[2m    "semantic_search",[22m
[2m    "record_lesson",[22m
[2m    "autoforge_verify",[22m
[31m+   "web_search",[39m
[31m+   "web_fetch",[39m
[31m+   "smart_extract",[39m
[31m+   "batch_fetch",[39m
[31m+   "spawn_subagent",[39m
[2m  ][22m

[36m [2m❯[22m packages/mcp/src/integration.test.ts:[2m35:34[22m[39m
    [90m 33| [39m  [34mdescribe[39m([32m"DanteCode MCP Server"[39m[33m,[39m () [33m=>[39m {
    [90m 34| [39m    [34mit[39m([32m"exposes the expanded DanteForge tool set"[39m[33m,[39m () [33m=>[39m {
    [90m 35| [39m      [34mexpect[39m([33mEXPOSED_TOOL_NAMES[39m)[33m.[39m[34mtoEqual[39m([
    [90m   | [39m                                 [31m^[39m
    [90m 36| [39m        [32m"pdse_score"[39m[33m,[39m
    [90m 37| [39m        [32m"anti_stub_scan"[39m[33m,[39m

[31m[2m⎯⎯⎯⎯⎯⎯⎯⎯⎯⎯⎯⎯⎯⎯⎯⎯⎯⎯⎯⎯⎯⎯⎯⎯[1/2]⎯[22m[39m

[41m[1m FAIL [22m[49m packages/mcp/src/server.test.ts[2m > [22mMCP Server[2m > [22mEXPOSED_TOOL_NAMES[2m > [22mexposes the correct DanteForge tools
[31m[1mAssertionError[22m: expected [ 'pdse_score', …(11) ] to have a length of 7 but got 12[39m

[32m- Expected[39m
[31m+ Received[39m

[32m- 7[39m
[31m+ 12[39m

[36m [2m❯[22m packages/mcp/src/server.test.ts:[2m49:34[22m[39m
    [90m 47| [39m      [34mexpect[39m([33mEXPOSED_TOOL_NAMES[39m)[33m.[39m[34mtoContain[39m([32m"record_lesson"[39m)[33m;[39m
    [90m 48| [39m      [34mexpect[39m([33mEXPOSED_TOOL_NAMES[39m)[33m.[39m[34mtoContain[39m([32m"autoforge_verify"[39m)[33m;[39m
    [90m 49| [39m      [34mexpect[39m([33mEXPOSED_TOOL_NAMES[39m)[33m.[39m[34mtoHaveLength[39m([34m7[39m)[33m;[39m
    [90m   | [39m                                 [31m^[39m
    [90m 50| [39m    })[33m;[39m
    [90m 51| [39m  })[33m;[39m

[31m[2m⎯⎯⎯⎯⎯⎯⎯⎯⎯⎯⎯⎯⎯⎯⎯⎯⎯⎯⎯⎯⎯⎯⎯⎯[2/2]⎯[22m[39m


[2m Test Files [22m [1m[31m2 failed[39m[22m[2m | [22m[1m[32m92 passed[39m[22m[90m (94)[39m
[2m      Tests [22m [1m[31m2 failed[39m[22m[2m | [22m[1m[32m1865 passed[39m[22m[90m (1867)[39m
[2m   Start at [22m 21:35:03
[2m   Duration [22m 7.63s[2m (transform 15.21s, setup 0ms, collect 26.88s, tests 9.57s, environment 33ms, prepare 22.52s)[22m

