
> dantecode@0.9.2 test
> turbo run test

• turbo 2.8.17
• Packages in scope: @dantecode/agent-orchestrator, @dantecode/automation-engine, @dantecode/cli, @dantecode/config-types, @dantecode/core, @dantecode/dante-gaslight, @dantecode/dante-sandbox, @dantecode/dante-skillbook, @dantecode/danteforge, @dantecode/debug-trail, @dantecode/desktop, @dantecode/evidence-chain, @dantecode/git-engine, @dantecode/mcp, @dantecode/memory-engine, @dantecode/observability, @dantecode/runtime-spine, @dantecode/sandbox, @dantecode/skill-adapter, @dantecode/skills-export, @dantecode/skills-import, @dantecode/skills-policy, @dantecode/skills-registry, @dantecode/skills-runtime, @dantecode/ux-polish, @dantecode/web-extractor, @dantecode/web-research, @dantecode/workspace, dantecode
• Running test in 29 packages
• Remote caching disabled
@dantecode/evidence-chain:build: cache hit, replaying logs 17d4a48f53fccca3
@dantecode/evidence-chain:build: 
@dantecode/evidence-chain:build: > @dantecode/evidence-chain@0.9.2 build
@dantecode/evidence-chain:build: > tsup src/index.ts --format esm --dts
@dantecode/evidence-chain:build: 
@dantecode/evidence-chain:build: [34mCLI[39m Building entry: src/index.ts
@dantecode/evidence-chain:build: [34mCLI[39m Using tsconfig: tsconfig.json
@dantecode/evidence-chain:build: [34mCLI[39m tsup v8.5.1
@dantecode/evidence-chain:build: [34mCLI[39m Target: es2022
@dantecode/evidence-chain:build: [34mESM[39m Build start
@dantecode/evidence-chain:build: [32mESM[39m [1mdist\index.js [22m[32m31.32 KB[39m
@dantecode/evidence-chain:build: [32mESM[39m ⚡️ Build success in 41ms
@dantecode/evidence-chain:build: [34mDTS[39m Build start
@dantecode/evidence-chain:build: [32mDTS[39m ⚡️ Build success in 2040ms
@dantecode/evidence-chain:build: [32mDTS[39m [1mdist\index.d.ts [22m[32m14.63 KB[39m
@dantecode/config-types:build: cache hit, replaying logs feb7fc9df6edfef6
@dantecode/config-types:build: 
@dantecode/config-types:build: > @dantecode/config-types@0.9.2 build
@dantecode/config-types:build: > node -e "['index.d.ts','index.d.ts.map'].forEach(f=>{try{require('fs').unlinkSync('dist/'+f)}catch{}})" && tsup src/index.ts --format esm --dts
@dantecode/config-types:build: 
@dantecode/config-types:build: [34mCLI[39m Building entry: src/index.ts
@dantecode/config-types:build: [34mCLI[39m Using tsconfig: tsconfig.json
@dantecode/config-types:build: [34mCLI[39m tsup v8.5.1
@dantecode/config-types:build: [34mCLI[39m Target: es2022
@dantecode/config-types:build: [34mESM[39m Build start
@dantecode/config-types:build: [32mESM[39m [1mdist\index.js [22m[32m70.00 B[39m
@dantecode/config-types:build: [32mESM[39m ⚡️ Build success in 21ms
@dantecode/config-types:build: [34mDTS[39m Build start
@dantecode/config-types:build: [32mDTS[39m ⚡️ Build success in 783ms
@dantecode/config-types:build: [32mDTS[39m [1mdist\index.d.ts [22m[32m27.27 KB[39m
@dantecode/skills-export:build: cache hit, replaying logs a02a6bce7b0f8cf8
@dantecode/skills-export:build: 
@dantecode/skills-export:build: > @dantecode/skills-export@0.9.2 build
@dantecode/skills-export:build: > node -e "['index.d.ts','index.d.ts.map'].forEach(f=>{try{require('fs').unlinkSync('dist/'+f)}catch{}})" && tsup src/index.ts --format esm --dts
@dantecode/skills-export:build: 
@dantecode/skills-export:build: [34mCLI[39m Building entry: src/index.ts
@dantecode/skills-export:build: [34mCLI[39m Using tsconfig: tsconfig.json
@dantecode/skills-export:build: [34mCLI[39m tsup v8.5.1
@dantecode/skills-export:build: [34mCLI[39m Target: es2022
@dantecode/skills-export:build: [34mESM[39m Build start
@dantecode/skills-export:build: [32mESM[39m [1mdist\index.js [22m[32m4.74 KB[39m
@dantecode/skills-export:build: [32mESM[39m ⚡️ Build success in 43ms
@dantecode/skills-export:build: [34mDTS[39m Build start
@dantecode/skills-export:build: [32mDTS[39m ⚡️ Build success in 1946ms
@dantecode/skills-export:build: [32mDTS[39m [1mdist\index.d.ts [22m[32m3.93 KB[39m
@dantecode/skills-registry:build: cache hit, replaying logs d1690e0689a78ee9
@dantecode/skills-registry:build: 
@dantecode/skills-registry:build: > @dantecode/skills-registry@0.9.2 build
@dantecode/skills-registry:build: > node -e "['index.d.ts','index.d.ts.map'].forEach(f=>{try{require('fs').unlinkSync('dist/'+f)}catch{}})" && tsup src/index.ts --format esm --dts
@dantecode/skills-registry:build: 
@dantecode/skills-registry:build: [34mCLI[39m Building entry: src/index.ts
@dantecode/skills-registry:build: [34mCLI[39m Using tsconfig: tsconfig.json
@dantecode/skills-registry:build: [34mCLI[39m tsup v8.5.1
@dantecode/skills-registry:build: [34mCLI[39m Target: es2022
@dantecode/skills-registry:build: [34mESM[39m Build start
@dantecode/skills-registry:build: [32mESM[39m [1mdist\index.js [22m[32m6.94 KB[39m
@dantecode/skills-registry:build: [32mESM[39m ⚡️ Build success in 34ms
@dantecode/skills-registry:build: [34mDTS[39m Build start
@dantecode/skills-registry:build: [32mDTS[39m ⚡️ Build success in 1982ms
@dantecode/skills-registry:build: [32mDTS[39m [1mdist\index.d.ts [22m[32m3.90 KB[39m
@dantecode/observability:build: cache hit, replaying logs 7224f18d9d90b656
@dantecode/observability:build: 
@dantecode/observability:build: > @dantecode/observability@0.9.2 build
@dantecode/observability:build: > tsup
@dantecode/observability:build: 
@dantecode/observability:build: [34mCLI[39m Building entry: src/index.ts
@dantecode/observability:build: [34mCLI[39m Using tsconfig: tsconfig.json
@dantecode/observability:build: [34mCLI[39m tsup v8.5.1
@dantecode/observability:build: [34mCLI[39m Using tsup config: C:\Projects\DanteCode\packages\observability\tsup.config.ts
@dantecode/observability:build: [34mCLI[39m Target: es2022
@dantecode/observability:build: [34mCLI[39m Cleaning output folder
@dantecode/observability:build: [34mESM[39m Build start
@dantecode/observability:build: [32mESM[39m [1mdist\index.js [22m[32m10.58 KB[39m
@dantecode/observability:build: [32mESM[39m ⚡️ Build success in 81ms
@dantecode/observability:build: [34mDTS[39m Build start
@dantecode/observability:build: [32mDTS[39m ⚡️ Build success in 1581ms
@dantecode/observability:build: [32mDTS[39m [1mdist\index.d.ts [22m[32m8.57 KB[39m
@dantecode/skills-policy:build: cache hit, replaying logs a457860196d3ed9a
@dantecode/skills-policy:build: 
@dantecode/skills-policy:build: > @dantecode/skills-policy@0.9.2 build
@dantecode/skills-policy:build: > node -e "['index.d.ts','index.d.ts.map'].forEach(f=>{try{require('fs').unlinkSync('dist/'+f)}catch{}})" && tsup src/index.ts --format esm --dts
@dantecode/skills-policy:build: 
@dantecode/skills-policy:build: [34mCLI[39m Building entry: src/index.ts
@dantecode/skills-policy:build: [34mCLI[39m Using tsconfig: tsconfig.json
@dantecode/skills-policy:build: [34mCLI[39m tsup v8.5.1
@dantecode/skills-policy:build: [34mCLI[39m Target: es2022
@dantecode/skills-policy:build: [34mESM[39m Build start
@dantecode/skills-policy:build: [32mESM[39m [1mdist\index.js [22m[32m2.46 KB[39m
@dantecode/skills-policy:build: [32mESM[39m ⚡️ Build success in 39ms
@dantecode/skills-policy:build: [34mDTS[39m Build start
@dantecode/skills-policy:build: [32mDTS[39m ⚡️ Build success in 1868ms
@dantecode/skills-policy:build: [32mDTS[39m [1mdist\index.d.ts [22m[32m3.62 KB[39m
@dantecode/runtime-spine:build: cache hit, replaying logs ff44c1a3bf918d8d
@dantecode/runtime-spine:build: 
@dantecode/evidence-chain:test: cache hit, replaying logs c3e7ca4cdf587219
@dantecode/runtime-spine:build: > @dantecode/runtime-spine@0.9.2 build
@dantecode/runtime-spine:build: > node -e "['index.d.ts','index.d.ts.map'].forEach(f=>{try{require('fs').unlinkSync('dist/'+f)}catch{}})" && tsup src/index.ts --format esm --dts
@dantecode/runtime-spine:build: 
@dantecode/runtime-spine:build: [34mCLI[39m Building entry: src/index.ts
@dantecode/runtime-spine:build: [34mCLI[39m Using tsconfig: tsconfig.json
@dantecode/runtime-spine:build: [34mCLI[39m tsup v8.5.1
@dantecode/runtime-spine:build: [34mCLI[39m Target: es2022
@dantecode/runtime-spine:build: [34mESM[39m Build start
@dantecode/runtime-spine:build: [32mESM[39m [1mdist\index.js [22m[32m29.67 KB[39m
@dantecode/runtime-spine:build: [32mESM[39m ⚡️ Build success in 49ms
@dantecode/runtime-spine:build: [34mDTS[39m Build start
@dantecode/runtime-spine:build: [32mDTS[39m ⚡️ Build success in 2374ms
@dantecode/runtime-spine:build: [32mDTS[39m [1mdist\index.d.ts [22m[32m144.54 KB[39m
@dantecode/evidence-chain:test: 
@dantecode/evidence-chain:test: > @dantecode/evidence-chain@0.9.2 test
@dantecode/evidence-chain:test: > vitest run --config ../../vitest.package.config.ts
@dantecode/evidence-chain:test: 
@dantecode/evidence-chain:test: 
@dantecode/evidence-chain:test: [1m[46m RUN [49m[22m [36mv3.2.4 [39m[90mC:/Projects/DanteCode/packages/evidence-chain[39m
@dantecode/evidence-chain:test: 
@dantecode/evidence-chain:test:  [32m✓[39m src/__tests__/evidence-sealer.test.ts [2m([22m[2m12 tests[22m[2m)[22m[32m 13[2mms[22m[39m
@dantecode/evidence-chain:test:  [32m✓[39m src/__tests__/property-tests.test.ts [2m([22m[2m17 tests[22m[2m)[22m[33m 773[2mms[22m[39m
@dantecode/evidence-chain:test:  [32m✓[39m src/__tests__/evidence-bundle.test.ts [2m([22m[2m12 tests[22m[2m)[22m[32m 13[2mms[22m[39m
@dantecode/evidence-chain:test:  [32m✓[39m src/__tests__/chain-exporter.test.ts [2m([22m[2m17 tests[22m[2m)[22m[32m 22[2mms[22m[39m
@dantecode/evidence-chain:test:  [32m✓[39m src/__tests__/tamper-detection.test.ts [2m([22m[2m5 tests[22m[2m)[22m[32m 77[2mms[22m[39m
@dantecode/evidence-chain:test:  [32m✓[39m src/__tests__/hash-chain.test.ts [2m([22m[2m12 tests[22m[2m)[22m[32m 58[2mms[22m[39m
@dantecode/evidence-chain:test:  [32m✓[39m src/__tests__/chain-verifier.test.ts [2m([22m[2m17 tests[22m[2m)[22m[32m 22[2mms[22m[39m
@dantecode/evidence-chain:test:  [32m✓[39m src/__tests__/receipt.test.ts [2m([22m[2m10 tests[22m[2m)[22m[32m 71[2mms[22m[39m
@dantecode/evidence-chain:test:  [32m✓[39m src/__tests__/merkle-tree.test.ts [2m([22m[2m13 tests[22m[2m)[22m[33m 2092[2mms[22m[39m
@dantecode/evidence-chain:test:    [33m[2m✓[22m[39m MerkleTree[2m > [22mlarge tree (1000 leaves): proof verification for leaf #500 succeeds [33m 2081[2mms[22m[39m
@dantecode/evidence-chain:test: 
@dantecode/evidence-chain:test: [2m Test Files [22m [1m[32m9 passed[39m[22m[90m (9)[39m
@dantecode/evidence-chain:test: [2m      Tests [22m [1m[32m115 passed[39m[22m[90m (115)[39m
@dantecode/evidence-chain:test: [2m   Start at [22m 10:19:20
@dantecode/evidence-chain:test: [2m   Duration [22m 5.00s[2m (transform 6.46s, setup 3.26s, collect 7.69s, tests 3.14s, environment 3ms, prepare 4.32s)[22m
@dantecode/evidence-chain:test: 
@dantecode/config-types:test: cache hit, replaying logs 5ebe3a541529e5c1
@dantecode/config-types:test: 
@dantecode/config-types:test: > @dantecode/config-types@0.9.2 test
@dantecode/config-types:test: > echo 'no tests for types package'
@dantecode/config-types:test: 
@dantecode/config-types:test: 'no tests for types package'
@dantecode/skills-export:test: cache hit, replaying logs 1221c51280265f00
@dantecode/skills-export:test: 
@dantecode/skills-export:test: > @dantecode/skills-export@0.9.2 test
@dantecode/skills-export:test: > vitest run --config ../../vitest.package.config.ts
@dantecode/skills-export:test: 
@dantecode/skills-export:test: 
@dantecode/skills-export:test: [1m[46m RUN [49m[22m [36mv3.2.4 [39m[90mC:/Projects/DanteCode/packages/skills-export[39m
@dantecode/skills-export:test: 
@dantecode/skills-export:test:  [32m✓[39m src/skills-export.test.ts [2m([22m[2m29 tests[22m[2m)[22m[33m 312[2mms[22m[39m
@dantecode/skills-export:test: 
@dantecode/skills-export:test: [2m Test Files [22m [1m[32m1 passed[39m[22m[90m (1)[39m
@dantecode/skills-export:test: [2m      Tests [22m [1m[32m29 passed[39m[22m[90m (29)[39m
@dantecode/skills-export:test: [2m   Start at [22m 10:19:20
@dantecode/skills-export:test: [2m   Duration [22m 4.42s[2m (transform 1.43s, setup 755ms, collect 330ms, tests 312ms, environment 0ms, prepare 1.49s)[22m
@dantecode/skills-export:test: 
@dantecode/skills-registry:test: cache hit, replaying logs 96fb56d9688c4f8d
@dantecode/skills-registry:test: 
@dantecode/skills-registry:test: > @dantecode/skills-registry@0.9.2 test
@dantecode/skills-registry:test: > vitest run --config ../../vitest.package.config.ts
@dantecode/skills-registry:test: 
@dantecode/skills-registry:test: 
@dantecode/skills-registry:test: [1m[46m RUN [49m[22m [36mv3.2.4 [39m[90mC:/Projects/DanteCode/packages/skills-registry[39m
@dantecode/skills-registry:test: 
@dantecode/skills-registry:test:  [32m✓[39m src/skills-registry.test.ts [2m([22m[2m30 tests[22m[2m)[22m[33m 734[2mms[22m[39m
@dantecode/skills-registry:test:    [33m[2m✓[22m[39m Full flow[2m > [22mtest 29 — discoverSkills → SkillRegistry.register → resolveSkillPrecedence → lookup [33m 518[2mms[22m[39m
@dantecode/skills-registry:test: 
@dantecode/skills-registry:test: [2m Test Files [22m [1m[32m1 passed[39m[22m[90m (1)[39m
@dantecode/skills-registry:test: [2m      Tests [22m [1m[32m30 passed[39m[22m[90m (30)[39m
@dantecode/skills-registry:test: [2m   Start at [22m 10:19:20
@dantecode/skills-registry:test: [2m   Duration [22m 5.13s[2m (transform 2.48s, setup 467ms, collect 2.48s, tests 734ms, environment 0ms, prepare 659ms)[22m
@dantecode/skills-registry:test: 
@dantecode/observability:test: cache hit, replaying logs 421ca2b38cf3bc21
@dantecode/observability:test: 
@dantecode/observability:test: > @dantecode/observability@0.9.2 test
@dantecode/observability:test: > vitest run --config ../../vitest.package.config.ts
@dantecode/observability:test: 
@dantecode/observability:test: 
@dantecode/observability:test: [1m[46m RUN [49m[22m [36mv3.2.4 [39m[90mC:/Projects/DanteCode/packages/observability[39m
@dantecode/observability:test: 
@dantecode/observability:test:  [32m✓[39m src/metric-counter.test.ts [2m([22m[2m32 tests[22m[2m)[22m[32m 13[2mms[22m[39m
@dantecode/observability:test:  [32m✓[39m src/trace-recorder.test.ts [2m([22m[2m30 tests[22m[2m)[22m[32m 17[2mms[22m[39m
@dantecode/observability:test:  [32m✓[39m src/health-surface.test.ts [2m([22m[2m22 tests[22m[2m)[22m[32m 229[2mms[22m[39m
@dantecode/observability:test: 
@dantecode/observability:test: [2m Test Files [22m [1m[32m3 passed[39m[22m[90m (3)[39m
@dantecode/observability:test: [2m      Tests [22m [1m[32m84 passed[39m[22m[90m (84)[39m
@dantecode/observability:test: [2m   Start at [22m 10:19:20
@dantecode/observability:test: [2m   Duration [22m 4.77s[2m (transform 3.20s, setup 8.57s, collect 455ms, tests 259ms, environment 1ms, prepare 1.49s)[22m
@dantecode/observability:test: 
@dantecode/skills-policy:test: cache hit, replaying logs 8ea488fec1aa2882
@dantecode/skills-policy:test: 
@dantecode/skills-policy:test: > @dantecode/skills-policy@0.9.2 test
@dantecode/skills-policy:test: > vitest run --config ../../vitest.package.config.ts
@dantecode/skills-policy:test: 
@dantecode/skills-policy:test: 
@dantecode/skills-policy:test: [1m[46m RUN [49m[22m [36mv3.2.4 [39m[90mC:/Projects/DanteCode/packages/skills-policy[39m
@dantecode/skills-policy:test: 
@dantecode/skills-policy:test:  [32m✓[39m src/skills-policy.test.ts [2m([22m[2m25 tests[22m[2m)[22m[32m 14[2mms[22m[39m
@dantecode/skills-policy:test: 
@dantecode/skills-policy:test: [2m Test Files [22m [1m[32m1 passed[39m[22m[90m (1)[39m
@dantecode/skills-policy:test: [2m      Tests [22m [1m[32m25 passed[39m[22m[90m (25)[39m
@dantecode/skills-policy:test: [2m   Start at [22m 10:19:20
@dantecode/skills-policy:test: [2m   Duration [22m 3.57s[2m (transform 1.64s, setup 906ms, collect 1.15s, tests 14ms, environment 0ms, prepare 353ms)[22m
@dantecode/skills-policy:test: 
@dantecode/skills-runtime:build: cache hit, replaying logs 6d28a5f9de01bab2
@dantecode/skills-runtime:build: 
@dantecode/skills-runtime:build: > @dantecode/skills-runtime@0.9.2 build
@dantecode/skills-runtime:build: > node -e "['index.d.ts','index.d.ts.map'].forEach(f=>{try{require('fs').unlinkSync('dist/'+f)}catch{}})" && tsup src/index.ts --format esm --dts
@dantecode/skills-runtime:build: 
@dantecode/skills-runtime:build: [34mCLI[39m Building entry: src/index.ts
@dantecode/skills-runtime:build: [34mCLI[39m Using tsconfig: tsconfig.json
@dantecode/skills-runtime:build: [34mCLI[39m tsup v8.5.1
@dantecode/skills-runtime:build: [34mCLI[39m Target: es2022
@dantecode/skills-runtime:build: [34mESM[39m Build start
@dantecode/skills-runtime:build: [32mESM[39m [1mdist\index.js [22m[32m20.12 KB[39m
@dantecode/skills-runtime:build: [32mESM[39m ⚡️ Build success in 32ms
@dantecode/skills-runtime:build: [34mDTS[39m Build start
@dantecode/skills-runtime:build: [32mDTS[39m ⚡️ Build success in 1189ms
@dantecode/skills-runtime:build: [32mDTS[39m [1mdist\index.d.ts [22m[32m10.66 KB[39m
@dantecode/web-research:build: cache hit, replaying logs 9a392dd41b2d69d9
@dantecode/dante-gaslight:build: cache hit, replaying logs a47b4fde13cac623
@dantecode/dante-gaslight:build: 
@dantecode/dante-gaslight:build: > @dantecode/dante-gaslight@0.9.2 build
@dantecode/dante-gaslight:build: > node -e "['index.d.ts','index.d.ts.map'].forEach(f=>{try{require('fs').unlinkSync('dist/'+f)}catch{}})" && tsup src/index.ts --format esm --dts
@dantecode/dante-gaslight:build: 
@dantecode/dante-gaslight:build: [34mCLI[39m Building entry: src/index.ts
@dantecode/dante-gaslight:build: [34mCLI[39m Using tsconfig: tsconfig.json
@dantecode/dante-gaslight:build: [34mCLI[39m tsup v8.5.1
@dantecode/dante-gaslight:build: [34mCLI[39m Target: es2022
@dantecode/dante-gaslight:build: [34mESM[39m Build start
@dantecode/dante-gaslight:build: [32mESM[39m [1mdist\index.js [22m[32m77.89 KB[39m
@dantecode/dante-gaslight:build: [32mESM[39m ⚡️ Build success in 41ms
@dantecode/dante-gaslight:build: [34mDTS[39m Build start
@dantecode/dante-gaslight:build: [32mDTS[39m ⚡️ Build success in 1537ms
@dantecode/dante-gaslight:build: [32mDTS[39m [1mdist\index.d.ts [22m[32m52.32 KB[39m
@dantecode/runtime-spine:test: cache hit, replaying logs 23f518b39d101008
@dantecode/web-research:build: 
@dantecode/web-research:build: > @dantecode/web-research@0.9.2 build
@dantecode/web-research:build: > node -e "['index.d.ts','index.d.ts.map'].forEach(f=>{try{require('fs').unlinkSync('dist/'+f)}catch{}})" && tsup src/index.ts --format esm --dts
@dantecode/web-research:build: 
@dantecode/web-research:build: [34mCLI[39m Building entry: src/index.ts
@dantecode/web-research:build: [34mCLI[39m Using tsconfig: tsconfig.json
@dantecode/web-research:build: [34mCLI[39m tsup v8.5.1
@dantecode/web-research:build: [34mCLI[39m Target: es2022
@dantecode/web-research:build: [34mESM[39m Build start
@dantecode/runtime-spine:test: 
@dantecode/web-research:build: [32mESM[39m [1mdist\index.js [22m[32m16.61 KB[39m
@dantecode/runtime-spine:test: > @dantecode/runtime-spine@0.9.2 test
@dantecode/runtime-spine:test: > vitest run --config ../../vitest.package.config.ts
@dantecode/runtime-spine:test: 
@dantecode/web-research:build: [32mESM[39m ⚡️ Build success in 37ms
@dantecode/web-research:build: [34mDTS[39m Build start
@dantecode/web-research:build: [32mDTS[39m ⚡️ Build success in 1362ms
@dantecode/web-research:build: [32mDTS[39m [1mdist\index.d.ts [22m[32m7.01 KB[39m
@dantecode/runtime-spine:test: 
@dantecode/runtime-spine:test: [1m[46m RUN [49m[22m [36mv3.2.4 [39m[90mC:/Projects/DanteCode/packages/runtime-spine[39m
@dantecode/runtime-spine:test: 
@dantecode/runtime-spine:test: [90mstderr[2m | src/runtime-events.test.ts
@dantecode/runtime-spine:test: [22m[39mWarning: Could not configure git (tests using git may fail): Error: Command failed: git config --global user.name DanteCode Test Runner
@dantecode/runtime-spine:test: [90m    at genericNodeError (node:internal/errors:985:15)[39m
@dantecode/runtime-spine:test: [90m    at wrappedFn (node:internal/errors:539:14)[39m
@dantecode/runtime-spine:test: [90m    at checkExecSyncError (node:child_process:925:11)[39m
@dantecode/runtime-spine:test: [90m    at Proxy.execFileSync (node:child_process:961:15)[39m
@dantecode/runtime-spine:test:     at C:\Projects\DanteCode\test-setup.ts:22:3
@dantecode/runtime-spine:test: [90m    at processTicksAndRejections (node:internal/process/task_queues:103:5)[39m
@dantecode/runtime-spine:test:     at VitestExecutor.runModule (file:///C:/Projects/DanteCode/node_modules/[4mvite-node[24m/dist/client.mjs:397:4)
@dantecode/runtime-spine:test:     at VitestExecutor.directRequest (file:///C:/Projects/DanteCode/node_modules/[4mvite-node[24m/dist/client.mjs:375:3)
@dantecode/runtime-spine:test:     at VitestExecutor.cachedRequest (file:///C:/Projects/DanteCode/node_modules/[4mvite-node[24m/dist/client.mjs:189:11)
@dantecode/runtime-spine:test:     at VitestExecutor.executeId (file:///C:/Projects/DanteCode/node_modules/[4mvite-node[24m/dist/client.mjs:166:10) {
@dantecode/runtime-spine:test:   status: [33m255[39m,
@dantecode/runtime-spine:test:   signal: [1mnull[22m,
@dantecode/runtime-spine:test:   output: [ [1mnull[22m, [1mnull[22m, [1mnull[22m ],
@dantecode/runtime-spine:test:   pid: [33m33492[39m,
@dantecode/runtime-spine:test:   stdout: [1mnull[22m,
@dantecode/runtime-spine:test:   stderr: [1mnull[22m
@dantecode/runtime-spine:test: }
@dantecode/runtime-spine:test: 
@dantecode/runtime-spine:test:  [32m✓[39m src/runtime-events.test.ts [2m([22m[2m50 tests[22m[2m)[22m[32m 27[2mms[22m[39m
@dantecode/runtime-spine:test:  [32m✓[39m src/index.test.ts [2m([22m[2m6 tests[22m[2m)[22m[32m 13[2mms[22m[39m
@dantecode/runtime-spine:test: 
@dantecode/runtime-spine:test: [2m Test Files [22m [1m[32m2 passed[39m[22m[90m (2)[39m
@dantecode/runtime-spine:test: [2m      Tests [22m [1m[32m56 passed[39m[22m[90m (56)[39m
@dantecode/runtime-spine:test: [2m   Start at [22m 10:19:20
@dantecode/runtime-spine:test: [2m   Duration [22m 4.70s[2m (transform 1.98s, setup 1.59s, collect 1.38s, tests 40ms, environment 1ms, prepare 2.31s)[22m
@dantecode/runtime-spine:test: 
@dantecode/core:build: cache miss, executing 2a9248ba7f6cdee2
@dantecode/skills-import:build: cache hit, replaying logs 1519e95530f9437a
@dantecode/skills-import:build: 
@dantecode/skills-import:build: > @dantecode/skills-import@0.9.2 build
@dantecode/skills-import:build: > node -e "['index.d.ts','index.d.ts.map'].forEach(f=>{try{require('fs').unlinkSync('dist/'+f)}catch{}})" && tsup src/index.ts --format esm --dts
@dantecode/skills-import:build: 
@dantecode/skills-import:build: [34mCLI[39m Building entry: src/index.ts
@dantecode/skills-import:build: [34mCLI[39m Using tsconfig: tsconfig.json
@dantecode/skills-import:build: [34mCLI[39m tsup v8.5.1
@dantecode/skills-import:build: [34mCLI[39m Target: es2022
@dantecode/skills-import:build: [34mESM[39m Build start
@dantecode/skills-import:build: [32mESM[39m [1mdist\index.js [22m[32m9.99 KB[39m
@dantecode/skills-import:build: [32mESM[39m ⚡️ Build success in 25ms
@dantecode/skills-import:build: [34mDTS[39m Build start
@dantecode/skills-import:build: [32mDTS[39m ⚡️ Build success in 1086ms
@dantecode/skills-import:build: [32mDTS[39m [1mdist\index.d.ts [22m[32m3.27 KB[39m
@dantecode/skills-runtime:test: cache hit, replaying logs f8bb67021cebaf61
@dantecode/skills-runtime:test: 
@dantecode/skills-runtime:test: > @dantecode/skills-runtime@0.9.2 test
@dantecode/skills-runtime:test: > vitest run --config ../../vitest.package.config.ts
@dantecode/skills-runtime:test: 
@dantecode/skills-runtime:test: 
@dantecode/skills-runtime:test: [1m[46m RUN [49m[22m [36mv3.2.4 [39m[90mC:/Projects/DanteCode/packages/skills-runtime[39m
@dantecode/skills-runtime:test: 
@dantecode/skills-runtime:test:  [32m✓[39m src/skill-chain.test.ts [2m([22m[2m39 tests[22m[2m)[22m[32m 183[2mms[22m[39m
@dantecode/skills-runtime:test:  [32m✓[39m src/dante-skill.test.ts [2m([22m[2m55 tests[22m[2m)[22m[32m 122[2mms[22m[39m
@dantecode/skills-runtime:test:  [32m✓[39m src/run-skill-events.test.ts [2m([22m[2m20 tests[22m[2m)[22m[32m 244[2mms[22m[39m
@dantecode/skills-runtime:test: 
@dantecode/skills-runtime:test: [2m Test Files [22m [1m[32m3 passed[39m[22m[90m (3)[39m
@dantecode/skills-runtime:test: [2m      Tests [22m [1m[32m114 passed[39m[22m[90m (114)[39m
@dantecode/skills-runtime:test: [2m   Start at [22m 10:19:20
@dantecode/skills-runtime:test: [2m   Duration [22m 4.96s[2m (transform 3.93s, setup 5.81s, collect 2.58s, tests 549ms, environment 1ms, prepare 1.60s)[22m
@dantecode/skills-runtime:test: 
@dantecode/dante-gaslight:test: cache hit, replaying logs c0a284dbe14b1900
@dantecode/dante-gaslight:test: 
@dantecode/dante-gaslight:test: > @dantecode/dante-gaslight@0.9.2 test
@dantecode/dante-gaslight:test: > vitest run --config ../../vitest.package.config.ts
@dantecode/dante-gaslight:test: 
@dantecode/dante-gaslight:test: 
@dantecode/dante-gaslight:test: [1m[46m RUN [49m[22m [36mv3.2.4 [39m[90mC:/Projects/DanteCode/packages/dante-gaslight[39m
@dantecode/dante-gaslight:test: 
@dantecode/dante-gaslight:test: [90mstderr[2m | src/attack-patterns.test.ts
@dantecode/dante-gaslight:test: [22m[39mWarning: Could not configure git (tests using git may fail): Error: Command failed: git config --global user.email test@dantecode.dev
@dantecode/dante-gaslight:test: [90m    at genericNodeError (node:internal/errors:985:15)[39m
@dantecode/dante-gaslight:test: [90m    at wrappedFn (node:internal/errors:539:14)[39m
@dantecode/dante-gaslight:test: [90m    at checkExecSyncError (node:child_process:925:11)[39m
@dantecode/dante-gaslight:test: [90m    at Proxy.execFileSync (node:child_process:961:15)[39m
@dantecode/dante-gaslight:test:     at C:\Projects\DanteCode\test-setup.ts:23:3
@dantecode/dante-gaslight:test: [90m    at processTicksAndRejections (node:internal/process/task_queues:103:5)[39m
@dantecode/dante-gaslight:test:     at VitestExecutor.runModule (file:///C:/Projects/DanteCode/node_modules/[4mvite-node[24m/dist/client.mjs:397:4)
@dantecode/dante-gaslight:test:     at VitestExecutor.directRequest (file:///C:/Projects/DanteCode/node_modules/[4mvite-node[24m/dist/client.mjs:375:3)
@dantecode/dante-gaslight:test:     at VitestExecutor.cachedRequest (file:///C:/Projects/DanteCode/node_modules/[4mvite-node[24m/dist/client.mjs:189:11)
@dantecode/dante-gaslight:test:     at VitestExecutor.executeId (file:///C:/Projects/DanteCode/node_modules/[4mvite-node[24m/dist/client.mjs:166:10) {
@dantecode/dante-gaslight:test:   status: [33m255[39m,
@dantecode/dante-gaslight:test:   signal: [1mnull[22m,
@dantecode/dante-gaslight:test:   output: [ [1mnull[22m, [1mnull[22m, [1mnull[22m ],
@dantecode/dante-gaslight:test:   pid: [33m33508[39m,
@dantecode/dante-gaslight:test:   stdout: [1mnull[22m,
@dantecode/dante-gaslight:test:   stderr: [1mnull[22m
@dantecode/dante-gaslight:test: }
@dantecode/dante-gaslight:test: 
@dantecode/dante-gaslight:test: [90mstderr[2m | src/budget-controller.test.ts
@dantecode/dante-gaslight:test: [22m[39mWarning: Could not configure git (tests using git may fail): Error: Command failed: git config --global user.email test@dantecode.dev
@dantecode/dante-gaslight:test: [90m    at genericNodeError (node:internal/errors:985:15)[39m
@dantecode/dante-gaslight:test: [90m    at wrappedFn (node:internal/errors:539:14)[39m
@dantecode/dante-gaslight:test: [90m    at checkExecSyncError (node:child_process:925:11)[39m
@dantecode/dante-gaslight:test: [90m    at Proxy.execFileSync (node:child_process:961:15)[39m
@dantecode/dante-gaslight:test:     at C:\Projects\DanteCode\test-setup.ts:23:3
@dantecode/dante-gaslight:test: [90m    at processTicksAndRejections (node:internal/process/task_queues:103:5)[39m
@dantecode/dante-gaslight:test:     at VitestExecutor.runModule (file:///C:/Projects/DanteCode/node_modules/[4mvite-node[24m/dist/client.mjs:397:4)
@dantecode/dante-gaslight:test:     at VitestExecutor.directRequest (file:///C:/Projects/DanteCode/node_modules/[4mvite-node[24m/dist/client.mjs:375:3)
@dantecode/dante-gaslight:test:     at VitestExecutor.cachedRequest (file:///C:/Projects/DanteCode/node_modules/[4mvite-node[24m/dist/client.mjs:189:11)
@dantecode/dante-gaslight:test:     at VitestExecutor.executeId (file:///C:/Projects/DanteCode/node_modules/[4mvite-node[24m/dist/client.mjs:166:10) {
@dantecode/dante-gaslight:test:   status: [33m255[39m,
@dantecode/dante-gaslight:test:   signal: [1mnull[22m,
@dantecode/dante-gaslight:test:   output: [ [1mnull[22m, [1mnull[22m, [1mnull[22m ],
@dantecode/dante-gaslight:test:   pid: [33m26976[39m,
@dantecode/dante-gaslight:test:   stdout: [1mnull[22m,
@dantecode/dante-gaslight:test:   stderr: [1mnull[22m
@dantecode/dante-gaslight:test: }
@dantecode/dante-gaslight:test: 
@dantecode/dante-gaslight:test: [90mstderr[2m | src/session-store.test.ts
@dantecode/dante-gaslight:test: [22m[39mWarning: Could not configure git (tests using git may fail): Error: Command failed: git config --global user.email test@dantecode.dev
@dantecode/dante-gaslight:test: [90m    at genericNodeError (node:internal/errors:985:15)[39m
@dantecode/dante-gaslight:test: [90m    at wrappedFn (node:internal/errors:539:14)[39m
@dantecode/dante-gaslight:test: [90m    at checkExecSyncError (node:child_process:925:11)[39m
@dantecode/dante-gaslight:test: [90m    at Proxy.execFileSync (node:child_process:961:15)[39m
@dantecode/dante-gaslight:test:     at C:\Projects\DanteCode\test-setup.ts:23:3
@dantecode/dante-gaslight:test: [90m    at processTicksAndRejections (node:internal/process/task_queues:103:5)[39m
@dantecode/dante-gaslight:test:     at VitestExecutor.runModule (file:///C:/Projects/DanteCode/node_modules/[4mvite-node[24m/dist/client.mjs:397:4)
@dantecode/dante-gaslight:test:     at VitestExecutor.directRequest (file:///C:/Projects/DanteCode/node_modules/[4mvite-node[24m/dist/client.mjs:375:3)
@dantecode/dante-gaslight:test:     at VitestExecutor.cachedRequest (file:///C:/Projects/DanteCode/node_modules/[4mvite-node[24m/dist/client.mjs:189:11)
@dantecode/dante-gaslight:test:     at VitestExecutor.executeId (file:///C:/Projects/DanteCode/node_modules/[4mvite-node[24m/dist/client.mjs:166:10) {
@dantecode/dante-gaslight:test:   status: [33m255[39m,
@dantecode/dante-gaslight:test:   signal: [1mnull[22m,
@dantecode/dante-gaslight:test:   output: [ [1mnull[22m, [1mnull[22m, [1mnull[22m ],
@dantecode/dante-gaslight:test:   pid: [33m34320[39m,
@dantecode/dante-gaslight:test:   stdout: [1mnull[22m,
@dantecode/dante-gaslight:test:   stderr: [1mnull[22m
@dantecode/dante-gaslight:test: }
@dantecode/dante-gaslight:test: 
@dantecode/dante-gaslight:test:  [32m✓[39m src/triggers.test.ts [2m([22m[2m17 tests[22m[2m)[22m[32m 12[2mms[22m[39m
@dantecode/dante-gaslight:test:  [32m✓[39m src/attack-patterns.test.ts [2m([22m[2m10 tests[22m[2m)[22m[32m 12[2mms[22m[39m
@dantecode/dante-gaslight:test:  [32m✓[39m src/lesson-distiller.test.ts [2m([22m[2m41 tests[22m[2m)[22m[32m 24[2mms[22m[39m
@dantecode/dante-gaslight:test:  [32m✓[39m src/budget-controller.test.ts [2m([22m[2m9 tests[22m[2m)[22m[32m 8[2mms[22m[39m
@dantecode/dante-gaslight:test:  [32m✓[39m src/stop-conditions.test.ts [2m([22m[2m10 tests[22m[2m)[22m[32m 8[2mms[22m[39m
@dantecode/dante-gaslight:test:  [32m✓[39m src/iteration-history.test.ts [2m([22m[2m6 tests[22m[2m)[22m[32m 9[2mms[22m[39m
@dantecode/dante-gaslight:test:  [32m✓[39m src/gaslight-report.test.ts [2m([22m[2m11 tests[22m[2m)[22m[32m 12[2mms[22m[39m
@dantecode/dante-gaslight:test:  [32m✓[39m src/gaslighter-role.test.ts [2m([22m[2m13 tests[22m[2m)[22m[32m 11[2mms[22m[39m
@dantecode/dante-gaslight:test:  [32m✓[39m src/session-store.test.ts [2m([22m[2m26 tests[22m[2m)[22m[33m 393[2mms[22m[39m
@dantecode/dante-gaslight:test:  [32m✓[39m src/iteration-engine.test.ts [2m([22m[2m12 tests[22m[2m)[22m[32m 11[2mms[22m[39m
@dantecode/dante-gaslight:test:  [32m✓[39m src/integration.test.ts [2m([22m[2m26 tests[22m[2m)[22m[32m 185[2mms[22m[39m
@dantecode/dante-gaslight:test:  [32m✓[39m src/fearset.test.ts [2m([22m[2m239 tests[22m[2m)[22m[33m 596[2mms[22m[39m
@dantecode/dante-gaslight:test: 
@dantecode/dante-gaslight:test: [2m Test Files [22m [1m[32m12 passed[39m[22m[90m (12)[39m
@dantecode/dante-gaslight:test: [2m      Tests [22m [1m[32m420 passed[39m[22m[90m (420)[39m
@dantecode/dante-gaslight:test: [2m   Start at [22m 10:19:20
@dantecode/dante-gaslight:test: [2m   Duration [22m 5.81s[2m (transform 15.70s, setup 5.92s, collect 16.60s, tests 1.28s, environment 4ms, prepare 6.00s)[22m
@dantecode/dante-gaslight:test: 
@dantecode/web-research:test: cache hit, replaying logs e25dbe22c994284d
@dantecode/skills-import:test: cache hit, replaying logs 788602e65552b35a
@dantecode/web-research:test: 
@dantecode/web-research:test: > @dantecode/web-research@0.9.2 test
@dantecode/web-research:test: > vitest run --config ../../vitest.package.config.ts
@dantecode/web-research:test: 
@dantecode/web-research:test: 
@dantecode/web-research:test: [1m[46m RUN [49m[22m [36mv3.2.4 [39m[90mC:/Projects/DanteCode/packages/web-research[39m
@dantecode/web-research:test: 
@dantecode/web-research:test:  [32m✓[39m src/extractor/ranker.test.ts [2m([22m[2m8 tests[22m[2m)[22m[32m 10[2mms[22m[39m
@dantecode/web-research:test:  [32m✓[39m src/index.test.ts [2m([22m[2m5 tests[22m[2m)[22m[32m 6[2mms[22m[39m
@dantecode/web-research:test: 
@dantecode/web-research:test: [2m Test Files [22m [1m[32m2 passed[39m[22m[90m (2)[39m
@dantecode/web-research:test: [2m      Tests [22m [1m[32m13 passed[39m[22m[90m (13)[39m
@dantecode/web-research:test: [2m   Start at [22m 10:19:20
@dantecode/web-research:test: [2m   Duration [22m 4.13s[2m (transform 1.47s, setup 1.02s, collect 1.09s, tests 16ms, environment 1ms, prepare 1.32s)[22m
@dantecode/web-research:test: 
@dantecode/skills-import:test: 
@dantecode/skills-import:test: > @dantecode/skills-import@0.9.2 test
@dantecode/skills-import:test: > vitest run --config ../../vitest.package.config.ts
@dantecode/skills-import:test: 
@dantecode/skills-import:test: 
@dantecode/skills-import:test: [1m[46m RUN [49m[22m [36mv3.2.4 [39m[90mC:/Projects/DanteCode/packages/skills-import[39m
@dantecode/skills-import:test: 
@dantecode/skills-import:test:  [32m✓[39m src/skills-import.test.ts [2m([22m[2m36 tests[22m[2m)[22m[33m 377[2mms[22m[39m
@dantecode/skills-import:test: 
@dantecode/skills-import:test: [2m Test Files [22m [1m[32m1 passed[39m[22m[90m (1)[39m
@dantecode/skills-import:test: [2m      Tests [22m [1m[32m36 passed[39m[22m[90m (36)[39m
@dantecode/skills-import:test: [2m   Start at [22m 10:19:24
@dantecode/skills-import:test: [2m   Duration [22m 2.22s[2m (transform 610ms, setup 184ms, collect 618ms, tests 377ms, environment 0ms, prepare 204ms)[22m
@dantecode/skills-import:test: 
@dantecode/core:build: 
@dantecode/core:build: > @dantecode/core@0.9.2 build
@dantecode/core:build: > tsup
@dantecode/core:build: 
@dantecode/core:build: [34mCLI[39m Building entry: src/index.ts
@dantecode/core:build: [34mCLI[39m Using tsconfig: tsconfig.json
@dantecode/core:build: [34mCLI[39m tsup v8.5.1
@dantecode/core:build: [34mCLI[39m Using tsup config: C:\Projects\DanteCode\packages\core\tsup.config.ts
@dantecode/core:build: [34mCLI[39m Target: es2022
@dantecode/core:build: [34mESM[39m Build start
@dantecode/core:build: [34mDTS[39m Build start
@dantecode/core:build: [32mESM[39m [1mdist\model-adaptation-OR3JUCN7.js               [22m[32m150.00 B[39m
@dantecode/core:build: [32mESM[39m [1mdist\adaptation-replays-6U4X3O46.js             [22m[32m6.65 KB[39m
@dantecode/core:build: [32mESM[39m [1mdist\adaptation-corrected-responses-E23XXF6Y.js [22m[32m5.14 KB[39m
@dantecode/core:build: [32mESM[39m [1mdist\dist-XSFJGJZT.js                           [22m[32m27.52 KB[39m
@dantecode/core:build: [32mESM[39m [1mdist\chunk-TOFZWUOU.js                          [22m[32m30.77 KB[39m
@dantecode/core:build: [32mESM[39m [1mdist\chunk-JSBRDJBE.js                          [22m[32m1.32 KB[39m
@dantecode/core:build: [32mESM[39m [1mdist\dist-IHC4VA2L.js                           [22m[32m31.05 KB[39m
@dantecode/core:build: [32mESM[39m [1mdist\index.js                                   [22m[32m1.09 MB[39m
@dantecode/core:build: [32mESM[39m ⚡️ Build success in 680ms
@dantecode/core:build: [32mDTS[39m ⚡️ Build success in 3404ms
@dantecode/core:build: [32mDTS[39m [1mdist\index.d.ts [22m[32m463.52 KB[39m
@dantecode/dante-skillbook:build: cache miss, executing 521ea444184e3d99
@dantecode/memory-engine:build: cache miss, executing 18cef54e3e8d2f85
@dantecode/web-extractor:build: cache miss, executing 83dd9be5d9692840
@dantecode/core:test: cache miss, executing b536b596cf1b2a7a
@dantecode/sandbox:build: cache miss, executing ff9e7bdb738769e6
@dantecode/desktop:build: cache miss, executing ef6746e256e8972c
@dantecode/ux-polish:build: cache miss, executing c049eda069666b34
@dantecode/danteforge:build: cache miss, executing e6140704e5e6649d
@dantecode/debug-trail:build: cache miss, executing c6723eeef7c6c0a4
@dantecode/dante-skillbook:build: 
@dantecode/dante-skillbook:build: > @dantecode/dante-skillbook@0.9.2 build
@dantecode/dante-skillbook:build: > node -e "['index.d.ts','index.d.ts.map'].forEach(f=>{try{require('fs').unlinkSync('dist/'+f)}catch{}})" && tsup src/index.ts --format esm && node scripts/generate-stub-dts.js
@dantecode/dante-skillbook:build: 
@dantecode/web-extractor:build: 
@dantecode/web-extractor:build: > @dantecode/web-extractor@0.9.2 build
@dantecode/web-extractor:build: > node -e "['index.d.ts','index.d.ts.map'].forEach(f=>{try{require('fs').unlinkSync('dist/'+f)}catch{}})" && tsup && node scripts/generate-stub-dts.js
@dantecode/web-extractor:build: 
@dantecode/core:test: 
@dantecode/core:test: > @dantecode/core@0.9.2 test
@dantecode/core:test: > vitest run --config ../../vitest.package.config.ts
@dantecode/core:test: 
@dantecode/ux-polish:build: 
@dantecode/ux-polish:build: > @dantecode/ux-polish@0.9.2 build
@dantecode/ux-polish:build: > node -e "['index.d.ts','index.d.ts.map'].forEach(f=>{try{require('fs').unlinkSync('dist/'+f)}catch{}})" && tsup src/index.ts --format esm --dts
@dantecode/ux-polish:build: 
@dantecode/danteforge:build: 
@dantecode/danteforge:build: > @dantecode/danteforge@0.9.2 build
@dantecode/danteforge:build: > node -e "if(!require('fs').existsSync('src/index.ts')){console.log('Binary dist — skipping build');process.exit(0)}process.exit(1)" || tsup src/index.ts --format esm --dts
@dantecode/danteforge:build: 
@dantecode/memory-engine:build: 
@dantecode/memory-engine:build: > @dantecode/memory-engine@0.9.2 build
@dantecode/memory-engine:build: > node -e "['index.d.ts','index.d.ts.map'].forEach(f=>{try{require('fs').unlinkSync('dist/'+f)}catch{}})" && tsup src/index.ts --format esm && node scripts/generate-stub-dts.js
@dantecode/memory-engine:build: 
@dantecode/desktop:build: 
@dantecode/desktop:build: > @dantecode/desktop@0.9.2 build
@dantecode/desktop:build: > tsup src/main.ts --format cjs --dts
@dantecode/desktop:build: 
@dantecode/sandbox:build: 
@dantecode/sandbox:build: > @dantecode/sandbox@0.9.2 build
@dantecode/sandbox:build: > node -e "['index.d.ts','index.d.ts.map'].forEach(f=>{try{require('fs').unlinkSync('dist/'+f)}catch{}})" && tsup && node scripts/generate-stub-dts.js
@dantecode/sandbox:build: 
@dantecode/debug-trail:build: 
@dantecode/debug-trail:build: > @dantecode/debug-trail@0.9.2 build
@dantecode/debug-trail:build: > node -e "['index.d.ts','index.d.ts.map'].forEach(f=>{try{require('fs').unlinkSync('dist/'+f)}catch{}})" && tsup src/index.ts --format esm --dts
@dantecode/debug-trail:build: 
@dantecode/desktop:build: [34mCLI[39m Building entry: src/main.ts
@dantecode/desktop:build: [34mCLI[39m Using tsconfig: tsconfig.json
@dantecode/desktop:build: [34mCLI[39m tsup v8.5.1
@dantecode/desktop:build: [34mCLI[39m Target: es2022
@dantecode/desktop:build: [34mCJS[39m Build start
@dantecode/danteforge:build: [34mCLI[39m Building entry: src/index.ts
@dantecode/ux-polish:build: [34mCLI[39m Building entry: src/index.ts
@dantecode/danteforge:build: [34mCLI[39m Using tsconfig: tsconfig.json
@dantecode/danteforge:build: [34mCLI[39m tsup v8.5.1
@dantecode/ux-polish:build: [34mCLI[39m Using tsconfig: tsconfig.json
@dantecode/ux-polish:build: [34mCLI[39m tsup v8.5.1
@dantecode/web-extractor:build: [34mCLI[39m Building entry: src/index.ts
@dantecode/web-extractor:build: [34mCLI[39m Using tsconfig: tsconfig.json
@dantecode/web-extractor:build: [34mCLI[39m tsup v8.5.1
@dantecode/web-extractor:build: [34mCLI[39m Using tsup config: C:\Projects\DanteCode\packages\web-extractor\tsup.config.ts
@dantecode/web-extractor:build: [34mCLI[39m Target: es2022
@dantecode/dante-skillbook:build: [34mCLI[39m Building entry: src/index.ts
@dantecode/dante-skillbook:build: [34mCLI[39m Using tsconfig: tsconfig.json
@dantecode/dante-skillbook:build: [34mCLI[39m tsup v8.5.1
@dantecode/dante-skillbook:build: [34mCLI[39m Using tsup config: C:\Projects\DanteCode\packages\dante-skillbook\tsup.config.ts
@dantecode/web-extractor:build: [34mESM[39m Build start
@dantecode/dante-skillbook:build: [34mCLI[39m Target: es2022
@dantecode/memory-engine:build: [34mCLI[39m Building entry: src/index.ts
@dantecode/dante-skillbook:build: [34mESM[39m Build start
@dantecode/memory-engine:build: [34mCLI[39m Using tsconfig: tsconfig.json
@dantecode/memory-engine:build: [34mCLI[39m tsup v8.5.1
@dantecode/memory-engine:build: [34mCLI[39m Using tsup config: C:\Projects\DanteCode\packages\memory-engine\tsup.config.ts
@dantecode/memory-engine:build: [34mCLI[39m Target: es2022
@dantecode/core:test: 
@dantecode/core:test: [1m[46m RUN [49m[22m [36mv3.2.4 [39m[90mC:/Projects/DanteCode/packages/core[39m
@dantecode/core:test: 
@dantecode/memory-engine:build: [34mESM[39m Build start
@dantecode/danteforge:build: [34mCLI[39m Target: es2022
@dantecode/danteforge:build: [34mESM[39m Build start
@dantecode/ux-polish:build: [34mCLI[39m Target: es2022
@dantecode/ux-polish:build: [34mESM[39m Build start
@dantecode/debug-trail:build: [34mCLI[39m Building entry: src/index.ts
@dantecode/debug-trail:build: [34mCLI[39m Using tsconfig: tsconfig.json
@dantecode/debug-trail:build: [34mCLI[39m tsup v8.5.1
@dantecode/debug-trail:build: [34mCLI[39m Target: es2022
@dantecode/debug-trail:build: [34mESM[39m Build start
@dantecode/desktop:build: [32mCJS[39m [1mdist\main.js [22m[32m8.37 KB[39m
@dantecode/desktop:build: [32mCJS[39m ⚡️ Build success in 166ms
@dantecode/sandbox:build: [34mCLI[39m Building entry: src/index.ts
@dantecode/sandbox:build: [34mCLI[39m Using tsconfig: tsconfig.json
@dantecode/sandbox:build: [34mCLI[39m tsup v8.5.1
@dantecode/sandbox:build: [34mCLI[39m Using tsup config: C:\Projects\DanteCode\packages\sandbox\tsup.config.ts
@dantecode/sandbox:build: [34mCLI[39m Target: es2022
@dantecode/sandbox:build: [34mESM[39m Build start
@dantecode/dante-skillbook:build: [32mESM[39m [1mdist\index.js [22m[32m23.29 KB[39m
@dantecode/dante-skillbook:build: [32mESM[39m ⚡️ Build success in 130ms
@dantecode/web-extractor:build: [32mESM[39m [1mdist\index.js [22m[32m20.96 KB[39m
@dantecode/web-extractor:build: [32mESM[39m ⚡️ Build success in 155ms
@dantecode/danteforge:build: [32mESM[39m [1mdist\index.js [22m[32m27.67 KB[39m
@dantecode/danteforge:build: [32mESM[39m ⚡️ Build success in 139ms
@dantecode/sandbox:build: [32mESM[39m [1mdist\index.js [22m[32m19.63 KB[39m
@dantecode/sandbox:build: [32mESM[39m ⚡️ Build success in 95ms
@dantecode/web-extractor:build: Generated stub index.d.ts
@dantecode/sandbox:build: Generated stub index.d.ts
@dantecode/dante-skillbook:build: Generated stub index.d.ts
@dantecode/memory-engine:build: [32mESM[39m [1mdist\index.js [22m[32m79.94 KB[39m
@dantecode/memory-engine:build: [32mESM[39m ⚡️ Build success in 569ms
@dantecode/web-extractor:test: cache miss, executing 4f4b90d9a5532814
@dantecode/dante-sandbox:build: cache miss, executing bf7c52fb99bdfc28
@dantecode/sandbox:test: cache miss, executing 270b595fc5e9fab1
@dantecode/dante-skillbook:test: cache miss, executing 362f2d75726f0b1d
@dantecode/memory-engine:build: Generated stub index.d.ts
@dantecode/core:test: [90mstderr[2m | src/council/council.test.ts
@dantecode/core:test: [22m[39mWarning: Could not configure git (tests using git may fail): Error: Command failed: git config --global user.name DanteCode Test Runner
@dantecode/core:test: [90m    at genericNodeError (node:internal/errors:985:15)[39m
@dantecode/core:test: [90m    at wrappedFn (node:internal/errors:539:14)[39m
@dantecode/core:test: [90m    at checkExecSyncError (node:child_process:925:11)[39m
@dantecode/core:test: [90m    at Proxy.execFileSync (node:child_process:961:15)[39m
@dantecode/core:test:     at C:\Projects\DanteCode\test-setup.ts:22:3
@dantecode/core:test: [90m    at processTicksAndRejections (node:internal/process/task_queues:103:5)[39m
@dantecode/core:test:     at VitestExecutor.runModule (file:///C:/Projects/DanteCode/node_modules/[4mvite-node[24m/dist/client.mjs:397:4)
@dantecode/core:test:     at VitestExecutor.directRequest (file:///C:/Projects/DanteCode/node_modules/[4mvite-node[24m/dist/client.mjs:375:3)
@dantecode/core:test:     at VitestExecutor.cachedRequest (file:///C:/Projects/DanteCode/node_modules/[4mvite-node[24m/dist/client.mjs:189:11)
@dantecode/core:test:     at VitestExecutor.executeId (file:///C:/Projects/DanteCode/node_modules/[4mvite-node[24m/dist/client.mjs:166:10) {
@dantecode/core:test:   status: [33m255[39m,
@dantecode/core:test:   signal: [1mnull[22m,
@dantecode/core:test:   output: [ [1mnull[22m, [1mnull[22m, [1mnull[22m ],
@dantecode/core:test:   pid: [33m49104[39m,
@dantecode/core:test:   stdout: [1mnull[22m,
@dantecode/core:test:   stderr: [1mnull[22m
@dantecode/core:test: }
@dantecode/core:test: 
@dantecode/ux-polish:build: [34mDTS[39m Build start
@dantecode/debug-trail:build: [34mDTS[39m Build start
@dantecode/danteforge:build: [34mDTS[39m Build start
@dantecode/desktop:build: [34mDTS[39m Build start
@dantecode/memory-engine:test: cache miss, executing df40601fce945e6b
@dantecode/debug-trail:build: [32mESM[39m [1mdist\index.js [22m[32m137.62 KB[39m
@dantecode/debug-trail:build: [32mESM[39m ⚡️ Build success in 1235ms
@dantecode/ux-polish:build: [32mESM[39m [1mdist\index.js [22m[32m135.13 KB[39m
@dantecode/ux-polish:build: [32mESM[39m ⚡️ Build success in 1393ms
@dantecode/web-extractor:test: 
@dantecode/web-extractor:test: > @dantecode/web-extractor@0.9.2 test
@dantecode/web-extractor:test: > vitest run --config ../../vitest.package.config.ts
@dantecode/web-extractor:test: 
@dantecode/core:test:  [32m✓[39m src/council/agent-adapters/file-bridge.test.ts [2m([22m[2m7 tests[22m[2m)[22m[32m 120[2mms[22m[39m
@dantecode/core:test:  [32m✓[39m src/__tests__/e2e/crash-recovery.test.ts [2m([22m[2m6 tests[22m[2m)[22m[32m 147[2mms[22m[39m
@dantecode/core:test: [90mstdout[2m | src/durable-event-store.test.ts[2m > [22m[2mJsonlEventStore[2m > [22m[2msearch[2m > [22m[2mskips corrupted lines with warning
@dantecode/core:test: [22m[39m{"level":"warn","timestamp":"2026-04-01T00:32:47.891Z","message":"Skipping corrupted line in event store","context":{"sessionId":"test-session-123","linePreview":"{corrupted json"}}
@dantecode/core:test: 
@dantecode/core:test:  [31m❯[39m src/state.test.ts [2m([22m[2m15 tests[22m[2m | [22m[31m1 failed[39m[2m)[22m[33m 665[2mms[22m[39m
@dantecode/core:test:    [32m✓[39m state manager[2m > [22minitializeState[2m > [22mcreates .dantecode directory and STATE.yaml[32m 48[2mms[22m[39m
@dantecode/core:test: [31m   [31m×[31m state manager[2m > [22minitializeState[2m > [22msets sensible defaults for all sections[39m[32m 232[2mms[22m[39m[33m (retry x1)[39m
@dantecode/core:test: [31m     → expected false to be true // Object.is equality[39m
@dantecode/core:test: [31m     → expected false to be true // Object.is equality[39m
@dantecode/core:test:    [32m✓[39m state manager[2m > [22minitializeState[2m > [22mpersists to disk as valid YAML[32m 178[2mms[22m[39m
@dantecode/core:test:    [32m✓[39m state manager[2m > [22minitializeState[2m > [22mincludes fallback model configuration[32m 18[2mms[22m[39m
@dantecode/core:test:    [32m✓[39m state manager[2m > [22minitializeState[2m > [22msets PDSE weights that sum to 1.0[32m 7[2mms[22m[39m
@dantecode/core:test:    [32m✓[39m state manager[2m > [22mreadStateYaml[2m > [22mreads and validates a previously written state[32m 31[2mms[22m[39m
@dantecode/core:test:    [32m✓[39m state manager[2m > [22mreadStateYaml[2m > [22mthrows on non-existent file[32m 4[2mms[22m[39m
@dantecode/core:test:    [32m✓[39m state manager[2m > [22mwriteStateYaml[2m > [22mperforms atomic write (via temp file)[32m 27[2mms[22m[39m
@dantecode/core:test:    [32m✓[39m state manager[2m > [22mwriteStateYaml[2m > [22mupdates the updatedAt timestamp[32m 41[2mms[22m[39m
@dantecode/core:test:    [32m✓[39m state manager[2m > [22mstateYamlExists[2m > [22mreturns false when no STATE.yaml exists[32m 2[2mms[22m[39m
@dantecode/core:test:    [32m✓[39m state manager[2m > [22mstateYamlExists[2m > [22mreturns true after initialization[32m 7[2mms[22m[39m
@dantecode/core:test:    [32m✓[39m state manager[2m > [22mreadOrInitializeState[2m > [22minitializes when no state exists[32m 28[2mms[22m[39m
@dantecode/core:test:    [32m✓[39m state manager[2m > [22mreadOrInitializeState[2m > [22mreads existing state without reinitializing[32m 15[2mms[22m[39m
@dantecode/core:test:    [32m✓[39m state manager[2m > [22mupdateStateYaml[2m > [22mmerges partial updates into existing state[32m 13[2mms[22m[39m
@dantecode/core:test:    [32m✓[39m state manager[2m > [22mupdateStateYaml[2m > [22mpreserves immutable fields (version, projectRoot, createdAt)[32m 13[2mms[22m[39m
@dantecode/core:test: [90mstderr[2m | src/background-agent.test.ts
@dantecode/core:test: [22m[39mUsing an object as a third argument is deprecated. Vitest 4 will throw an error if the third argument is not a timeout number. Please use the second argument for options. See more at https://vitest.dev/guide/migration
@dantecode/core:test: 
@dantecode/sandbox:test: 
@dantecode/sandbox:test: > @dantecode/sandbox@0.9.2 test
@dantecode/sandbox:test: > vitest run --config ../../vitest.package.config.ts
@dantecode/sandbox:test: 
@dantecode/dante-skillbook:test: 
@dantecode/dante-skillbook:test: > @dantecode/dante-skillbook@0.9.2 test
@dantecode/dante-skillbook:test: > vitest run --config ../../vitest.package.config.ts
@dantecode/dante-skillbook:test: 
@dantecode/dante-sandbox:build: 
@dantecode/dante-sandbox:build: > @dantecode/dante-sandbox@0.9.2 build
@dantecode/dante-sandbox:build: > node -e "['index.d.ts','index.d.ts.map'].forEach(f=>{try{require('fs').unlinkSync('dist/'+f)}catch{}})" && tsup src/index.ts --format esm && node scripts/generate-stub-dts.js
@dantecode/dante-sandbox:build: 
@dantecode/core:test:  [32m✓[39m src/verification-history-store.test.ts [2m([22m[2m2 tests[22m[2m)[22m[32m 62[2mms[22m[39m
@dantecode/core:test:  [32m✓[39m src/credential-vault-security.test.ts [2m([22m[2m10 tests[22m[2m)[22m[33m 1695[2mms[22m[39m
@dantecode/core:test:    [33m[2m✓[22m[39m CredentialVault — Encryption & Storage[2m > [22mstores credentials with special characters [33m 414[2mms[22m[39m
@dantecode/desktop:build: [32mDTS[39m ⚡️ Build success in 2465ms
@dantecode/desktop:build: [32mDTS[39m [1mdist\main.d.ts [22m[32m13.00 B[39m
@dantecode/core:test:  [32m✓[39m src/magic-pipeline-state.test.ts [2m([22m[2m19 tests[22m[2m)[22m[32m 137[2mms[22m[39m
@dantecode/web-extractor:test: 
@dantecode/web-extractor:test: [1m[46m RUN [49m[22m [36mv3.2.4 [39m[90mC:/Projects/DanteCode/packages/web-extractor[39m
@dantecode/web-extractor:test: 
@dantecode/danteforge:build: [32mDTS[39m ⚡️ Build success in 2632ms
@dantecode/danteforge:build: [32mDTS[39m [1mdist\index.d.ts [22m[32m6.62 KB[39m
@dantecode/core:test: [issue-to-pr] #42 parsing: Parsing issue #42: Fix authentication timeout
@dantecode/core:test: [issue-to-pr] #42 branching: Creating worktree branch for issue #42
@dantecode/desktop:test: cache miss, executing 3d537abd2ce01487
@dantecode/core:test: [issue-to-pr] #42 failed: Pipeline failed: Command failed: git fetch origin main
@dantecode/core:test: fatal: not a git repository (or any of the parent directories): .git
@dantecode/core:test: 
@dantecode/core:test: [issue-to-pr] #42 failed: Command failed: git fetch origin main
@dantecode/core:test: fatal: not a git repository (or any of the parent directories): .git
@dantecode/core:test: 
@dantecode/core:test:  [32m✓[39m src/webhook-server.test.ts [2m([22m[2m16 tests[22m[2m)[22m[33m 1249[2mms[22m[39m
@dantecode/core:test:    [33m[2m✓[22m[39m WebhookServer — Issue-to-PR Pipeline[2m > [22mroutes issue webhook through IssueToPRPipeline when configured [33m 357[2mms[22m[39m
@dantecode/debug-trail:build: [32mDTS[39m ⚡️ Build success in 3470ms
@dantecode/debug-trail:build: [32mDTS[39m [1mdist\index.d.ts [22m[32m52.29 KB[39m
@dantecode/git-engine:build: cache miss, executing 48e5d95b7975e451
@dantecode/ux-polish:build: [32mDTS[39m ⚡️ Build success in 3813ms
@dantecode/ux-polish:build: [32mDTS[39m [1mdist\index.d.ts [22m[32m70.44 KB[39m
@dantecode/core:test:  [31m❯[39m src/council/fleet-integration.test.ts [2m([22m[2m23 tests[22m[2m | [22m[31m3 failed[39m[2m)[22m[33m 1026[2mms[22m[39m
@dantecode/core:test:    [32m✓[39m CouncilOrchestrator — Fleet Integration[2m > [22mFleetBudget: budget exhaustion triggers orchestrator.fail()[32m 105[2mms[22m[39m
@dantecode/core:test:    [33m[2m✓[22m[39m CouncilOrchestrator — Fleet Integration[2m > [22mFleetBudget: budget warning event fires when threshold crossed [33m 354[2mms[22m[39m
@dantecode/core:test: [31m   [31m×[31m CouncilOrchestrator — Fleet Integration[2m > [22mmaxNestingDepth: assignLane throws when depth >= maxNestingDepth[39m[32m 37[2mms[22m[39m[33m (retry x1)[39m
@dantecode/core:test: [31m     → promise rejected "Error: Failed to create worktree for lane…" instead of resolving[39m
@dantecode/core:test: [31m     → promise rejected "Error: Failed to create worktree for lane…" instead of resolving[39m
@dantecode/core:test: [31m   [31m×[31m CouncilOrchestrator — Fleet Integration[2m > [22mTaskRedistributor: redistribution event fires when a completing lane finds busy peers[39m[32m 38[2mms[22m[39m[33m (retry x1)[39m
@dantecode/core:test: [31m     → expected [] to have a length of 1 but got +0[39m
@dantecode/core:test: [31m     → expected [] to have a length of 1 but got +0[39m
@dantecode/core:test:    [32m✓[39m CouncilOrchestrator — Fleet Integration[2m > [22mverifyLaneOutput: lane with no patch returns passed=false and score=0[32m 10[2mms[22m[39m
@dantecode/core:test:    [32m✓[39m CouncilOrchestrator — Fleet Integration[2m > [22mverifyLaneOutput: lane not found returns passed=false and score=0[32m 12[2mms[22m[39m
@dantecode/core:test:    [32m✓[39m CouncilOrchestrator — Fleet Integration[2m > [22mverifyLaneOutput: lane with a real patch returns structured verdict[32m 14[2mms[22m[39m
@dantecode/core:test:    [32m✓[39m CouncilOrchestrator — Fleet Integration[2m > [22mbudget:warning event fires exactly once even with multiple poll cycles past threshold[32m 9[2mms[22m[39m
@dantecode/core:test:    [32m✓[39m CouncilOrchestrator — Fleet Integration[2m > [22mbudget:exhausted event fires before orchestrator transitions to failed[32m 17[2mms[22m[39m
@dantecode/core:test:    [32m✓[39m CouncilOrchestrator — Fleet Integration[2m > [22mbudget:agent-limit event fires when per-agent token cap is exceeded[32m 13[2mms[22m[39m
@dantecode/core:test:    [32m✓[39m CouncilOrchestrator — Fleet Integration[2m > [22mlane:verified event fires automatically after lane completes (with test file)[32m 71[2mms[22m[39m
@dantecode/core:test:    [32m✓[39m CouncilOrchestrator — Fleet Integration[2m > [22mlane:accepted-with-warning fires when patch has no test files[32m 85[2mms[22m[39m
@dantecode/core:test:    [32m✓[39m CouncilOrchestrator — Fleet Integration[2m > [22mFleetDashboard: draw() called on lane:completed event (event wire verification)[32m 19[2mms[22m[39m
@dantecode/core:test:    [32m✓[39m CouncilOrchestrator — Fleet Integration[2m > [22mverifyLaneOutput gate: lane with passed=false and score=0 is excluded from merge candidates → orchestrator fails[32m 22[2mms[22m[39m
@dantecode/core:test:    [32m✓[39m CouncilOrchestrator — Fleet Integration[2m > [22mverifyLaneOutput gate: lane with passed=true is included in merge candidates → orchestrator completes[32m 95[2mms[22m[39m
@dantecode/core:test:    [32m✓[39m CouncilOrchestrator — Fleet Integration[2m > [22mbudget:agent-limit fires exactly once even with multiple polls past cap[32m 10[2mms[22m[39m
@dantecode/core:test: [31m   [31m×[31m CouncilOrchestrator — Fleet Integration[2m > [22mredistribution: completing lane triggers new lane spawn (no idle injection needed)[39m[32m 38[2mms[22m[39m[33m (retry x1)[39m
@dantecode/core:test: [31m     → expected [] to have a length of 1 but got +0[39m
@dantecode/core:test: [31m     → expected [] to have a length of 1 but got +0[39m
@dantecode/core:test:    [32m✓[39m CouncilOrchestrator — Fleet Integration[2m > [22mverifyLaneOutput results are set on the session synchronously after pollAllLanes (await not void)[32m 11[2mms[22m[39m
@dantecode/core:test:    [32m✓[39m CouncilOrchestrator — Fleet Integration[2m > [22mpollAllLanes: orchestrator fails after MAX_POLL_ITERATIONS to prevent infinite deadlock[32m 11[2mms[22m[39m
@dantecode/core:test:    [32m✓[39m CouncilOrchestrator — Fleet Integration[2m > [22mmaxNestingDepth: redistribution of sublane blocked when depth >= maxNestingDepth[32m 15[2mms[22m[39m
@dantecode/core:test:    [32m✓[39m CouncilOrchestrator — Fleet Integration[2m > [22mbudget:exhausted fires exactly once even across multiple polls (_budgetExhaustFired guard)[32m 9[2mms[22m[39m
@dantecode/core:test:    [32m✓[39m CouncilOrchestrator — Fleet Integration[2m > [22mverifyLaneOutput: score=0 when changedFiles includes a forbiddenFile (NOMA pre-merge gate)[32m 11[2mms[22m[39m
@dantecode/core:test:    [32m✓[39m CouncilOrchestrator — Fleet Integration[2m > [22mverifyLaneOutput: score=0 and no TypeError when unifiedDiff is non-string (type guard)[32m 18[2mms[22m[39m
@dantecode/sandbox:test: 
@dantecode/sandbox:test: [1m[46m RUN [49m[22m [36mv3.2.4 [39m[90mC:/Projects/DanteCode/packages/sandbox[39m
@dantecode/sandbox:test: 
@dantecode/skill-adapter:build: cache miss, executing 2cfb9ed07bb33882
@dantecode/danteforge:test: cache miss, executing 30fffd446d2e097a
@dantecode/core:test:  [32m✓[39m src/semantic-index.test.ts [2m([22m[2m35 tests[22m[2m)[22m[33m 3364[2mms[22m[39m
@dantecode/core:test:    [33m[2m✓[22m[39m BackgroundSemanticIndex[2m > [22mSearch[2m > [22mshould work with partial index [33m 982[2mms[22m[39m
@dantecode/core:test:    [33m[2m✓[22m[39m BackgroundSemanticIndex[2m > [22mSearch[2m > [22mshould prioritize exact symbol matches [33m 653[2mms[22m[39m
@dantecode/core:test:    [33m[2m✓[22m[39m BackgroundSemanticIndex[2m > [22mSearch[2m > [22mshould handle React component patterns [33m 745[2mms[22m[39m
@dantecode/memory-engine:test: 
@dantecode/memory-engine:test: > @dantecode/memory-engine@0.9.2 test
@dantecode/memory-engine:test: > vitest run --config ../../vitest.package.config.ts
@dantecode/memory-engine:test: 
@dantecode/core:test:  [32m✓[39m src/verification-graph.test.ts [2m([22m[2m2 tests[22m[2m)[22m[32m 125[2mms[22m[39m
@dantecode/dante-skillbook:test: 
@dantecode/dante-skillbook:test: [1m[46m RUN [49m[22m [36mv3.2.4 [39m[90mC:/Projects/DanteCode/packages/dante-skillbook[39m
@dantecode/dante-skillbook:test: 
@dantecode/core:test:  [32m✓[39m src/plan-store.test.ts [2m([22m[2m13 tests[22m[2m)[22m[32m 212[2mms[22m[39m
@dantecode/core:test:  [32m✓[39m src/credential-vault.test.ts [2m([22m[2m13 tests[22m[2m)[22m[33m 3948[2mms[22m[39m
@dantecode/core:test:    [33m[2m✓[22m[39m CredentialVault[2m > [22mremove() deletes an entry [33m 415[2mms[22m[39m
@dantecode/core:test:    [33m[2m✓[22m[39m CredentialVault[2m > [22mstore() twice with same name yields only one entry and retrieve() returns latest value [33m 411[2mms[22m[39m
@dantecode/core:test:    [33m[2m✓[22m[39m CredentialVault[2m > [22mmultiple keys: list() returns all names [33m 1034[2mms[22m[39m
@dantecode/core:test:    [33m[2m✓[22m[39m CredentialVault[2m > [22mstore() creates vault directory if it does not exist [33m 615[2mms[22m[39m
@dantecode/core:test:    [33m[2m✓[22m[39m CredentialVault[2m > [22mvault file is valid JSON with version field [33m 432[2mms[22m[39m
@dantecode/core:test: [90mstderr[2m | src/council/council.test.ts
@dantecode/core:test: [22m[39mUsing an object as a third argument is deprecated. Vitest 4 will throw an error if the third argument is not a timeout number. Please use the second argument for options. See more at https://vitest.dev/guide/migration
@dantecode/core:test: 
@dantecode/web-extractor:test:  [32m✓[39m src/injection-detector.test.ts [2m([22m[2m9 tests[22m[2m)[22m[32m 9[2mms[22m[39m
@dantecode/web-extractor:test:  [32m✓[39m src/relevance-scorer.test.ts [2m([22m[2m4 tests[22m[2m)[22m[32m 4[2mms[22m[39m
@dantecode/web-extractor:test:  [32m✓[39m src/markdown-cleaner.test.ts [2m([22m[2m3 tests[22m[2m)[22m[32m 6[2mms[22m[39m
@dantecode/sandbox:test: [90mstderr[2m | src/sandbox.test.ts[2m > [22m[2msandbox[2m > [22m[2mLocalExecutor[2m > [22m[2misAvailable always returns true
@dantecode/sandbox:test: [22m[39m[DanteCode Sandbox] WARNING: Docker is not available. Commands will execute directly on the host without sandbox isolation. Install Docker and start the daemon for secure sandboxed execution.
@dantecode/sandbox:test: 
@dantecode/sandbox:test:  [32m✓[39m src/sandbox.test.ts [2m([22m[2m14 tests[22m[2m)[22m[32m 73[2mms[22m[39m
@dantecode/sandbox:test: 
@dantecode/sandbox:test: [2m Test Files [22m [1m[32m1 passed[39m[22m[90m (1)[39m
@dantecode/sandbox:test: [2m      Tests [22m [1m[32m14 passed[39m[22m[90m (14)[39m
@dantecode/sandbox:test: [2m   Start at [22m 20:32:49
@dantecode/sandbox:test: [2m   Duration [22m 1.51s[2m (transform 541ms, setup 236ms, collect 396ms, tests 73ms, environment 0ms, prepare 338ms)[22m
@dantecode/sandbox:test: 
@dantecode/core:test:  [32m✓[39m src/durable-execution.test.ts [2m([22m[2m17 tests[22m[2m)[22m[33m 838[2mms[22m[39m
@dantecode/core:test:  [32m✓[39m src/async-task-executor.test.ts [2m([22m[2m30 tests[22m[2m)[22m[33m 957[2mms[22m[39m
@dantecode/core:test: [90mstderr[2m | src/drift/doc-code-drift.test.ts
@dantecode/core:test: [22m[39mWarning: Could not configure git (tests using git may fail): Error: Command failed: git config --global user.email test@dantecode.dev
@dantecode/core:test: [90m    at genericNodeError (node:internal/errors:985:15)[39m
@dantecode/core:test: [90m    at wrappedFn (node:internal/errors:539:14)[39m
@dantecode/core:test: [90m    at checkExecSyncError (node:child_process:925:11)[39m
@dantecode/core:test: [90m    at Proxy.execFileSync (node:child_process:961:15)[39m
@dantecode/core:test:     at C:\Projects\DanteCode\test-setup.ts:23:3
@dantecode/core:test: [90m    at processTicksAndRejections (node:internal/process/task_queues:103:5)[39m
@dantecode/core:test:     at VitestExecutor.runModule (file:///C:/Projects/DanteCode/node_modules/[4mvite-node[24m/dist/client.mjs:397:4)
@dantecode/core:test:     at VitestExecutor.directRequest (file:///C:/Projects/DanteCode/node_modules/[4mvite-node[24m/dist/client.mjs:375:3)
@dantecode/core:test:     at VitestExecutor.cachedRequest (file:///C:/Projects/DanteCode/node_modules/[4mvite-node[24m/dist/client.mjs:189:11)
@dantecode/core:test:     at VitestExecutor.executeId (file:///C:/Projects/DanteCode/node_modules/[4mvite-node[24m/dist/client.mjs:166:10) {
@dantecode/core:test:   status: [33m255[39m,
@dantecode/core:test:   signal: [1mnull[22m,
@dantecode/core:test:   output: [ [1mnull[22m, [1mnull[22m, [1mnull[22m ],
@dantecode/core:test:   pid: [33m22660[39m,
@dantecode/core:test:   stdout: [1mnull[22m,
@dantecode/core:test:   stderr: [1mnull[22m
@dantecode/core:test: }
@dantecode/core:test: 
@dantecode/dante-skillbook:test: [90mstderr[2m | src/prompts.test.ts
@dantecode/dante-skillbook:test: [22m[39mWarning: Could not configure git (tests using git may fail): Error: Command failed: git config --global user.email test@dantecode.dev
@dantecode/dante-skillbook:test: [90m    at genericNodeError (node:internal/errors:985:15)[39m
@dantecode/dante-skillbook:test: [90m    at wrappedFn (node:internal/errors:539:14)[39m
@dantecode/dante-skillbook:test: [90m    at checkExecSyncError (node:child_process:925:11)[39m
@dantecode/dante-skillbook:test: [90m    at Proxy.execFileSync (node:child_process:961:15)[39m
@dantecode/dante-skillbook:test:     at C:\Projects\DanteCode\test-setup.ts:23:3
@dantecode/dante-skillbook:test: [90m    at processTicksAndRejections (node:internal/process/task_queues:103:5)[39m
@dantecode/dante-skillbook:test:     at VitestExecutor.runModule (file:///C:/Projects/DanteCode/node_modules/[4mvite-node[24m/dist/client.mjs:397:4)
@dantecode/dante-skillbook:test:     at VitestExecutor.directRequest (file:///C:/Projects/DanteCode/node_modules/[4mvite-node[24m/dist/client.mjs:375:3)
@dantecode/dante-skillbook:test:     at VitestExecutor.cachedRequest (file:///C:/Projects/DanteCode/node_modules/[4mvite-node[24m/dist/client.mjs:189:11)
@dantecode/dante-skillbook:test:     at VitestExecutor.executeId (file:///C:/Projects/DanteCode/node_modules/[4mvite-node[24m/dist/client.mjs:166:10) {
@dantecode/dante-skillbook:test:   status: [33m255[39m,
@dantecode/dante-skillbook:test:   signal: [1mnull[22m,
@dantecode/dante-skillbook:test:   output: [ [1mnull[22m, [1mnull[22m, [1mnull[22m ],
@dantecode/dante-skillbook:test:   pid: [33m7976[39m,
@dantecode/dante-skillbook:test:   stdout: [1mnull[22m,
@dantecode/dante-skillbook:test:   stderr: [1mnull[22m
@dantecode/dante-skillbook:test: }
@dantecode/dante-skillbook:test: 
@dantecode/dante-skillbook:test: [90mstderr[2m | src/skill-version-manager.test.ts
@dantecode/dante-skillbook:test: [22m[39mWarning: Could not configure git (tests using git may fail): Error: Command failed: git config --global user.name DanteCode Test Runner
@dantecode/dante-skillbook:test: [90m    at genericNodeError (node:internal/errors:985:15)[39m
@dantecode/dante-skillbook:test: [90m    at wrappedFn (node:internal/errors:539:14)[39m
@dantecode/dante-skillbook:test: [90m    at checkExecSyncError (node:child_process:925:11)[39m
@dantecode/dante-skillbook:test: [90m    at Proxy.execFileSync (node:child_process:961:15)[39m
@dantecode/dante-skillbook:test:     at C:\Projects\DanteCode\test-setup.ts:22:3
@dantecode/dante-skillbook:test: [90m    at processTicksAndRejections (node:internal/process/task_queues:103:5)[39m
@dantecode/dante-skillbook:test:     at VitestExecutor.runModule (file:///C:/Projects/DanteCode/node_modules/[4mvite-node[24m/dist/client.mjs:397:4)
@dantecode/dante-skillbook:test:     at VitestExecutor.directRequest (file:///C:/Projects/DanteCode/node_modules/[4mvite-node[24m/dist/client.mjs:375:3)
@dantecode/dante-skillbook:test:     at VitestExecutor.cachedRequest (file:///C:/Projects/DanteCode/node_modules/[4mvite-node[24m/dist/client.mjs:189:11)
@dantecode/dante-skillbook:test:     at VitestExecutor.executeId (file:///C:/Projects/DanteCode/node_modules/[4mvite-node[24m/dist/client.mjs:166:10) {
@dantecode/dante-skillbook:test:   status: [33m255[39m,
@dantecode/dante-skillbook:test:   signal: [1mnull[22m,
@dantecode/dante-skillbook:test:   output: [ [1mnull[22m, [1mnull[22m, [1mnull[22m ],
@dantecode/dante-skillbook:test:   pid: [33m44516[39m,
@dantecode/dante-skillbook:test:   stdout: [1mnull[22m,
@dantecode/dante-skillbook:test:   stderr: [1mnull[22m
@dantecode/dante-skillbook:test: }
@dantecode/dante-skillbook:test: 
@dantecode/dante-skillbook:test: [90mstderr[2m | src/integration.test.ts
@dantecode/dante-skillbook:test: [22m[39mWarning: Could not configure git (tests using git may fail): Error: Command failed: git config --global user.email test@dantecode.dev
@dantecode/dante-skillbook:test: [90m    at genericNodeError (node:internal/errors:985:15)[39m
@dantecode/dante-skillbook:test: [90m    at wrappedFn (node:internal/errors:539:14)[39m
@dantecode/dante-skillbook:test: [90m    at checkExecSyncError (node:child_process:925:11)[39m
@dantecode/dante-skillbook:test: [90m    at Proxy.execFileSync (node:child_process:961:15)[39m
@dantecode/dante-skillbook:test:     at C:\Projects\DanteCode\test-setup.ts:23:3
@dantecode/dante-skillbook:test: [90m    at processTicksAndRejections (node:internal/process/task_queues:103:5)[39m
@dantecode/dante-skillbook:test:     at VitestExecutor.runModule (file:///C:/Projects/DanteCode/node_modules/[4mvite-node[24m/dist/client.mjs:397:4)
@dantecode/dante-skillbook:test:     at VitestExecutor.directRequest (file:///C:/Projects/DanteCode/node_modules/[4mvite-node[24m/dist/client.mjs:375:3)
@dantecode/dante-skillbook:test:     at VitestExecutor.cachedRequest (file:///C:/Projects/DanteCode/node_modules/[4mvite-node[24m/dist/client.mjs:189:11)
@dantecode/dante-skillbook:test:     at VitestExecutor.executeId (file:///C:/Projects/DanteCode/node_modules/[4mvite-node[24m/dist/client.mjs:166:10) {
@dantecode/dante-skillbook:test:   status: [33m128[39m,
@dantecode/dante-skillbook:test:   signal: [1mnull[22m,
@dantecode/dante-skillbook:test:   output: [ [1mnull[22m, [1mnull[22m, [1mnull[22m ],
@dantecode/dante-skillbook:test:   pid: [33m20656[39m,
@dantecode/dante-skillbook:test:   stdout: [1mnull[22m,
@dantecode/dante-skillbook:test:   stderr: [1mnull[22m
@dantecode/dante-skillbook:test: }
@dantecode/dante-skillbook:test: 
@dantecode/dante-skillbook:test: [90mstderr[2m | src/reflection-loop.test.ts
@dantecode/dante-skillbook:test: [22m[39mWarning: Could not configure git (tests using git may fail): Error: Command failed: git config --global user.name DanteCode Test Runner
@dantecode/dante-skillbook:test: [90m    at genericNodeError (node:internal/errors:985:15)[39m
@dantecode/dante-skillbook:test: [90m    at wrappedFn (node:internal/errors:539:14)[39m
@dantecode/dante-skillbook:test: [90m    at checkExecSyncError (node:child_process:925:11)[39m
@dantecode/dante-skillbook:test: [90m    at Proxy.execFileSync (node:child_process:961:15)[39m
@dantecode/dante-skillbook:test:     at C:\Projects\DanteCode\test-setup.ts:22:3
@dantecode/dante-skillbook:test: [90m    at processTicksAndRejections (node:internal/process/task_queues:103:5)[39m
@dantecode/dante-skillbook:test:     at VitestExecutor.runModule (file:///C:/Projects/DanteCode/node_modules/[4mvite-node[24m/dist/client.mjs:397:4)
@dantecode/dante-skillbook:test:     at VitestExecutor.directRequest (file:///C:/Projects/DanteCode/node_modules/[4mvite-node[24m/dist/client.mjs:375:3)
@dantecode/dante-skillbook:test:     at VitestExecutor.cachedRequest (file:///C:/Projects/DanteCode/node_modules/[4mvite-node[24m/dist/client.mjs:189:11)
@dantecode/dante-skillbook:test:     at VitestExecutor.executeId (file:///C:/Projects/DanteCode/node_modules/[4mvite-node[24m/dist/client.mjs:166:10) {
@dantecode/dante-skillbook:test:   status: [33m255[39m,
@dantecode/dante-skillbook:test:   signal: [1mnull[22m,
@dantecode/dante-skillbook:test:   output: [ [1mnull[22m, [1mnull[22m, [1mnull[22m ],
@dantecode/dante-skillbook:test:   pid: [33m19140[39m,
@dantecode/dante-skillbook:test:   stdout: [1mnull[22m,
@dantecode/dante-skillbook:test:   stderr: [1mnull[22m
@dantecode/dante-skillbook:test: }
@dantecode/dante-skillbook:test: 
@dantecode/core:test:  [32m✓[39m src/tool-runtime/acquire-url.test.ts [2m([22m[2m2 tests[22m[2m)[22m[33m 1132[2mms[22m[39m
@dantecode/core:test:    [33m[2m✓[22m[39m AcquireUrl integration[2m > [22mdownloads a file and registers a verified artifact [33m 660[2mms[22m[39m
@dantecode/core:test:    [33m[2m✓[22m[39m AcquireUrl integration[2m > [22msupports AcquireUrl -> Read as a scheduler-owned golden flow [33m 468[2mms[22m[39m
@dantecode/dante-skillbook:test:  [32m✓[39m src/prompts.test.ts [2m([22m[2m11 tests[22m[2m)[22m[32m 7[2mms[22m[39m
@dantecode/core:test:  [32m✓[39m src/repo-map-tree-sitter.test.ts [2m([22m[2m50 tests[22m[2m)[22m[32m 164[2mms[22m[39m
@dantecode/dante-skillbook:test:  [32m✓[39m src/skillbook.test.ts [2m([22m[2m10 tests[22m[2m)[22m[32m 9[2mms[22m[39m
@dantecode/dante-skillbook:test:  [32m✓[39m src/skill-version-manager.test.ts [2m([22m[2m7 tests[22m[2m)[22m[32m 6[2mms[22m[39m
@dantecode/dante-skillbook:test:  [32m✓[39m src/reflection-loop.test.ts [2m([22m[2m9 tests[22m[2m)[22m[32m 7[2mms[22m[39m
@dantecode/dante-skillbook:test:  [32m✓[39m src/roles.test.ts [2m([22m[2m9 tests[22m[2m)[22m[32m 8[2mms[22m[39m
@dantecode/debug-trail:test: cache miss, executing 7c1c282c3cd2d049
@dantecode/dante-sandbox:build: [34mCLI[39m Building entry: src/index.ts
@dantecode/dante-sandbox:build: [34mCLI[39m Using tsconfig: tsconfig.json
@dantecode/dante-sandbox:build: [34mCLI[39m tsup v8.5.1
@dantecode/dante-sandbox:build: [34mCLI[39m Using tsup config: C:\Projects\DanteCode\packages\dante-sandbox\tsup.config.ts
@dantecode/dante-sandbox:build: [34mCLI[39m Target: es2022
@dantecode/dante-sandbox:build: [34mESM[39m Build start
@dantecode/memory-engine:test: 
@dantecode/memory-engine:test: [1m[46m RUN [49m[22m [36mv3.2.4 [39m[90mC:/Projects/DanteCode/packages/memory-engine[39m
@dantecode/memory-engine:test: 
@dantecode/core:test:  [32m✓[39m src/web-search-orchestrator.test.ts [2m([22m[2m16 tests[22m[2m)[22m[32m 137[2mms[22m[39m
@dantecode/core:test:  [32m✓[39m src/recovery-manager.test.ts [2m([22m[2m26 tests[22m[2m)[22m[32m 227[2mms[22m[39m
@dantecode/core:test: [bridge-listen] WARNING: inbox not found: C:\Users\richa\AppData\Local\Temp\council-test-1775003572743-7etvo8trejg\inbox — waiting for it to be created
@dantecode/git-engine:build: 
@dantecode/git-engine:build: > @dantecode/git-engine@0.9.2 build
@dantecode/git-engine:build: > node -e "['index.d.ts','index.d.ts.map'].forEach(f=>{try{require('fs').unlinkSync('dist/'+f)}catch{}})" && tsup
@dantecode/git-engine:build: 
@dantecode/core:test:  [32m✓[39m src/project-detector.test.ts [2m([22m[2m42 tests[22m[2m)[22m[32m 197[2mms[22m[39m
@dantecode/core:test: [bridge-listen] WARNING: inbox not found: C:\Users\richa\AppData\Local\Temp\council-test-1775003572986-99qhn1uh3oa\inbox — waiting for it to be created
@dantecode/core:test: [bridge-listen] WARNING: inbox not found: C:\Users\richa\AppData\Local\Temp\council-test-1775003573123-v1vzvskz3in\inbox — waiting for it to be created
@dantecode/core:test:  [32m✓[39m src/drift/doc-code-drift.test.ts [2m([22m[2m34 tests[22m[2m)[22m[33m 1258[2mms[22m[39m
@dantecode/dante-sandbox:build: [32mESM[39m [1mdist\policy-engine-ARB7ZQUD.js [22m[32m163.00 B[39m
@dantecode/dante-sandbox:build: [32mESM[39m [1mdist\index.js                  [22m[32m36.78 KB[39m
@dantecode/dante-sandbox:build: [32mESM[39m [1mdist\chunk-M4OD4WBM.js         [22m[32m3.75 KB[39m
@dantecode/dante-sandbox:build: [32mESM[39m ⚡️ Build success in 1165ms
@dantecode/dante-skillbook:test:  [32m✓[39m src/git-skillbook-store.test.ts [2m([22m[2m7 tests[22m[2m)[22m[32m 22[2mms[22m[39m
@dantecode/core:test:  [32m✓[39m src/repo-map-pagerank.test.ts [2m([22m[2m19 tests[22m[2m)[22m[33m 648[2mms[22m[39m
@dantecode/dante-skillbook:test:  [32m✓[39m src/retrieval.test.ts [2m([22m[2m6 tests[22m[2m)[22m[32m 21[2mms[22m[39m
@dantecode/dante-sandbox:build: Generated stub index.d.ts
@dantecode/ux-polish:test: cache miss, executing d86e0a31b6907d8f
@dantecode/core:test:  [32m✓[39m src/__tests__/scorer-properties.test.ts [2m([22m[2m12 tests[22m[2m)[22m[32m 154[2mms[22m[39m
@dantecode/dante-skillbook:test:  [32m✓[39m src/review-queue.test.ts [2m([22m[2m7 tests[22m[2m)[22m[32m 7[2mms[22m[39m
@dantecode/desktop:test: 
@dantecode/desktop:test: > @dantecode/desktop@0.9.2 test
@dantecode/desktop:test: > vitest run --config ../../vitest.package.config.ts
@dantecode/desktop:test: 
@dantecode/danteforge:test: 
@dantecode/danteforge:test: > @dantecode/danteforge@0.9.2 test
@dantecode/danteforge:test: > node -e "if(!require('fs').existsSync('src/index.ts')){console.log('Binary dist — skipping tests');process.exit(0)}process.exit(1)" || vitest run --config ../../vitest.package.config.ts --passWithNoTests
@dantecode/danteforge:test: 
@dantecode/skill-adapter:build: 
@dantecode/skill-adapter:build: > @dantecode/skill-adapter@0.9.2 build
@dantecode/skill-adapter:build: > node -e "['index.d.ts','index.d.ts.map'].forEach(f=>{try{require('fs').unlinkSync('dist/'+f)}catch{}})" && tsup && node scripts/generate-stub-dts.js
@dantecode/skill-adapter:build: 
@dantecode/core:test:  [32m✓[39m src/repo-map.test.ts [2m([22m[2m12 tests[22m[2m)[22m[33m 3286[2mms[22m[39m
@dantecode/core:test:    [33m[2m✓[22m[39m buildUnifiedRepoMap[2m > [22mshould boost mentioned files and identifiers [33m 690[2mms[22m[39m
@dantecode/core:test:    [33m[2m✓[22m[39m buildUnifiedRepoMap[2m > [22mshould respect maxTokens budget [33m 1510[2mms[22m[39m
@dantecode/core:test:    [33m[2m✓[22m[39m invalidateRepoMapCache[2m > [22mshould remove cache directory [33m 312[2mms[22m[39m
@dantecode/core:test:  [32m✓[39m src/model-adaptation-experiment.test.ts [2m([22m[2m49 tests[22m[2m)[22m[32m 164[2mms[22m[39m
@dantecode/core:test: [90mstdout[2m | src/integration.test.ts[2m > [22m[2mmodel router — HTTP integration[2m > [22m[2mmodel router generates text via real HTTP call
@dantecode/core:test: [22m[39m[COST DEBUG] {
@dantecode/core:test:   inputTokens: [33m10[39m,
@dantecode/core:test:   outputTokens: [33m5[39m,
@dantecode/core:test:   provider: [32m'openai'[39m,
@dantecode/core:test:   tier: [32m'fast'[39m,
@dantecode/core:test:   inputRate: [33m2.5[39m,
@dantecode/core:test:   outputRate: [33m10[39m,
@dantecode/core:test:   lastCostUsd: [32m'0.000075'[39m,
@dantecode/core:test:   sessionTotalUsd: [32m'0.000075'[39m
@dantecode/core:test: }
@dantecode/core:test: 
@dantecode/core:test: [90mstdout[2m | src/integration.test.ts[2m > [22m[2mmodel router — HTTP integration[2m > [22m[2mmodel router records provider and modelId in logs
@dantecode/core:test: [22m[39m[COST DEBUG] {
@dantecode/core:test:   inputTokens: [33m10[39m,
@dantecode/core:test:   outputTokens: [33m5[39m,
@dantecode/core:test:   provider: [32m'openai'[39m,
@dantecode/core:test:   tier: [32m'fast'[39m,
@dantecode/core:test:   inputRate: [33m2.5[39m,
@dantecode/core:test:   outputRate: [33m10[39m,
@dantecode/core:test:   lastCostUsd: [32m'0.000075'[39m,
@dantecode/core:test:   sessionTotalUsd: [32m'0.000075'[39m
@dantecode/core:test: }
@dantecode/core:test: 
@dantecode/core:test: [90mstdout[2m | src/integration.test.ts[2m > [22m[2mmodel router — HTTP integration[2m > [22m[2mmodel router sends correct messages to the API
@dantecode/core:test: [22m[39m[COST DEBUG] {
@dantecode/core:test:   inputTokens: [33m10[39m,
@dantecode/core:test:   outputTokens: [33m5[39m,
@dantecode/core:test:   provider: [32m'openai'[39m,
@dantecode/core:test:   tier: [32m'fast'[39m,
@dantecode/core:test:   inputRate: [33m2.5[39m,
@dantecode/core:test:   outputRate: [33m10[39m,
@dantecode/core:test:   lastCostUsd: [32m'0.000075'[39m,
@dantecode/core:test:   sessionTotalUsd: [32m'0.000075'[39m
@dantecode/core:test: }
@dantecode/core:test: 
@dantecode/git-engine:build: [34mCLI[39m Building entry: src/index.ts
@dantecode/git-engine:build: [34mCLI[39m Using tsconfig: tsconfig.json
@dantecode/git-engine:build: [34mCLI[39m tsup v8.5.1
@dantecode/git-engine:build: [34mCLI[39m Using tsup config: C:\Projects\DanteCode\packages\git-engine\tsup.config.ts
@dantecode/git-engine:build: [34mCLI[39m Target: es2022
@dantecode/git-engine:build: [34mESM[39m Build start
@dantecode/core:test: [90mstdout[2m | src/integration.test.ts[2m > [22m[2mmodel router — HTTP integration[2m > [22m[2mmodel router falls back when primary fails
@dantecode/core:test: [22m[39m[COST DEBUG] {
@dantecode/core:test:   inputTokens: [33m10[39m,
@dantecode/core:test:   outputTokens: [33m5[39m,
@dantecode/core:test:   provider: [32m'openai'[39m,
@dantecode/core:test:   tier: [32m'fast'[39m,
@dantecode/core:test:   inputRate: [33m2.5[39m,
@dantecode/core:test:   outputRate: [33m10[39m,
@dantecode/core:test:   lastCostUsd: [32m'0.000075'[39m,
@dantecode/core:test:   sessionTotalUsd: [32m'0.000075'[39m
@dantecode/core:test: }
@dantecode/core:test: 
@dantecode/core:test: [90mstdout[2m | src/integration.test.ts[2m > [22m[2mmodel router — HTTP integration[2m > [22m[2mmodel router uses task type overrides
@dantecode/core:test: [22m[39m[COST DEBUG] {
@dantecode/core:test:   inputTokens: [33m10[39m,
@dantecode/core:test:   outputTokens: [33m5[39m,
@dantecode/core:test:   provider: [32m'openai'[39m,
@dantecode/core:test:   tier: [32m'fast'[39m,
@dantecode/core:test:   inputRate: [33m2.5[39m,
@dantecode/core:test:   outputRate: [33m10[39m,
@dantecode/core:test:   lastCostUsd: [32m'0.000075'[39m,
@dantecode/core:test:   sessionTotalUsd: [32m'0.000075'[39m
@dantecode/core:test: }
@dantecode/core:test: 
@dantecode/core:test:  [32m✓[39m src/integration.test.ts [2m([22m[2m7 tests[22m[2m)[22m[32m 208[2mms[22m[39m
@dantecode/dante-skillbook:test:  [32m✓[39m src/stats.test.ts [2m([22m[2m3 tests[22m[2m)[22m[32m 5[2mms[22m[39m
@dantecode/dante-skillbook:test:  [32m✓[39m src/pruning.test.ts [2m([22m[2m5 tests[22m[2m)[22m[32m 21[2mms[22m[39m
@dantecode/dante-skillbook:test:  [32m✓[39m src/integration.test.ts [2m([22m[2m9 tests[22m[2m)[22m[32m 29[2mms[22m[39m
@dantecode/core:test:  [32m✓[39m src/audit.test.ts [2m([22m[2m12 tests[22m[2m)[22m[33m 328[2mms[22m[39m
@dantecode/core:test:  [32m✓[39m src/durable-run-store.test.ts [2m([22m[2m5 tests[22m[2m)[22m[33m 2938[2mms[22m[39m
@dantecode/core:test:    [33m[2m✓[22m[39m DurableRunStore[2m > [22mpersists run state, resume hints, evidence, and runtime session snapshots [33m 1776[2mms[22m[39m
@dantecode/core:test:    [33m[2m✓[22m[39m DurableRunStore[2m > [22mlists durable runs alongside legacy autoforge checkpoints and paused background tasks [33m 631[2mms[22m[39m
@dantecode/core:test:    [33m[2m✓[22m[39m DurableRunStore[2m > [22mpersists and restores tool-runtime artifacts for resume flows [33m 480[2mms[22m[39m
@dantecode/debug-trail:test: 
@dantecode/debug-trail:test: > @dantecode/debug-trail@0.9.2 test
@dantecode/debug-trail:test: > vitest run --config ../../vitest.package.config.ts
@dantecode/debug-trail:test: 
@dantecode/core:test:  [32m✓[39m src/verification-benchmark-store.test.ts [2m([22m[2m2 tests[22m[2m)[22m[32m 103[2mms[22m[39m
@dantecode/core:test:  [32m✓[39m src/verification-trend-tracker.test.ts [2m([22m[2m25 tests[22m[2m)[22m[32m 94[2mms[22m[39m
@dantecode/core:test:  [32m✓[39m src/event-engine-integration.test.ts [2m([22m[2m7 tests[22m[2m)[22m[32m 107[2mms[22m[39m
@dantecode/core:test: [90mstdout[2m | src/model-router.test.ts[2m > [22m[2mmodel-router[2m > [22m[2mgenerate[2m > [22m[2mreturns text on successful generation
@dantecode/core:test: [22m[39m[COST DEBUG] {
@dantecode/core:test:   inputTokens: [33m0[39m,
@dantecode/core:test:   outputTokens: [33m0[39m,
@dantecode/core:test:   provider: [32m'grok'[39m,
@dantecode/core:test:   tier: [32m'fast'[39m,
@dantecode/core:test:   inputRate: [33m0.3[39m,
@dantecode/core:test:   outputRate: [33m0.6[39m,
@dantecode/core:test:   lastCostUsd: [32m'0.000000'[39m,
@dantecode/core:test:   sessionTotalUsd: [32m'0.000000'[39m
@dantecode/core:test: }
@dantecode/core:test: 
@dantecode/core:test: [90mstdout[2m | src/model-router.test.ts[2m > [22m[2mmodel-router[2m > [22m[2mgenerate[2m > [22m[2mlogs attempt and success entries
@dantecode/core:test: [22m[39m[COST DEBUG] {
@dantecode/core:test:   inputTokens: [33m0[39m,
@dantecode/core:test:   outputTokens: [33m0[39m,
@dantecode/core:test:   provider: [32m'grok'[39m,
@dantecode/core:test:   tier: [32m'fast'[39m,
@dantecode/core:test:   inputRate: [33m0.3[39m,
@dantecode/core:test:   outputRate: [33m0.6[39m,
@dantecode/core:test:   lastCostUsd: [32m'0.000000'[39m,
@dantecode/core:test:   sessionTotalUsd: [32m'0.000000'[39m
@dantecode/core:test: }
@dantecode/core:test: 
@dantecode/core:test: [90mstdout[2m | src/model-router.test.ts[2m > [22m[2mmodel-router[2m > [22m[2mgenerate[2m > [22m[2mcalls appendAuditEvent with token count
@dantecode/core:test: [22m[39m[COST DEBUG] {
@dantecode/core:test:   inputTokens: [33m0[39m,
@dantecode/core:test:   outputTokens: [33m0[39m,
@dantecode/core:test:   provider: [32m'grok'[39m,
@dantecode/core:test:   tier: [32m'fast'[39m,
@dantecode/core:test:   inputRate: [33m0.3[39m,
@dantecode/core:test:   outputRate: [33m0.6[39m,
@dantecode/core:test:   lastCostUsd: [32m'0.000000'[39m,
@dantecode/core:test:   sessionTotalUsd: [32m'0.000000'[39m
@dantecode/core:test: }
@dantecode/core:test: 
@dantecode/core:test: [90mstdout[2m | src/model-router.test.ts[2m > [22m[2mmodel-router[2m > [22m[2mgenerate[2m > [22m[2mfalls back to secondary provider when primary fails
@dantecode/core:test: [22m[39m[COST DEBUG] {
@dantecode/core:test:   inputTokens: [33m0[39m,
@dantecode/core:test:   outputTokens: [33m0[39m,
@dantecode/core:test:   provider: [32m'anthropic'[39m,
@dantecode/core:test:   tier: [32m'fast'[39m,
@dantecode/core:test:   inputRate: [33m3[39m,
@dantecode/core:test:   outputRate: [33m15[39m,
@dantecode/core:test:   lastCostUsd: [32m'0.000000'[39m,
@dantecode/core:test:   sessionTotalUsd: [32m'0.000000'[39m
@dantecode/core:test: }
@dantecode/core:test: 
@dantecode/core:test: [90mstdout[2m | src/model-router.test.ts[2m > [22m[2mmodel-router[2m > [22m[2mgenerate[2m > [22m[2mpasses maxTokens override to generateText
@dantecode/core:test: [22m[39m[COST DEBUG] {
@dantecode/core:test:   inputTokens: [33m0[39m,
@dantecode/core:test:   outputTokens: [33m0[39m,
@dantecode/core:test:   provider: [32m'grok'[39m,
@dantecode/core:test:   tier: [32m'fast'[39m,
@dantecode/core:test:   inputRate: [33m0.3[39m,
@dantecode/core:test:   outputRate: [33m0.6[39m,
@dantecode/core:test:   lastCostUsd: [32m'0.000000'[39m,
@dantecode/core:test:   sessionTotalUsd: [32m'0.000000'[39m
@dantecode/core:test: }
@dantecode/core:test: 
@dantecode/core:test: [90mstdout[2m | src/model-router.test.ts[2m > [22m[2mmodel-router[2m > [22m[2mgenerate[2m > [22m[2muses config maxTokens when no override is provided
@dantecode/core:test: [22m[39m[COST DEBUG] {
@dantecode/core:test:   inputTokens: [33m0[39m,
@dantecode/core:test:   outputTokens: [33m0[39m,
@dantecode/core:test:   provider: [32m'grok'[39m,
@dantecode/core:test:   tier: [32m'fast'[39m,
@dantecode/core:test:   inputRate: [33m0.3[39m,
@dantecode/core:test:   outputRate: [33m0.6[39m,
@dantecode/core:test:   lastCostUsd: [32m'0.000000'[39m,
@dantecode/core:test:   sessionTotalUsd: [32m'0.000000'[39m
@dantecode/core:test: }
@dantecode/core:test: 
@dantecode/core:test: [90mstdout[2m | src/model-router.test.ts[2m > [22m[2mmodel-router[2m > [22m[2mgenerate[2m > [22m[2mpasses system prompt when provided
@dantecode/core:test: [22m[39m[COST DEBUG] {
@dantecode/core:test:   inputTokens: [33m0[39m,
@dantecode/core:test:   outputTokens: [33m0[39m,
@dantecode/core:test:   provider: [32m'grok'[39m,
@dantecode/core:test:   tier: [32m'fast'[39m,
@dantecode/core:test:   inputRate: [33m0.3[39m,
@dantecode/core:test:   outputRate: [33m0.6[39m,
@dantecode/core:test:   lastCostUsd: [32m'0.000000'[39m,
@dantecode/core:test:   sessionTotalUsd: [32m'0.000000'[39m
@dantecode/core:test: }
@dantecode/core:test: 
@dantecode/core:test: [90mstdout[2m | src/model-router.test.ts[2m > [22m[2mmodel-router[2m > [22m[2mgenerate[2m > [22m[2momits system key when not provided
@dantecode/core:test: [22m[39m[COST DEBUG] {
@dantecode/core:test:   inputTokens: [33m0[39m,
@dantecode/core:test:   outputTokens: [33m0[39m,
@dantecode/core:test:   provider: [32m'grok'[39m,
@dantecode/core:test:   tier: [32m'fast'[39m,
@dantecode/core:test:   inputRate: [33m0.3[39m,
@dantecode/core:test:   outputRate: [33m0.6[39m,
@dantecode/core:test:   lastCostUsd: [32m'0.000000'[39m,
@dantecode/core:test:   sessionTotalUsd: [32m'0.000000'[39m
@dantecode/core:test: }
@dantecode/core:test: 
@dantecode/core:test: [90mstdout[2m | src/model-router.test.ts[2m > [22m[2mmodel-router[2m > [22m[2mgenerate[2m > [22m[2muses task type override when matching
@dantecode/core:test: [22m[39m[COST DEBUG] {
@dantecode/core:test:   inputTokens: [33m0[39m,
@dantecode/core:test:   outputTokens: [33m0[39m,
@dantecode/core:test:   provider: [32m'anthropic'[39m,
@dantecode/core:test:   tier: [32m'fast'[39m,
@dantecode/core:test:   inputRate: [33m3[39m,
@dantecode/core:test:   outputRate: [33m15[39m,
@dantecode/core:test:   lastCostUsd: [32m'0.000000'[39m,
@dantecode/core:test:   sessionTotalUsd: [32m'0.000000'[39m
@dantecode/core:test: }
@dantecode/core:test: 
@dantecode/core:test: [90mstdout[2m | src/model-router.test.ts[2m > [22m[2mmodel-router[2m > [22m[2mgenerate[2m > [22m[2muses default config when task type has no override
@dantecode/core:test: [22m[39m[COST DEBUG] {
@dantecode/core:test:   inputTokens: [33m0[39m,
@dantecode/core:test:   outputTokens: [33m0[39m,
@dantecode/core:test:   provider: [32m'grok'[39m,
@dantecode/core:test:   tier: [32m'fast'[39m,
@dantecode/core:test:   inputRate: [33m0.3[39m,
@dantecode/core:test:   outputRate: [33m0.6[39m,
@dantecode/core:test:   lastCostUsd: [32m'0.000000'[39m,
@dantecode/core:test:   sessionTotalUsd: [32m'0.000000'[39m
@dantecode/core:test: }
@dantecode/core:test: 
@dantecode/core:test: [90mstdout[2m | src/model-router.test.ts[2m > [22m[2mmodel-router[2m > [22m[2mgenerate[2m > [22m[2mhandles null usage gracefully
@dantecode/core:test: [22m[39m[COST DEBUG] {
@dantecode/core:test:   inputTokens: [33m0[39m,
@dantecode/core:test:   outputTokens: [33m0[39m,
@dantecode/core:test:   provider: [32m'grok'[39m,
@dantecode/core:test:   tier: [32m'fast'[39m,
@dantecode/core:test:   inputRate: [33m0.3[39m,
@dantecode/core:test:   outputRate: [33m0.6[39m,
@dantecode/core:test:   lastCostUsd: [32m'0.000000'[39m,
@dantecode/core:test:   sessionTotalUsd: [32m'0.000000'[39m
@dantecode/core:test: }
@dantecode/core:test: 
@dantecode/core:test: [90mstdout[2m | src/model-router.test.ts[2m > [22m[2mmodel-router[2m > [22m[2mgenerate[2m > [22m[2mstill succeeds when audit logging fails
@dantecode/core:test: [22m[39m[COST DEBUG] {
@dantecode/core:test:   inputTokens: [33m0[39m,
@dantecode/core:test:   outputTokens: [33m0[39m,
@dantecode/core:test:   provider: [32m'grok'[39m,
@dantecode/core:test:   tier: [32m'fast'[39m,
@dantecode/core:test:   inputRate: [33m0.3[39m,
@dantecode/core:test:   outputRate: [33m0.6[39m,
@dantecode/core:test:   lastCostUsd: [32m'0.000000'[39m,
@dantecode/core:test:   sessionTotalUsd: [32m'0.000000'[39m
@dantecode/core:test: }
@dantecode/core:test: 
@dantecode/core:test: [90mstdout[2m | src/model-router.test.ts[2m > [22m[2mmodel-router[2m > [22m[2mgenerate[2m > [22m[2mclears logs after generate runs
@dantecode/core:test: [22m[39m[COST DEBUG] {
@dantecode/core:test:   inputTokens: [33m0[39m,
@dantecode/core:test:   outputTokens: [33m0[39m,
@dantecode/core:test:   provider: [32m'grok'[39m,
@dantecode/core:test:   tier: [32m'fast'[39m,
@dantecode/core:test:   inputRate: [33m0.3[39m,
@dantecode/core:test:   outputRate: [33m0.6[39m,
@dantecode/core:test:   lastCostUsd: [32m'0.000000'[39m,
@dantecode/core:test:   sessionTotalUsd: [32m'0.000000'[39m
@dantecode/core:test: }
@dantecode/core:test: 
@dantecode/core:test: [90mstdout[2m | src/model-router.test.ts[2m > [22m[2mmodel-router[2m > [22m[2mgenerate[2m > [22m[2mpasses extended thinking provider options to supported Anthropic models
@dantecode/core:test: [22m[39m[COST DEBUG] {
@dantecode/core:test:   inputTokens: [33m0[39m,
@dantecode/core:test:   outputTokens: [33m0[39m,
@dantecode/core:test:   provider: [32m'anthropic'[39m,
@dantecode/core:test:   tier: [32m'fast'[39m,
@dantecode/core:test:   inputRate: [33m3[39m,
@dantecode/core:test:   outputRate: [33m15[39m,
@dantecode/core:test:   lastCostUsd: [32m'0.000000'[39m,
@dantecode/core:test:   sessionTotalUsd: [32m'0.000000'[39m
@dantecode/core:test: }
@dantecode/core:test: 
@dantecode/core:test: [90mstdout[2m | src/model-router.test.ts[2m > [22m[2mmodel-router[2m > [22m[2mgenerate[2m > [22m[2momits provider options when the selected model does not support extended thinking
@dantecode/core:test: [22m[39m[COST DEBUG] {
@dantecode/core:test:   inputTokens: [33m0[39m,
@dantecode/core:test:   outputTokens: [33m0[39m,
@dantecode/core:test:   provider: [32m'grok'[39m,
@dantecode/core:test:   tier: [32m'fast'[39m,
@dantecode/core:test:   inputRate: [33m0.3[39m,
@dantecode/core:test:   outputRate: [33m0.6[39m,
@dantecode/core:test:   lastCostUsd: [32m'0.000000'[39m,
@dantecode/core:test:   sessionTotalUsd: [32m'0.000000'[39m
@dantecode/core:test: }
@dantecode/core:test: 
@dantecode/core:test: [90mstdout[2m | src/model-router.test.ts[2m > [22m[2mmodel-router[2m > [22m[2mstream[2m > [22m[2monFinish callback logs success and records audit event
@dantecode/core:test: [22m[39m[COST DEBUG] {
@dantecode/core:test:   inputTokens: [33m0[39m,
@dantecode/core:test:   outputTokens: [33m0[39m,
@dantecode/core:test:   provider: [32m'grok'[39m,
@dantecode/core:test:   tier: [32m'fast'[39m,
@dantecode/core:test:   inputRate: [33m0.3[39m,
@dantecode/core:test:   outputRate: [33m0.6[39m,
@dantecode/core:test:   lastCostUsd: [32m'0.000000'[39m,
@dantecode/core:test:   sessionTotalUsd: [32m'0.000000'[39m
@dantecode/core:test: }
@dantecode/core:test: 
@dantecode/core:test: [90mstdout[2m | src/model-router.test.ts[2m > [22m[2mrecordRequestCost[2m > [22m[2maccumulates correctly across 3 mock requests
@dantecode/core:test: [22m[39m[COST DEBUG] {
@dantecode/core:test:   inputTokens: [33m1000[39m,
@dantecode/core:test:   outputTokens: [33m500[39m,
@dantecode/core:test:   provider: [32m'grok'[39m,
@dantecode/core:test:   tier: [32m'fast'[39m,
@dantecode/core:test:   inputRate: [33m0.3[39m,
@dantecode/core:test:   outputRate: [33m0.6[39m,
@dantecode/core:test:   lastCostUsd: [32m'0.000600'[39m,
@dantecode/core:test:   sessionTotalUsd: [32m'0.000600'[39m
@dantecode/core:test: }
@dantecode/core:test: [COST DEBUG] {
@dantecode/core:test:   inputTokens: [33m2000[39m,
@dantecode/core:test:   outputTokens: [33m1000[39m,
@dantecode/core:test:   provider: [32m'grok'[39m,
@dantecode/core:test:   tier: [32m'fast'[39m,
@dantecode/core:test:   inputRate: [33m0.3[39m,
@dantecode/core:test:   outputRate: [33m0.6[39m,
@dantecode/core:test:   lastCostUsd: [32m'0.001200'[39m,
@dantecode/core:test:   sessionTotalUsd: [32m'0.001800'[39m
@dantecode/core:test: }
@dantecode/core:test: [COST DEBUG] {
@dantecode/core:test:   inputTokens: [33m500[39m,
@dantecode/core:test:   outputTokens: [33m200[39m,
@dantecode/core:test:   provider: [32m'grok'[39m,
@dantecode/core:test:   tier: [32m'fast'[39m,
@dantecode/core:test:   inputRate: [33m0.3[39m,
@dantecode/core:test:   outputRate: [33m0.6[39m,
@dantecode/core:test:   lastCostUsd: [32m'0.000270'[39m,
@dantecode/core:test:   sessionTotalUsd: [32m'0.002070'[39m
@dantecode/core:test: }
@dantecode/core:test: 
@dantecode/core:test: [90mstdout[2m | src/model-router.test.ts[2m > [22m[2mrecordRequestCost[2m > [22m[2mresetSessionCost resets all accumulators to zero
@dantecode/core:test: [22m[39m[COST DEBUG] {
@dantecode/core:test:   inputTokens: [33m5000[39m,
@dantecode/core:test:   outputTokens: [33m3000[39m,
@dantecode/core:test:   provider: [32m'grok'[39m,
@dantecode/core:test:   tier: [32m'capable'[39m,
@dantecode/core:test:   inputRate: [33m3[39m,
@dantecode/core:test:   outputRate: [33m6[39m,
@dantecode/core:test:   lastCostUsd: [32m'0.033000'[39m,
@dantecode/core:test:   sessionTotalUsd: [32m'0.033000'[39m
@dantecode/core:test: }
@dantecode/core:test: 
@dantecode/core:test: [90mstdout[2m | src/model-router.test.ts[2m > [22m[2mrecordRequestCost[2m > [22m[2mgetCostEstimate reflects current session state
@dantecode/core:test: [22m[39m[COST DEBUG] {
@dantecode/core:test:   inputTokens: [33m1000[39m,
@dantecode/core:test:   outputTokens: [33m500[39m,
@dantecode/core:test:   provider: [32m'grok'[39m,
@dantecode/core:test:   tier: [32m'fast'[39m,
@dantecode/core:test:   inputRate: [33m0.3[39m,
@dantecode/core:test:   outputRate: [33m0.6[39m,
@dantecode/core:test:   lastCostUsd: [32m'0.000600'[39m,
@dantecode/core:test:   sessionTotalUsd: [32m'0.000600'[39m
@dantecode/core:test: }
@dantecode/core:test: 
@dantecode/core:test: [90mstdout[2m | src/model-router.test.ts[2m > [22m[2mD6 cost tracking integration[2m > [22m[2mgenerate() tracks cost after successful completion
@dantecode/core:test: [22m[39m[COST DEBUG] {
@dantecode/core:test:   inputTokens: [33m100[39m,
@dantecode/core:test:   outputTokens: [33m50[39m,
@dantecode/core:test:   provider: [32m'grok'[39m,
@dantecode/core:test:   tier: [32m'fast'[39m,
@dantecode/core:test:   inputRate: [33m0.3[39m,
@dantecode/core:test:   outputRate: [33m0.6[39m,
@dantecode/core:test:   lastCostUsd: [32m'0.000060'[39m,
@dantecode/core:test:   sessionTotalUsd: [32m'0.000060'[39m
@dantecode/core:test: }
@dantecode/core:test: 
@dantecode/core:test: [90mstdout[2m | src/model-router.test.ts[2m > [22m[2mD6 cost tracking integration[2m > [22m[2mstream() tracks cost in onFinish callback
@dantecode/core:test: [22m[39m[COST DEBUG] {
@dantecode/core:test:   inputTokens: [33m200[39m,
@dantecode/core:test:   outputTokens: [33m100[39m,
@dantecode/core:test:   provider: [32m'grok'[39m,
@dantecode/core:test:   tier: [32m'fast'[39m,
@dantecode/core:test:   inputRate: [33m0.3[39m,
@dantecode/core:test:   outputRate: [33m0.6[39m,
@dantecode/core:test:   lastCostUsd: [32m'0.000120'[39m,
@dantecode/core:test:   sessionTotalUsd: [32m'0.000120'[39m
@dantecode/core:test: }
@dantecode/core:test: 
@dantecode/core:test: [90mstdout[2m | src/model-router.test.ts[2m > [22m[2mD6 cost tracking integration[2m > [22m[2mcost accumulates across multiple generate calls
@dantecode/core:test: [22m[39m[COST DEBUG] {
@dantecode/core:test:   inputTokens: [33m100[39m,
@dantecode/core:test:   outputTokens: [33m50[39m,
@dantecode/core:test:   provider: [32m'grok'[39m,
@dantecode/core:test:   tier: [32m'fast'[39m,
@dantecode/core:test:   inputRate: [33m0.3[39m,
@dantecode/core:test:   outputRate: [33m0.6[39m,
@dantecode/core:test:   lastCostUsd: [32m'0.000060'[39m,
@dantecode/core:test:   sessionTotalUsd: [32m'0.000060'[39m
@dantecode/core:test: }
@dantecode/core:test: 
@dantecode/core:test: [90mstdout[2m | src/model-router.test.ts[2m > [22m[2mD6 cost tracking integration[2m > [22m[2mcost accumulates across multiple generate calls
@dantecode/core:test: [22m[39m[COST DEBUG] {
@dantecode/core:test:   inputTokens: [33m200[39m,
@dantecode/core:test:   outputTokens: [33m80[39m,
@dantecode/core:test:   provider: [32m'grok'[39m,
@dantecode/core:test:   tier: [32m'fast'[39m,
@dantecode/core:test:   inputRate: [33m0.3[39m,
@dantecode/core:test:   outputRate: [33m0.6[39m,
@dantecode/core:test:   lastCostUsd: [32m'0.000108'[39m,
@dantecode/core:test:   sessionTotalUsd: [32m'0.000168'[39m
@dantecode/core:test: }
@dantecode/core:test: 
@dantecode/core:test: [90mstdout[2m | src/model-router.test.ts[2m > [22m[2mD6 cost tracking integration[2m > [22m[2manthropic provider uses anthropic rates
@dantecode/core:test: [22m[39m[COST DEBUG] {
@dantecode/core:test:   inputTokens: [33m1000[39m,
@dantecode/core:test:   outputTokens: [33m500[39m,
@dantecode/core:test:   provider: [32m'anthropic'[39m,
@dantecode/core:test:   tier: [32m'fast'[39m,
@dantecode/core:test:   inputRate: [33m3[39m,
@dantecode/core:test:   outputRate: [33m15[39m,
@dantecode/core:test:   lastCostUsd: [32m'0.010500'[39m,
@dantecode/core:test:   sessionTotalUsd: [32m'0.010500'[39m
@dantecode/core:test: }
@dantecode/core:test: 
@dantecode/core:test: [90mstdout[2m | src/model-router.test.ts[2m > [22m[2mD6 cost tracking integration[2m > [22m[2mgrok fast tier uses lower rates
@dantecode/core:test: [22m[39m[COST DEBUG] {
@dantecode/core:test:   inputTokens: [33m1000[39m,
@dantecode/core:test:   outputTokens: [33m500[39m,
@dantecode/core:test:   provider: [32m'grok'[39m,
@dantecode/core:test:   tier: [32m'fast'[39m,
@dantecode/core:test:   inputRate: [33m0.3[39m,
@dantecode/core:test:   outputRate: [33m0.6[39m,
@dantecode/core:test:   lastCostUsd: [32m'0.000600'[39m,
@dantecode/core:test:   sessionTotalUsd: [32m'0.000600'[39m
@dantecode/core:test: }
@dantecode/core:test: 
@dantecode/core:test: [90mstdout[2m | src/model-router.test.ts[2m > [22m[2mD6 cost tracking integration[2m > [22m[2mgrok capable tier uses higher rates
@dantecode/core:test: [22m[39m[COST DEBUG] {
@dantecode/core:test:   inputTokens: [33m1000[39m,
@dantecode/core:test:   outputTokens: [33m500[39m,
@dantecode/core:test:   provider: [32m'grok'[39m,
@dantecode/core:test:   tier: [32m'capable'[39m,
@dantecode/core:test:   inputRate: [33m3[39m,
@dantecode/core:test:   outputRate: [33m6[39m,
@dantecode/core:test:   lastCostUsd: [32m'0.006000'[39m,
@dantecode/core:test:   sessionTotalUsd: [32m'0.006000'[39m
@dantecode/core:test: }
@dantecode/core:test: 
@dantecode/core:test: [90mstdout[2m | src/model-router.test.ts[2m > [22m[2mD6 cost tracking integration[2m > [22m[2mresetSessionCost clears accumulated cost
@dantecode/core:test: [22m[39m[COST DEBUG] {
@dantecode/core:test:   inputTokens: [33m500[39m,
@dantecode/core:test:   outputTokens: [33m200[39m,
@dantecode/core:test:   provider: [32m'grok'[39m,
@dantecode/core:test:   tier: [32m'fast'[39m,
@dantecode/core:test:   inputRate: [33m0.3[39m,
@dantecode/core:test:   outputRate: [33m0.6[39m,
@dantecode/core:test:   lastCostUsd: [32m'0.000270'[39m,
@dantecode/core:test:   sessionTotalUsd: [32m'0.000270'[39m
@dantecode/core:test: }
@dantecode/core:test: 
@dantecode/core:test:  [32m✓[39m src/model-router.test.ts [2m([22m[2m71 tests[22m[2m)[22m[32m 69[2mms[22m[39m
@dantecode/core:test:  [32m✓[39m src/tool-runtime/search-fetch-edit.test.ts [2m([22m[2m1 test[22m[2m)[22m[32m 266[2mms[22m[39m
@dantecode/git-engine:build: [34mDTS[39m Build start
@dantecode/memory-engine:test:  [32m✓[39m src/memory-engine.test.ts [2m([22m[2m93 tests[22m[2m)[22m[32m 70[2mms[22m[39m
@dantecode/memory-engine:test: 
@dantecode/memory-engine:test: [2m Test Files [22m [1m[32m1 passed[39m[22m[90m (1)[39m
@dantecode/memory-engine:test: [2m      Tests [22m [1m[32m93 passed[39m[22m[90m (93)[39m
@dantecode/memory-engine:test: [2m   Start at [22m 20:32:52
@dantecode/memory-engine:test: [2m   Duration [22m 3.04s[2m (transform 1.79s, setup 225ms, collect 1.80s, tests 70ms, environment 0ms, prepare 278ms)[22m
@dantecode/memory-engine:test: 
@dantecode/core:test:  [32m✓[39m src/model-adaptation-store.test.ts [2m([22m[2m32 tests[22m[2m)[22m[32m 74[2mms[22m[39m
@dantecode/core:test:  [32m✓[39m src/tool-runtime/tool-runtime.test.ts [2m([22m[2m67 tests[22m[2m)[22m[32m 62[2mms[22m[39m
@dantecode/web-extractor:test:  [32m✓[39m src/web-extractor.test.ts [2m([22m[2m6 tests[22m[2m)[22m[32m 22[2mms[22m[39m
@dantecode/core:test: [bridge-listen] WARNING: inbox not found: \tmp\test-bridge-warn\inbox — waiting for it to be created
@dantecode/core:test:  [32m✓[39m src/readiness/freshness-guard.test.ts [2m([22m[2m25 tests[22m[2m)[22m[32m 67[2mms[22m[39m
@dantecode/skill-adapter:build: [34mCLI[39m Building entry: src/index.ts
@dantecode/skill-adapter:build: [34mCLI[39m Using tsconfig: tsconfig.json
@dantecode/skill-adapter:build: [34mCLI[39m tsup v8.5.1
@dantecode/skill-adapter:build: [34mCLI[39m Using tsup config: C:\Projects\DanteCode\packages\skill-adapter\tsup.config.ts
@dantecode/skill-adapter:build: [34mCLI[39m Target: es2022
@dantecode/skill-adapter:build: [34mESM[39m Build start
@dantecode/web-extractor:test: 
@dantecode/web-extractor:test: [2m Test Files [22m [1m[32m4 passed[39m[22m[90m (4)[39m
@dantecode/web-extractor:test: [2m      Tests [22m [1m[32m22 passed[39m[22m[90m (22)[39m
@dantecode/web-extractor:test: [2m   Start at [22m 20:32:48
@dantecode/web-extractor:test: [2m   Duration [22m 7.14s[2m (transform 5.70s, setup 1.24s, collect 7.97s, tests 41ms, environment 1ms, prepare 985ms)[22m
@dantecode/web-extractor:test: 
@dantecode/core:test: [90mstderr[2m | src/permission-engine/permission-store.test.ts
@dantecode/core:test: [22m[39mWarning: Could not configure git (tests using git may fail): Error: Command failed: git config --global user.name DanteCode Test Runner
@dantecode/core:test: [90m    at genericNodeError (node:internal/errors:985:15)[39m
@dantecode/core:test: [90m    at wrappedFn (node:internal/errors:539:14)[39m
@dantecode/core:test: [90m    at checkExecSyncError (node:child_process:925:11)[39m
@dantecode/core:test: [90m    at Proxy.execFileSync (node:child_process:961:15)[39m
@dantecode/core:test:     at C:\Projects\DanteCode\test-setup.ts:22:3
@dantecode/core:test: [90m    at processTicksAndRejections (node:internal/process/task_queues:103:5)[39m
@dantecode/core:test:     at VitestExecutor.runModule (file:///C:/Projects/DanteCode/node_modules/[4mvite-node[24m/dist/client.mjs:397:4)
@dantecode/core:test:     at VitestExecutor.directRequest (file:///C:/Projects/DanteCode/node_modules/[4mvite-node[24m/dist/client.mjs:375:3)
@dantecode/core:test:     at VitestExecutor.cachedRequest (file:///C:/Projects/DanteCode/node_modules/[4mvite-node[24m/dist/client.mjs:189:11)
@dantecode/core:test:     at VitestExecutor.executeId (file:///C:/Projects/DanteCode/node_modules/[4mvite-node[24m/dist/client.mjs:166:10) {
@dantecode/core:test:   status: [33m255[39m,
@dantecode/core:test:   signal: [1mnull[22m,
@dantecode/core:test:   output: [ [1mnull[22m, [1mnull[22m, [1mnull[22m ],
@dantecode/core:test:   pid: [33m34184[39m,
@dantecode/core:test:   stdout: [1mnull[22m,
@dantecode/core:test:   stderr: [1mnull[22m
@dantecode/core:test: }
@dantecode/core:test: 
@dantecode/core:test:  [32m✓[39m src/permission-engine/permission-store.test.ts [2m([22m[2m15 tests[22m[2m)[22m[32m 42[2mms[22m[39m
@dantecode/desktop:test: 
@dantecode/desktop:test: [1m[46m RUN [49m[22m [36mv3.2.4 [39m[90mC:/Projects/DanteCode/packages/desktop[39m
@dantecode/desktop:test: 
@dantecode/core:test:  [32m✓[39m src/cloud-dispatch.test.ts [2m([22m[2m24 tests[22m[2m)[22m[32m 90[2mms[22m[39m
@dantecode/ux-polish:test: 
@dantecode/ux-polish:test: > @dantecode/ux-polish@0.9.2 test
@dantecode/ux-polish:test: > vitest run --config ../../vitest.package.config.ts
@dantecode/ux-polish:test: 
@dantecode/skill-adapter:build: [32mESM[39m [1mdist\index.js [22m[32m105.44 KB[39m
@dantecode/skill-adapter:build: [32mESM[39m ⚡️ Build success in 467ms
@dantecode/core:test:  [32m✓[39m src/trace-logger.test.ts [2m([22m[2m20 tests[22m[2m)[22m[32m 159[2mms[22m[39m
@dantecode/core:test:  [32m✓[39m src/run-report.test.ts [2m([22m[2m66 tests[22m[2m)[22m[32m 33[2mms[22m[39m
@dantecode/skill-adapter:build: Generated stub index.d.ts
@dantecode/core:test:  [32m✓[39m src/__tests__/e2e/full-pipeline.test.ts [2m([22m[2m6 tests[22m[2m)[22m[32m 193[2mms[22m[39m
@dantecode/core:test:  [32m✓[39m src/runtime-update.test.ts [2m([22m[2m8 tests[22m[2m)[22m[32m 71[2mms[22m[39m
@dantecode/core:test:  [32m✓[39m src/background-task-store.test.ts [2m([22m[2m2 tests[22m[2m)[22m[32m 83[2mms[22m[39m
@dantecode/dante-sandbox:test: cache miss, executing aea7673c83af87c3
@dantecode/debug-trail:test: 
@dantecode/debug-trail:test: [1m[46m RUN [49m[22m [36mv3.2.4 [39m[90mC:/Projects/DanteCode/packages/debug-trail[39m
@dantecode/debug-trail:test: 
@dantecode/workspace:build: cache miss, executing e7032dabc900434a
@dantecode/skill-adapter:test: cache miss, executing 9b403045bb79f143
@dantecode/core:test:  [32m✓[39m src/checkpointer.test.ts [2m([22m[2m29 tests[22m[2m)[22m[32m 33[2mms[22m[39m
@dantecode/core:test:  [32m✓[39m src/background-agent.test.ts [2m([22m[2m30 tests[22m[2m)[22m[33m 9425[2mms[22m[39m
@dantecode/core:test:    [33m[2m✓[22m[39m BackgroundAgentRunner[2m > [22mcancel[2m > [22mreturns false for already completed task [33m 1743[2mms[22m[39m
@dantecode/core:test:    [33m[2m✓[22m[39m BackgroundAgentRunner[2m > [22mclearFinished[2m > [22mremoves completed tasks [33m 1474[2mms[22m[39m
@dantecode/core:test:    [33m[2m✓[22m[39m BackgroundAgentRunner[2m > [22mconcurrency control[2m > [22mrespects max concurrent limit [33m 816[2mms[22m[39m
@dantecode/core:test:    [33m[2m✓[22m[39m BackgroundAgentRunner[2m > [22mprogress callback[2m > [22mfires progress updates [33m 827[2mms[22m[39m
@dantecode/core:test:    [33m[2m✓[22m[39m BackgroundAgentRunner[2m > [22merror handling[2m > [22mpauses a long-running task when repeated failures form a loop [33m 349[2mms[22m[39m
@dantecode/core:test:    [33m[2m✓[22m[39m BackgroundAgentRunner[2m > [22mpost-completion hook: auto-commit[2m > [22mdoes not auto-commit when autoCommit option is not set [33m 664[2mms[22m[39m
@dantecode/core:test:    [33m[2m✓[22m[39m BackgroundAgentRunner[2m > [22mpost-completion hook: auto-commit[2m > [22mdoes not auto-commit when there are no touched files [33m 316[2mms[22m[39m
@dantecode/core:test:    [33m[2m✓[22m[39m BackgroundAgentRunner[2m > [22mpost-completion hook: auto-commit[2m > [22mcommit failure does not fail the task [33m 352[2mms[22m[39m
@dantecode/core:test:    [33m[2m✓[22m[39m BackgroundAgentRunner[2m > [22mpost-completion hook: PR creation[2m > [22mcreates a PR when createPR option is set [33m 777[2mms[22m[39m
@dantecode/core:test:    [33m[2m✓[22m[39m BackgroundAgentRunner[2m > [22mpost-completion hook: PR creation[2m > [22mPR failure does not fail the task [33m 1146[2mms[22m[39m
@dantecode/dante-skillbook:test:  [32m✓[39m src/skill-quality-scorer.test.ts [2m([22m[2m6 tests[22m[2m)[22m[32m 7[2mms[22m[39m
@dantecode/dante-skillbook:test: 
@dantecode/dante-skillbook:test: [2m Test Files [22m [1m[32m12 passed[39m[22m[90m (12)[39m
@dantecode/dante-skillbook:test: [2m      Tests [22m [1m[32m89 passed[39m[22m[90m (89)[39m
@dantecode/dante-skillbook:test: [2m   Start at [22m 20:32:50
@dantecode/dante-skillbook:test: [2m   Duration [22m 7.22s[2m (transform 15.66s, setup 3.88s, collect 17.98s, tests 150ms, environment 3ms, prepare 3.00s)[22m
@dantecode/dante-skillbook:test: 
@dantecode/core:test:  [32m✓[39m src/enterprise-sso.test.ts [2m([22m[2m22 tests[22m[2m)[22m[32m 47[2mms[22m[39m
@dantecode/core:test:  [32m✓[39m src/autonomy-engine.test.ts [2m([22m[2m30 tests[22m[2m)[22m[32m 24[2mms[22m[39m
@dantecode/core:test:  [32m✓[39m src/theme-preferences.test.ts [2m([22m[2m16 tests[22m[2m)[22m[32m 40[2mms[22m[39m
@dantecode/danteforge:test: 
@dantecode/danteforge:test: [1m[46m RUN [49m[22m [36mv3.2.4 [39m[90mC:/Projects/DanteCode/packages/danteforge[39m
@dantecode/danteforge:test: 
@dantecode/danteforge:test: No test files found, exiting with code 0
@dantecode/danteforge:test: 
@dantecode/danteforge:test: [2minclude: [22m[33msrc/**/*.test.ts[39m
@dantecode/danteforge:test: [2mexclude:  [22m[33m**/node_modules/**[2m, [22m**/dist/**[39m
@dantecode/danteforge:test: 
@dantecode/core:test:  [32m✓[39m src/async-queue.test.ts [2m([22m[2m14 tests[22m[2m)[22m[32m 131[2mms[22m[39m
@dantecode/debug-trail:test: [90mstderr[2m | src/policies/privacy-policy.test.ts
@dantecode/debug-trail:test: [22m[39mWarning: Could not configure git (tests using git may fail): Error: Command failed: git config --global user.name DanteCode Test Runner
@dantecode/debug-trail:test: [90m    at genericNodeError (node:internal/errors:985:15)[39m
@dantecode/debug-trail:test: [90m    at wrappedFn (node:internal/errors:539:14)[39m
@dantecode/debug-trail:test: [90m    at checkExecSyncError (node:child_process:925:11)[39m
@dantecode/debug-trail:test: [90m    at Proxy.execFileSync (node:child_process:961:15)[39m
@dantecode/debug-trail:test:     at C:\Projects\DanteCode\test-setup.ts:22:3
@dantecode/debug-trail:test: [90m    at processTicksAndRejections (node:internal/process/task_queues:103:5)[39m
@dantecode/debug-trail:test:     at VitestExecutor.runModule (file:///C:/Projects/DanteCode/node_modules/[4mvite-node[24m/dist/client.mjs:397:4)
@dantecode/debug-trail:test:     at VitestExecutor.directRequest (file:///C:/Projects/DanteCode/node_modules/[4mvite-node[24m/dist/client.mjs:375:3)
@dantecode/debug-trail:test:     at VitestExecutor.cachedRequest (file:///C:/Projects/DanteCode/node_modules/[4mvite-node[24m/dist/client.mjs:189:11)
@dantecode/debug-trail:test:     at VitestExecutor.executeId (file:///C:/Projects/DanteCode/node_modules/[4mvite-node[24m/dist/client.mjs:166:10) {
@dantecode/debug-trail:test:   status: [33m255[39m,
@dantecode/debug-trail:test:   signal: [1mnull[22m,
@dantecode/debug-trail:test:   output: [ [1mnull[22m, [1mnull[22m, [1mnull[22m ],
@dantecode/debug-trail:test:   pid: [33m56192[39m,
@dantecode/debug-trail:test:   stdout: [1mnull[22m,
@dantecode/debug-trail:test:   stderr: [1mnull[22m
@dantecode/debug-trail:test: }
@dantecode/debug-trail:test: 
@dantecode/git-engine:build: [32mESM[39m [1mdist\index.js [22m[32m111.30 KB[39m
@dantecode/git-engine:build: [32mESM[39m ⚡️ Build success in 4764ms
@dantecode/debug-trail:test: [90mstderr[2m | src/integrations/checkpointer-bridge.test.ts
@dantecode/debug-trail:test: [22m[39mWarning: Could not configure git (tests using git may fail): Error: Command failed: git config --global user.name DanteCode Test Runner
@dantecode/debug-trail:test: [90m    at genericNodeError (node:internal/errors:985:15)[39m
@dantecode/debug-trail:test: [90m    at wrappedFn (node:internal/errors:539:14)[39m
@dantecode/debug-trail:test: [90m    at checkExecSyncError (node:child_process:925:11)[39m
@dantecode/debug-trail:test: [90m    at Proxy.execFileSync (node:child_process:961:15)[39m
@dantecode/debug-trail:test:     at C:\Projects\DanteCode\test-setup.ts:22:3
@dantecode/debug-trail:test: [90m    at processTicksAndRejections (node:internal/process/task_queues:103:5)[39m
@dantecode/debug-trail:test:     at VitestExecutor.runModule (file:///C:/Projects/DanteCode/node_modules/[4mvite-node[24m/dist/client.mjs:397:4)
@dantecode/debug-trail:test:     at VitestExecutor.directRequest (file:///C:/Projects/DanteCode/node_modules/[4mvite-node[24m/dist/client.mjs:375:3)
@dantecode/debug-trail:test:     at VitestExecutor.cachedRequest (file:///C:/Projects/DanteCode/node_modules/[4mvite-node[24m/dist/client.mjs:189:11)
@dantecode/debug-trail:test:     at VitestExecutor.executeId (file:///C:/Projects/DanteCode/node_modules/[4mvite-node[24m/dist/client.mjs:166:10) {
@dantecode/debug-trail:test:   status: [33m255[39m,
@dantecode/debug-trail:test:   signal: [1mnull[22m,
@dantecode/debug-trail:test:   output: [ [1mnull[22m, [1mnull[22m, [1mnull[22m ],
@dantecode/debug-trail:test:   pid: [33m58244[39m,
@dantecode/debug-trail:test:   stdout: [1mnull[22m,
@dantecode/debug-trail:test:   stderr: [1mnull[22m
@dantecode/debug-trail:test: }
@dantecode/debug-trail:test: 
@dantecode/debug-trail:test: [90mstderr[2m | src/integrations/cli-bridge.test.ts
@dantecode/debug-trail:test: [22m[39mWarning: Could not configure git (tests using git may fail): Error: Command failed: git config --global user.name DanteCode Test Runner
@dantecode/debug-trail:test: [90m    at genericNodeError (node:internal/errors:985:15)[39m
@dantecode/debug-trail:test: [90m    at wrappedFn (node:internal/errors:539:14)[39m
@dantecode/debug-trail:test: [90m    at checkExecSyncError (node:child_process:925:11)[39m
@dantecode/debug-trail:test: [90m    at Proxy.execFileSync (node:child_process:961:15)[39m
@dantecode/debug-trail:test:     at C:\Projects\DanteCode\test-setup.ts:22:3
@dantecode/debug-trail:test: [90m    at processTicksAndRejections (node:internal/process/task_queues:103:5)[39m
@dantecode/debug-trail:test:     at VitestExecutor.runModule (file:///C:/Projects/DanteCode/node_modules/[4mvite-node[24m/dist/client.mjs:397:4)
@dantecode/debug-trail:test:     at VitestExecutor.directRequest (file:///C:/Projects/DanteCode/node_modules/[4mvite-node[24m/dist/client.mjs:375:3)
@dantecode/debug-trail:test:     at VitestExecutor.cachedRequest (file:///C:/Projects/DanteCode/node_modules/[4mvite-node[24m/dist/client.mjs:189:11)
@dantecode/debug-trail:test:     at VitestExecutor.executeId (file:///C:/Projects/DanteCode/node_modules/[4mvite-node[24m/dist/client.mjs:166:10) {
@dantecode/debug-trail:test:   status: [33m255[39m,
@dantecode/debug-trail:test:   signal: [1mnull[22m,
@dantecode/debug-trail:test:   output: [ [1mnull[22m, [1mnull[22m, [1mnull[22m ],
@dantecode/debug-trail:test:   pid: [33m50168[39m,
@dantecode/debug-trail:test:   stdout: [1mnull[22m,
@dantecode/debug-trail:test:   stderr: [1mnull[22m
@dantecode/debug-trail:test: }
@dantecode/debug-trail:test: 
@dantecode/desktop:test: [90mstderr[2m | src/desktop.test.ts
@dantecode/desktop:test: [22m[39mWarning: Could not configure git (tests using git may fail): Error: Command failed: git config --global user.email test@dantecode.dev
@dantecode/desktop:test: [90m    at genericNodeError (node:internal/errors:985:15)[39m
@dantecode/desktop:test: [90m    at wrappedFn (node:internal/errors:539:14)[39m
@dantecode/desktop:test: [90m    at checkExecSyncError (node:child_process:925:11)[39m
@dantecode/desktop:test: [90m    at Proxy.execFileSync (node:child_process:961:15)[39m
@dantecode/desktop:test:     at C:\Projects\DanteCode\test-setup.ts:23:3
@dantecode/desktop:test: [90m    at processTicksAndRejections (node:internal/process/task_queues:103:5)[39m
@dantecode/desktop:test:     at VitestExecutor.runModule (file:///C:/Projects/DanteCode/node_modules/[4mvite-node[24m/dist/client.mjs:397:4)
@dantecode/desktop:test:     at VitestExecutor.directRequest (file:///C:/Projects/DanteCode/node_modules/[4mvite-node[24m/dist/client.mjs:375:3)
@dantecode/desktop:test:     at VitestExecutor.cachedRequest (file:///C:/Projects/DanteCode/node_modules/[4mvite-node[24m/dist/client.mjs:189:11)
@dantecode/desktop:test:     at VitestExecutor.executeId (file:///C:/Projects/DanteCode/node_modules/[4mvite-node[24m/dist/client.mjs:166:10) {
@dantecode/desktop:test:   status: [33m255[39m,
@dantecode/desktop:test:   signal: [1mnull[22m,
@dantecode/desktop:test:   output: [ [1mnull[22m, [1mnull[22m, [1mnull[22m ],
@dantecode/desktop:test:   pid: [33m2980[39m,
@dantecode/desktop:test:   stdout: [1mnull[22m,
@dantecode/desktop:test:   stderr: [1mnull[22m
@dantecode/desktop:test: }
@dantecode/desktop:test: 
@dantecode/debug-trail:test: [90mstderr[2m | src/export-engine.sarif.test.ts
@dantecode/debug-trail:test: [22m[39mWarning: Could not configure git (tests using git may fail): Error: Command failed: git config --global user.email test@dantecode.dev
@dantecode/debug-trail:test: [90m    at genericNodeError (node:internal/errors:985:15)[39m
@dantecode/debug-trail:test: [90m    at wrappedFn (node:internal/errors:539:14)[39m
@dantecode/debug-trail:test: [90m    at checkExecSyncError (node:child_process:925:11)[39m
@dantecode/debug-trail:test: [90m    at Proxy.execFileSync (node:child_process:961:15)[39m
@dantecode/debug-trail:test:     at C:\Projects\DanteCode\test-setup.ts:23:3
@dantecode/debug-trail:test: [90m    at processTicksAndRejections (node:internal/process/task_queues:103:5)[39m
@dantecode/debug-trail:test:     at VitestExecutor.runModule (file:///C:/Projects/DanteCode/node_modules/[4mvite-node[24m/dist/client.mjs:397:4)
@dantecode/debug-trail:test:     at VitestExecutor.directRequest (file:///C:/Projects/DanteCode/node_modules/[4mvite-node[24m/dist/client.mjs:375:3)
@dantecode/debug-trail:test:     at VitestExecutor.cachedRequest (file:///C:/Projects/DanteCode/node_modules/[4mvite-node[24m/dist/client.mjs:189:11)
@dantecode/debug-trail:test:     at VitestExecutor.executeId (file:///C:/Projects/DanteCode/node_modules/[4mvite-node[24m/dist/client.mjs:166:10) {
@dantecode/debug-trail:test:   status: [33m255[39m,
@dantecode/debug-trail:test:   signal: [1mnull[22m,
@dantecode/debug-trail:test:   output: [ [1mnull[22m, [1mnull[22m, [1mnull[22m ],
@dantecode/debug-trail:test:   pid: [33m63104[39m,
@dantecode/debug-trail:test:   stdout: [1mnull[22m,
@dantecode/debug-trail:test:   stderr: [1mnull[22m
@dantecode/debug-trail:test: }
@dantecode/debug-trail:test: 
@dantecode/debug-trail:test:  [32m✓[39m src/integrations/checkpointer-bridge.test.ts [2m([22m[2m8 tests[22m[2m)[22m[32m 14[2mms[22m[39m
@dantecode/debug-trail:test:  [32m✓[39m src/policies/privacy-policy.test.ts [2m([22m[2m13 tests[22m[2m)[22m[32m 110[2mms[22m[39m
@dantecode/core:test: [90mstderr[2m | src/unified-llm-client.test.ts
@dantecode/core:test: [22m[39mWarning: Could not configure git (tests using git may fail): Error: Command failed: git config --global user.name DanteCode Test Runner
@dantecode/core:test: [90m    at genericNodeError (node:internal/errors:985:15)[39m
@dantecode/core:test: [90m    at wrappedFn (node:internal/errors:539:14)[39m
@dantecode/core:test: [90m    at checkExecSyncError (node:child_process:925:11)[39m
@dantecode/core:test: [90m    at Proxy.execFileSync (node:child_process:961:15)[39m
@dantecode/core:test:     at C:\Projects\DanteCode\test-setup.ts:22:3
@dantecode/core:test: [90m    at processTicksAndRejections (node:internal/process/task_queues:103:5)[39m
@dantecode/core:test:     at VitestExecutor.runModule (file:///C:/Projects/DanteCode/node_modules/[4mvite-node[24m/dist/client.mjs:397:4)
@dantecode/core:test:     at VitestExecutor.directRequest (file:///C:/Projects/DanteCode/node_modules/[4mvite-node[24m/dist/client.mjs:375:3)
@dantecode/core:test:     at VitestExecutor.cachedRequest (file:///C:/Projects/DanteCode/node_modules/[4mvite-node[24m/dist/client.mjs:189:11)
@dantecode/core:test:     at VitestExecutor.executeId (file:///C:/Projects/DanteCode/node_modules/[4mvite-node[24m/dist/client.mjs:166:10) {
@dantecode/core:test:   status: [33m255[39m,
@dantecode/core:test:   signal: [1mnull[22m,
@dantecode/core:test:   output: [ [1mnull[22m, [1mnull[22m, [1mnull[22m ],
@dantecode/core:test:   pid: [33m54608[39m,
@dantecode/core:test:   stdout: [1mnull[22m,
@dantecode/core:test:   stderr: [1mnull[22m
@dantecode/core:test: }
@dantecode/core:test: 
@dantecode/debug-trail:test: [90mstderr[2m | src/integrations/vscode-bridge.test.ts
@dantecode/debug-trail:test: [22m[39mWarning: Could not configure git (tests using git may fail): Error: Command failed: git config --global user.email test@dantecode.dev
@dantecode/debug-trail:test: [90m    at genericNodeError (node:internal/errors:985:15)[39m
@dantecode/debug-trail:test: [90m    at wrappedFn (node:internal/errors:539:14)[39m
@dantecode/debug-trail:test: [90m    at checkExecSyncError (node:child_process:925:11)[39m
@dantecode/debug-trail:test: [90m    at Proxy.execFileSync (node:child_process:961:15)[39m
@dantecode/debug-trail:test:     at C:\Projects\DanteCode\test-setup.ts:23:3
@dantecode/debug-trail:test: [90m    at processTicksAndRejections (node:internal/process/task_queues:103:5)[39m
@dantecode/debug-trail:test:     at VitestExecutor.runModule (file:///C:/Projects/DanteCode/node_modules/[4mvite-node[24m/dist/client.mjs:397:4)
@dantecode/debug-trail:test:     at VitestExecutor.directRequest (file:///C:/Projects/DanteCode/node_modules/[4mvite-node[24m/dist/client.mjs:375:3)
@dantecode/debug-trail:test:     at VitestExecutor.cachedRequest (file:///C:/Projects/DanteCode/node_modules/[4mvite-node[24m/dist/client.mjs:189:11)
@dantecode/debug-trail:test:     at VitestExecutor.executeId (file:///C:/Projects/DanteCode/node_modules/[4mvite-node[24m/dist/client.mjs:166:10) {
@dantecode/debug-trail:test:   status: [33m255[39m,
@dantecode/debug-trail:test:   signal: [1mnull[22m,
@dantecode/debug-trail:test:   output: [ [1mnull[22m, [1mnull[22m, [1mnull[22m ],
@dantecode/debug-trail:test:   pid: [33m47124[39m,
@dantecode/debug-trail:test:   stdout: [1mnull[22m,
@dantecode/debug-trail:test:   stderr: [1mnull[22m
@dantecode/debug-trail:test: }
@dantecode/debug-trail:test: 
@dantecode/core:test:  [32m✓[39m src/unified-llm-client.test.ts [2m([22m[2m25 tests[22m[2m)[22m[32m 31[2mms[22m[39m
@dantecode/core:test:  [32m✓[39m src/event-triggers.test.ts [2m([22m[2m42 tests[22m[2m)[22m[32m 36[2mms[22m[39m
@dantecode/core:test:  [32m✓[39m src/health-check.test.ts [2m([22m[2m14 tests[22m[2m)[22m[32m 25[2mms[22m[39m
@dantecode/core:test:  [32m✓[39m src/command-palette.test.ts [2m([22m[2m15 tests[22m[2m)[22m[32m 26[2mms[22m[39m
@dantecode/desktop:test:  [32m✓[39m src/desktop.test.ts [2m([22m[2m18 tests[22m[2m)[22m[33m 437[2mms[22m[39m
@dantecode/git-engine:build: [32mDTS[39m ⚡️ Build success in 4742ms
@dantecode/git-engine:build: [32mDTS[39m [1mdist\index.d.ts [22m[32m42.39 KB[39m
@dantecode/desktop:test: 
@dantecode/desktop:test: [2m Test Files [22m [1m[32m1 passed[39m[22m[90m (1)[39m
@dantecode/desktop:test: [2m      Tests [22m [1m[32m18 passed[39m[22m[90m (18)[39m
@dantecode/desktop:test: [2m   Start at [22m 20:32:56
@dantecode/desktop:test: [2m   Duration [22m 4.06s[2m (transform 898ms, setup 1.98s, collect 127ms, tests 437ms, environment 0ms, prepare 326ms)[22m
@dantecode/desktop:test: 
@dantecode/core:test: [90mstderr[2m | src/repair-loop/test-repair.test.ts
@dantecode/core:test: [22m[39mWarning: Could not configure git (tests using git may fail): Error: Command failed: git config --global user.name DanteCode Test Runner
@dantecode/core:test: [90m    at genericNodeError (node:internal/errors:985:15)[39m
@dantecode/core:test: [90m    at wrappedFn (node:internal/errors:539:14)[39m
@dantecode/core:test: [90m    at checkExecSyncError (node:child_process:925:11)[39m
@dantecode/core:test: [90m    at Proxy.execFileSync (node:child_process:961:15)[39m
@dantecode/core:test:     at C:\Projects\DanteCode\test-setup.ts:22:3
@dantecode/core:test: [90m    at processTicksAndRejections (node:internal/process/task_queues:103:5)[39m
@dantecode/core:test:     at VitestExecutor.runModule (file:///C:/Projects/DanteCode/node_modules/[4mvite-node[24m/dist/client.mjs:397:4)
@dantecode/core:test:     at VitestExecutor.directRequest (file:///C:/Projects/DanteCode/node_modules/[4mvite-node[24m/dist/client.mjs:375:3)
@dantecode/core:test:     at VitestExecutor.cachedRequest (file:///C:/Projects/DanteCode/node_modules/[4mvite-node[24m/dist/client.mjs:189:11)
@dantecode/core:test:     at VitestExecutor.executeId (file:///C:/Projects/DanteCode/node_modules/[4mvite-node[24m/dist/client.mjs:166:10) {
@dantecode/core:test:   status: [33m255[39m,
@dantecode/core:test:   signal: [1mnull[22m,
@dantecode/core:test:   output: [ [1mnull[22m, [1mnull[22m, [1mnull[22m ],
@dantecode/core:test:   pid: [33m50292[39m,
@dantecode/core:test:   stdout: [1mnull[22m,
@dantecode/core:test:   stderr: [1mnull[22m
@dantecode/core:test: }
@dantecode/core:test: 
@dantecode/core:test: [90mstderr[2m | src/repair-loop/lint-repair.test.ts
@dantecode/core:test: [22m[39mWarning: Could not configure git (tests using git may fail): Error: Command failed: git config --global user.name DanteCode Test Runner
@dantecode/core:test: [90m    at genericNodeError (node:internal/errors:985:15)[39m
@dantecode/core:test: [90m    at wrappedFn (node:internal/errors:539:14)[39m
@dantecode/core:test: [90m    at checkExecSyncError (node:child_process:925:11)[39m
@dantecode/core:test: [90m    at Proxy.execFileSync (node:child_process:961:15)[39m
@dantecode/core:test:     at C:\Projects\DanteCode\test-setup.ts:22:3
@dantecode/core:test: [90m    at processTicksAndRejections (node:internal/process/task_queues:103:5)[39m
@dantecode/core:test:     at VitestExecutor.runModule (file:///C:/Projects/DanteCode/node_modules/[4mvite-node[24m/dist/client.mjs:397:4)
@dantecode/core:test:     at VitestExecutor.directRequest (file:///C:/Projects/DanteCode/node_modules/[4mvite-node[24m/dist/client.mjs:375:3)
@dantecode/core:test:     at VitestExecutor.cachedRequest (file:///C:/Projects/DanteCode/node_modules/[4mvite-node[24m/dist/client.mjs:189:11)
@dantecode/core:test:     at VitestExecutor.executeId (file:///C:/Projects/DanteCode/node_modules/[4mvite-node[24m/dist/client.mjs:166:10) {
@dantecode/core:test:   status: [33m255[39m,
@dantecode/core:test:   signal: [1mnull[22m,
@dantecode/core:test:   output: [ [1mnull[22m, [1mnull[22m, [1mnull[22m ],
@dantecode/core:test:   pid: [33m43932[39m,
@dantecode/core:test:   stdout: [1mnull[22m,
@dantecode/core:test:   stderr: [1mnull[22m
@dantecode/core:test: }
@dantecode/core:test: 
@dantecode/core:test:  [32m✓[39m src/model-adaptation-pipeline.test.ts [2m([22m[2m22 tests[22m[2m)[22m[32m 32[2mms[22m[39m
@dantecode/agent-orchestrator:build: cache miss, executing 43e5631414a5bd0c
@dantecode/automation-engine:build: cache miss, executing 8823b33360f7a5e8
@dantecode/git-engine:test: cache miss, executing 0abde4e02364b874
@dantecode/core:test:  [32m✓[39m src/model-adaptation.test.ts [2m([22m[2m49 tests[22m[2m)[22m[32m 31[2mms[22m[39m
@dantecode/core:test:  [32m✓[39m src/repair-loop/lint-repair.test.ts [2m([22m[2m18 tests[22m[2m)[22m[32m 23[2mms[22m[39m
@dantecode/core:test:  [32m✓[39m src/repair-loop/test-repair.test.ts [2m([22m[2m25 tests[22m[2m)[22m[32m 28[2mms[22m[39m
@dantecode/ux-polish:test: 
@dantecode/ux-polish:test: [1m[46m RUN [49m[22m [36mv3.2.4 [39m[90mC:/Projects/DanteCode/packages/ux-polish[39m
@dantecode/ux-polish:test: 
@dantecode/core:test:  [32m✓[39m src/persistent-memory.test.ts [2m([22m[2m48 tests[22m[2m)[22m[32m 30[2mms[22m[39m
@dantecode/core:test:  [32m✓[39m src/repair-loop/final-gate.test.ts [2m([22m[2m31 tests[22m[2m)[22m[32m 31[2mms[22m[39m
@dantecode/core:test:  [31m❯[39m src/repo-map-integration.test.ts [2m([22m[2m4 tests[22m[2m | [22m[31m1 failed[39m[2m)[22m[33m 13034[2mms[22m[39m
@dantecode/core:test:    [32m✓[39m buildRepoMap with tree-sitter integration[2m > [22muses tree-sitter by default and extracts symbols accurately[32m 113[2mms[22m[39m
@dantecode/core:test:    [32m✓[39m buildRepoMap with tree-sitter integration[2m > [22mfalls back to regex when tree-sitter is disabled[32m 6[2mms[22m[39m
@dantecode/core:test: [31m   [31m×[31m buildRepoMap with tree-sitter integration[2m > [22mhandles large codebases efficiently[39m[33m 12148[2mms[22m[39m[33m (retry x1)[39m
@dantecode/core:test: [31m     → expected 4780.883500000001 to be less than 500[39m
@dantecode/core:test: [31m     → expected 6644.907499999999 to be less than 500[39m
@dantecode/core:test:    [33m[2m✓[22m[39m buildRepoMap with tree-sitter integration[2m > [22mmaintains backward compatibility with regex fallback [33m 765[2mms[22m[39m
dantecode:build: cache miss, executing 7b377d1b05924c8a
@dantecode/core:test:  [32m✓[39m src/verification-engine.test.ts [2m([22m[2m35 tests[22m[2m)[22m[32m 26[2mms[22m[39m
@dantecode/core:test:  [32m✓[39m src/event-engine.test.ts [2m([22m[2m33 tests[22m[2m)[22m[32m 30[2mms[22m[39m
@dantecode/core:test:  [32m✓[39m src/run-intake.test.ts [2m([22m[2m28 tests[22m[2m)[22m[32m 24[2mms[22m[39m
@dantecode/core:test:  [32m✓[39m src/retry-with-backoff.test.ts [2m([22m[2m19 tests[22m[2m)[22m[32m 25[2mms[22m[39m
@dantecode/core:test: [90mstderr[2m | src/security-engine.test.ts
@dantecode/core:test: [22m[39mWarning: Could not configure git (tests using git may fail): Error: Command failed: git config --global user.name DanteCode Test Runner
@dantecode/core:test: [90m    at genericNodeError (node:internal/errors:985:15)[39m
@dantecode/core:test: [90m    at wrappedFn (node:internal/errors:539:14)[39m
@dantecode/core:test: [90m    at checkExecSyncError (node:child_process:925:11)[39m
@dantecode/core:test: [90m    at Proxy.execFileSync (node:child_process:961:15)[39m
@dantecode/core:test:     at C:\Projects\DanteCode\test-setup.ts:22:3
@dantecode/core:test: [90m    at processTicksAndRejections (node:internal/process/task_queues:103:5)[39m
@dantecode/core:test:     at VitestExecutor.runModule (file:///C:/Projects/DanteCode/node_modules/[4mvite-node[24m/dist/client.mjs:397:4)
@dantecode/core:test:     at VitestExecutor.directRequest (file:///C:/Projects/DanteCode/node_modules/[4mvite-node[24m/dist/client.mjs:375:3)
@dantecode/core:test:     at VitestExecutor.cachedRequest (file:///C:/Projects/DanteCode/node_modules/[4mvite-node[24m/dist/client.mjs:189:11)
@dantecode/core:test:     at VitestExecutor.executeId (file:///C:/Projects/DanteCode/node_modules/[4mvite-node[24m/dist/client.mjs:166:10) {
@dantecode/core:test:   status: [33m128[39m,
@dantecode/core:test:   signal: [1mnull[22m,
@dantecode/core:test:   output: [ [1mnull[22m, [1mnull[22m, [1mnull[22m ],
@dantecode/core:test:   pid: [33m37988[39m,
@dantecode/core:test:   stdout: [1mnull[22m,
@dantecode/core:test:   stderr: [1mnull[22m
@dantecode/core:test: }
@dantecode/core:test: 
@dantecode/core:test:  [32m✓[39m src/security-engine.test.ts [2m([22m[2m43 tests[22m[2m)[22m[32m 26[2mms[22m[39m
@dantecode/debug-trail:test:  [32m✓[39m src/state/trail-index.test.ts [2m([22m[2m9 tests[22m[2m)[22m[32m 10[2mms[22m[39m
@dantecode/core:test: [90mstdout[2m | src/entity-extractor-intel.test.ts[2m > [22m[2mEntityExtractor — Heuristic Fallback[2m > [22m[2mfalls back to heuristics on router error
@dantecode/core:test: [22m[39m{"level":"warn","timestamp":"2026-04-01T00:33:02.690Z","message":"Entity extractor failed, falling back to heuristics","context":{"textLength":39},"error":{"message":"API unavailable","stack":"Error: API unavailable\n    at C:\\Projects\\DanteCode\\packages\\core\\src\\entity-extractor-intel.test.ts:81:37\n    at file:///C:/Projects/DanteCode/node_modules/@vitest/runner/dist/chunk-hooks.js:155:11\n    at file:///C:/Projects/DanteCode/node_modules/@vitest/runner/dist/chunk-hooks.js:752:26\n    at file:///C:/Projects/DanteCode/node_modules/@vitest/runner/dist/chunk-hooks.js:1897:20\n    at new Promise (<anonymous>)\n    at runWithTimeout (file:///C:/Projects/DanteCode/node_modules/@vitest/runner/dist/chunk-hooks.js:1863:10)\n    at runTest (file:///C:/Projects/DanteCode/node_modules/@vitest/runner/dist/chunk-hooks.js:1574:12)\n    at processTicksAndRejections (node:internal/process/task_queues:103:5)\n    at runSuite (file:///C:/Projects/DanteCode/node_modules/@vitest/runner/dist/chunk-hooks.js:1729:8)\n    at runSuite (file:///C:/Projects/DanteCode/node_modules/@vitest/runner/dist/chunk-hooks.js:1729:8)"}}
@dantecode/core:test: 
@dantecode/core:test: [90mstdout[2m | src/entity-extractor-intel.test.ts[2m > [22m[2mEntityExtractor — Heuristic Fallback[2m > [22m[2mfalls back to heuristics on malformed JSON
@dantecode/core:test: [22m[39m{"level":"warn","timestamp":"2026-04-01T00:33:02.698Z","message":"Entity extractor failed, falling back to heuristics","context":{"textLength":31},"error":{"message":"Unexpected end of JSON input","stack":"SyntaxError: Unexpected end of JSON input\n    at JSON.parse (<anonymous>)\n    at EntityExtractor.extract (C:\\Projects\\DanteCode\\packages\\core\\src\\entity-extractor.ts:63:27)\n    at processTicksAndRejections (node:internal/process/task_queues:103:5)\n    at C:\\Projects\\DanteCode\\packages\\core\\src\\entity-extractor-intel.test.ts:93:20\n    at file:///C:/Projects/DanteCode/node_modules/@vitest/runner/dist/chunk-hooks.js:752:20"}}
@dantecode/core:test: 
@dantecode/core:test: [90mstdout[2m | src/entity-extractor-intel.test.ts[2m > [22m[2mEntityExtractor — Heuristic Fallback[2m > [22m[2mtruncates long text in heuristic summary
@dantecode/core:test: [22m[39m{"level":"warn","timestamp":"2026-04-01T00:33:02.699Z","message":"Entity extractor failed, falling back to heuristics","context":{"textLength":500},"error":{"message":"fail","stack":"Error: fail\n    at C:\\Projects\\DanteCode\\packages\\core\\src\\entity-extractor-intel.test.ts:100:37\n    at file:///C:/Projects/DanteCode/node_modules/@vitest/runner/dist/chunk-hooks.js:155:11\n    at file:///C:/Projects/DanteCode/node_modules/@vitest/runner/dist/chunk-hooks.js:752:26\n    at file:///C:/Projects/DanteCode/node_modules/@vitest/runner/dist/chunk-hooks.js:1897:20\n    at new Promise (<anonymous>)\n    at runWithTimeout (file:///C:/Projects/DanteCode/node_modules/@vitest/runner/dist/chunk-hooks.js:1863:10)\n    at runTest (file:///C:/Projects/DanteCode/node_modules/@vitest/runner/dist/chunk-hooks.js:1574:12)\n    at processTicksAndRejections (node:internal/process/task_queues:103:5)\n    at runSuite (file:///C:/Projects/DanteCode/node_modules/@vitest/runner/dist/chunk-hooks.js:1729:8)\n    at runSuite (file:///C:/Projects/DanteCode/node_modules/@vitest/runner/dist/chunk-hooks.js:1729:8)"}}
@dantecode/core:test: 
@dantecode/core:test:  [32m✓[39m src/entity-extractor-intel.test.ts [2m([22m[2m10 tests[22m[2m)[22m[32m 20[2mms[22m[39m
@dantecode/debug-trail:test:  [32m✓[39m src/integrations/sandbox-bridge.test.ts [2m([22m[2m6 tests[22m[2m)[22m[32m 12[2mms[22m[39m
@dantecode/debug-trail:test:  [32m✓[39m src/state/session-map.test.ts [2m([22m[2m10 tests[22m[2m)[22m[32m 11[2mms[22m[39m
@dantecode/debug-trail:test:  [32m✓[39m src/state/tombstones.test.ts [2m([22m[2m9 tests[22m[2m)[22m[32m 10[2mms[22m[39m
@dantecode/debug-trail:test:  [32m✓[39m src/integrations/danteforge-bridge.test.ts [2m([22m[2m6 tests[22m[2m)[22m[32m 14[2mms[22m[39m
@dantecode/core:test:  [32m✓[39m src/issue-to-pr.test.ts [2m([22m[2m30 tests[22m[2m)[22m[32m 26[2mms[22m[39m
@dantecode/ux-polish:test:  [32m✓[39m src/surfaces/status-bar.test.ts [2m([22m[2m11 tests[22m[2m)[22m[32m 36[2mms[22m[39m
@dantecode/debug-trail:test:  [32m✓[39m src/e2e-trace.test.ts [2m([22m[2m3 tests[22m[2m)[22m[32m 9[2mms[22m[39m
@dantecode/debug-trail:test:  [32m✓[39m src/__tests__/export-engine.evidence.test.ts [2m([22m[2m4 tests[22m[2m)[22m[33m 385[2mms[22m[39m
@dantecode/core:test:  [32m✓[39m src/circuit-breaker.test.ts [2m([22m[2m16 tests[22m[2m)[22m[32m 23[2mms[22m[39m
@dantecode/debug-trail:test:  [32m✓[39m src/integrations/cli-bridge.test.ts [2m([22m[2m6 tests[22m[2m)[22m[32m 117[2mms[22m[39m
@dantecode/debug-trail:test:  [32m✓[39m src/integrations/vscode-bridge.test.ts [2m([22m[2m6 tests[22m[2m)[22m[32m 118[2mms[22m[39m
@dantecode/ux-polish:test:  [32m✓[39m src/integrations/slash-command-bridge.test.ts [2m([22m[2m16 tests[22m[2m)[22m[32m 11[2mms[22m[39m
@dantecode/ux-polish:test: [90mstderr[2m | src/components/toast.test.ts
@dantecode/ux-polish:test: [22m[39mWarning: Could not configure git (tests using git may fail): Error: Command failed: git config --global user.email test@dantecode.dev
@dantecode/ux-polish:test: [90m    at genericNodeError (node:internal/errors:985:15)[39m
@dantecode/ux-polish:test: [90m    at wrappedFn (node:internal/errors:539:14)[39m
@dantecode/ux-polish:test: [90m    at checkExecSyncError (node:child_process:925:11)[39m
@dantecode/ux-polish:test: [90m    at Proxy.execFileSync (node:child_process:961:15)[39m
@dantecode/ux-polish:test:     at C:\Projects\DanteCode\test-setup.ts:23:3
@dantecode/ux-polish:test: [90m    at processTicksAndRejections (node:internal/process/task_queues:103:5)[39m
@dantecode/ux-polish:test:     at VitestExecutor.runModule (file:///C:/Projects/DanteCode/node_modules/[4mvite-node[24m/dist/client.mjs:397:4)
@dantecode/ux-polish:test:     at VitestExecutor.directRequest (file:///C:/Projects/DanteCode/node_modules/[4mvite-node[24m/dist/client.mjs:375:3)
@dantecode/ux-polish:test:     at VitestExecutor.cachedRequest (file:///C:/Projects/DanteCode/node_modules/[4mvite-node[24m/dist/client.mjs:189:11)
@dantecode/ux-polish:test:     at VitestExecutor.executeId (file:///C:/Projects/DanteCode/node_modules/[4mvite-node[24m/dist/client.mjs:166:10) {
@dantecode/ux-polish:test:   status: [33m255[39m,
@dantecode/ux-polish:test:   signal: [1mnull[22m,
@dantecode/ux-polish:test:   output: [ [1mnull[22m, [1mnull[22m, [1mnull[22m ],
@dantecode/ux-polish:test:   pid: [33m9316[39m,
@dantecode/ux-polish:test:   stdout: [1mnull[22m,
@dantecode/ux-polish:test:   stderr: [1mnull[22m
@dantecode/ux-polish:test: }
@dantecode/ux-polish:test: 
@dantecode/ux-polish:test:  [32m✓[39m src/components/spinner.test.ts [2m([22m[2m9 tests[22m[2m)[22m[32m 131[2mms[22m[39m
@dantecode/core:test:  [32m✓[39m src/permission-engine/approval-gateway-integration.test.ts [2m([22m[2m13 tests[22m[2m)[22m[32m 24[2mms[22m[39m
@dantecode/core:test: [90mstderr[2m | src/tool-runtime/subagent-prerequisite.test.ts
@dantecode/core:test: [22m[39mWarning: Could not configure git (tests using git may fail): Error: Command failed: git config --global user.name DanteCode Test Runner
@dantecode/core:test: [90m    at genericNodeError (node:internal/errors:985:15)[39m
@dantecode/core:test: [90m    at wrappedFn (node:internal/errors:539:14)[39m
@dantecode/core:test: [90m    at checkExecSyncError (node:child_process:925:11)[39m
@dantecode/core:test: [90m    at Proxy.execFileSync (node:child_process:961:15)[39m
@dantecode/core:test:     at C:\Projects\DanteCode\test-setup.ts:22:3
@dantecode/core:test: [90m    at processTicksAndRejections (node:internal/process/task_queues:103:5)[39m
@dantecode/core:test:     at VitestExecutor.runModule (file:///C:/Projects/DanteCode/node_modules/[4mvite-node[24m/dist/client.mjs:397:4)
@dantecode/core:test:     at VitestExecutor.directRequest (file:///C:/Projects/DanteCode/node_modules/[4mvite-node[24m/dist/client.mjs:375:3)
@dantecode/core:test:     at VitestExecutor.cachedRequest (file:///C:/Projects/DanteCode/node_modules/[4mvite-node[24m/dist/client.mjs:189:11)
@dantecode/core:test:     at VitestExecutor.executeId (file:///C:/Projects/DanteCode/node_modules/[4mvite-node[24m/dist/client.mjs:166:10) {
@dantecode/core:test:   status: [33m128[39m,
@dantecode/core:test:   signal: [1mnull[22m,
@dantecode/core:test:   output: [ [1mnull[22m, [1mnull[22m, [1mnull[22m ],
@dantecode/core:test:   pid: [33m35880[39m,
@dantecode/core:test:   stdout: [1mnull[22m,
@dantecode/core:test:   stderr: [1mnull[22m
@dantecode/core:test: }
@dantecode/core:test: 
@dantecode/core:test:  [32m✓[39m src/sandbox-engine.test.ts [2m([22m[2m30 tests[22m[2m)[22m[32m 25[2mms[22m[39m
@dantecode/core:test: [90mstderr[2m | src/vector-store.test.ts
@dantecode/core:test: [22m[39mWarning: Could not configure git (tests using git may fail): Error: Command failed: git config --global user.email test@dantecode.dev
@dantecode/core:test: [90m    at genericNodeError (node:internal/errors:985:15)[39m
@dantecode/core:test: [90m    at wrappedFn (node:internal/errors:539:14)[39m
@dantecode/core:test: [90m    at checkExecSyncError (node:child_process:925:11)[39m
@dantecode/core:test: [90m    at Proxy.execFileSync (node:child_process:961:15)[39m
@dantecode/core:test:     at C:\Projects\DanteCode\test-setup.ts:23:3
@dantecode/core:test: [90m    at processTicksAndRejections (node:internal/process/task_queues:103:5)[39m
@dantecode/core:test:     at VitestExecutor.runModule (file:///C:/Projects/DanteCode/node_modules/[4mvite-node[24m/dist/client.mjs:397:4)
@dantecode/core:test:     at VitestExecutor.directRequest (file:///C:/Projects/DanteCode/node_modules/[4mvite-node[24m/dist/client.mjs:375:3)
@dantecode/core:test:     at VitestExecutor.cachedRequest (file:///C:/Projects/DanteCode/node_modules/[4mvite-node[24m/dist/client.mjs:189:11)
@dantecode/core:test:     at VitestExecutor.executeId (file:///C:/Projects/DanteCode/node_modules/[4mvite-node[24m/dist/client.mjs:166:10) {
@dantecode/core:test:   status: [33m255[39m,
@dantecode/core:test:   signal: [1mnull[22m,
@dantecode/core:test:   output: [ [1mnull[22m, [1mnull[22m, [1mnull[22m ],
@dantecode/core:test:   pid: [33m34976[39m,
@dantecode/core:test:   stdout: [1mnull[22m,
@dantecode/core:test:   stderr: [1mnull[22m
@dantecode/core:test: }
@dantecode/core:test: 
@dantecode/core:test:  [32m✓[39m src/tool-runtime/subagent-prerequisite.test.ts [2m([22m[2m2 tests[22m[2m)[22m[32m 21[2mms[22m[39m
@dantecode/core:test: [90mstderr[2m | src/code-index.test.ts
@dantecode/core:test: [22m[39mWarning: Could not configure git (tests using git may fail): Error: Command failed: git config --global user.name DanteCode Test Runner
@dantecode/core:test: [90m    at genericNodeError (node:internal/errors:985:15)[39m
@dantecode/core:test: [90m    at wrappedFn (node:internal/errors:539:14)[39m
@dantecode/core:test: [90m    at checkExecSyncError (node:child_process:925:11)[39m
@dantecode/core:test: [90m    at Proxy.execFileSync (node:child_process:961:15)[39m
@dantecode/core:test:     at C:\Projects\DanteCode\test-setup.ts:22:3
@dantecode/core:test: [90m    at processTicksAndRejections (node:internal/process/task_queues:103:5)[39m
@dantecode/core:test:     at VitestExecutor.runModule (file:///C:/Projects/DanteCode/node_modules/[4mvite-node[24m/dist/client.mjs:397:4)
@dantecode/core:test:     at VitestExecutor.directRequest (file:///C:/Projects/DanteCode/node_modules/[4mvite-node[24m/dist/client.mjs:375:3)
@dantecode/core:test:     at VitestExecutor.cachedRequest (file:///C:/Projects/DanteCode/node_modules/[4mvite-node[24m/dist/client.mjs:189:11)
@dantecode/core:test:     at VitestExecutor.executeId (file:///C:/Projects/DanteCode/node_modules/[4mvite-node[24m/dist/client.mjs:166:10) {
@dantecode/core:test:   status: [33m255[39m,
@dantecode/core:test:   signal: [1mnull[22m,
@dantecode/core:test:   output: [ [1mnull[22m, [1mnull[22m, [1mnull[22m ],
@dantecode/core:test:   pid: [33m39476[39m,
@dantecode/core:test:   stdout: [1mnull[22m,
@dantecode/core:test:   stderr: [1mnull[22m
@dantecode/core:test: }
@dantecode/core:test: 
@dantecode/debug-trail:test:  [32m✓[39m src/__tests__/evidence-bridge.test.ts [2m([22m[2m6 tests[22m[2m)[22m[33m 904[2mms[22m[39m
@dantecode/debug-trail:test:    [33m[2m✓[22m[39m EvidenceBridge[2m > [22mgetSessionMerkleRoot() returns a 64-char hex string after events are logged [33m 551[2mms[22m[39m
@dantecode/debug-trail:test:    [33m[2m✓[22m[39m EvidenceBridge[2m > [22mverifyChainIntegrity() returns true on a clean session with multiple events [33m 316[2mms[22m[39m
@dantecode/dante-sandbox:test: 
@dantecode/dante-sandbox:test: > @dantecode/dante-sandbox@0.9.2 test
@dantecode/dante-sandbox:test: > vitest run --config ../../vitest.package.config.ts
@dantecode/dante-sandbox:test: 
@dantecode/core:test:  [32m✓[39m src/vector-store.test.ts [2m([22m[2m20 tests[22m[2m)[22m[32m 25[2mms[22m[39m
@dantecode/git-engine:test: 
@dantecode/git-engine:test: > @dantecode/git-engine@0.9.2 test
@dantecode/git-engine:test: > vitest run --config ../../vitest.package.config.ts
@dantecode/git-engine:test: 
@dantecode/core:test:  [32m✓[39m src/code-index.test.ts [2m([22m[2m21 tests[22m[2m)[22m[32m 22[2mms[22m[39m
@dantecode/ux-polish:test: [90mstderr[2m | src/integrations/memory-engine-bridge.test.ts
@dantecode/ux-polish:test: [22m[39mWarning: Could not configure git (tests using git may fail): Error: Command failed: git config --global user.email test@dantecode.dev
@dantecode/ux-polish:test: [90m    at genericNodeError (node:internal/errors:985:15)[39m
@dantecode/ux-polish:test: [90m    at wrappedFn (node:internal/errors:539:14)[39m
@dantecode/ux-polish:test: [90m    at checkExecSyncError (node:child_process:925:11)[39m
@dantecode/ux-polish:test: [90m    at Proxy.execFileSync (node:child_process:961:15)[39m
@dantecode/ux-polish:test:     at C:\Projects\DanteCode\test-setup.ts:23:3
@dantecode/ux-polish:test: [90m    at processTicksAndRejections (node:internal/process/task_queues:103:5)[39m
@dantecode/ux-polish:test:     at VitestExecutor.runModule (file:///C:/Projects/DanteCode/node_modules/[4mvite-node[24m/dist/client.mjs:397:4)
@dantecode/ux-polish:test:     at VitestExecutor.directRequest (file:///C:/Projects/DanteCode/node_modules/[4mvite-node[24m/dist/client.mjs:375:3)
@dantecode/ux-polish:test:     at VitestExecutor.cachedRequest (file:///C:/Projects/DanteCode/node_modules/[4mvite-node[24m/dist/client.mjs:189:11)
@dantecode/ux-polish:test:     at VitestExecutor.executeId (file:///C:/Projects/DanteCode/node_modules/[4mvite-node[24m/dist/client.mjs:166:10) {
@dantecode/ux-polish:test:   status: [33m255[39m,
@dantecode/ux-polish:test:   signal: [1mnull[22m,
@dantecode/ux-polish:test:   output: [ [1mnull[22m, [1mnull[22m, [1mnull[22m ],
@dantecode/ux-polish:test:   pid: [33m47952[39m,
@dantecode/ux-polish:test:   stdout: [1mnull[22m,
@dantecode/ux-polish:test:   stderr: [1mnull[22m
@dantecode/ux-polish:test: }
@dantecode/ux-polish:test: 
@dantecode/debug-trail:test:  [32m✓[39m src/policies/retention-policy.test.ts [2m([22m[2m8 tests[22m[2m)[22m[32m 10[2mms[22m[39m
@dantecode/debug-trail:test:  [32m✓[39m src/export-engine.sarif.test.ts [2m([22m[2m30 tests[22m[2m)[22m[33m 1850[2mms[22m[39m
@dantecode/debug-trail:test:    [33m[2m✓[22m[39m ExportEngine — disk write (csv + sarif)[2m > [22mDISK-02: SARIF export writes a file to the specified outputPath [33m 479[2mms[22m[39m
@dantecode/debug-trail:test:    [33m[2m✓[22m[39m ExportEngine — disk write (csv + sarif)[2m > [22mDISK-03: SARIF export uses .sarif extension when no outputPath given [33m 960[2mms[22m[39m
@dantecode/debug-trail:test:    [33m[2m✓[22m[39m ExportEngine — disk write (csv + sarif)[2m > [22mDISK-04: CSV export uses .csv extension when no outputPath given [33m 301[2mms[22m[39m
@dantecode/core:test:  [32m✓[39m src/boundary-tracker.test.ts [2m([22m[2m27 tests[22m[2m)[22m[32m 22[2mms[22m[39m
@dantecode/core:test:  [32m✓[39m src/playbook-memory.test.ts [2m([22m[2m25 tests[22m[2m)[22m[32m 23[2mms[22m[39m
@dantecode/core:test:  [32m✓[39m src/web-fetch-engine.test.ts [2m([22m[2m25 tests[22m[2m)[22m[32m 23[2mms[22m[39m
@dantecode/debug-trail:test: [90mstderr[2m | src/policies/compression-policy.test.ts
@dantecode/debug-trail:test: [22m[39mWarning: Could not configure git (tests using git may fail): Error: Command failed: git config --global user.email test@dantecode.dev
@dantecode/debug-trail:test: [90m    at genericNodeError (node:internal/errors:985:15)[39m
@dantecode/debug-trail:test: [90m    at wrappedFn (node:internal/errors:539:14)[39m
@dantecode/debug-trail:test: [90m    at checkExecSyncError (node:child_process:925:11)[39m
@dantecode/debug-trail:test: [90m    at Proxy.execFileSync (node:child_process:961:15)[39m
@dantecode/debug-trail:test:     at C:\Projects\DanteCode\test-setup.ts:23:3
@dantecode/debug-trail:test: [90m    at processTicksAndRejections (node:internal/process/task_queues:103:5)[39m
@dantecode/debug-trail:test:     at VitestExecutor.runModule (file:///C:/Projects/DanteCode/node_modules/[4mvite-node[24m/dist/client.mjs:397:4)
@dantecode/debug-trail:test:     at VitestExecutor.directRequest (file:///C:/Projects/DanteCode/node_modules/[4mvite-node[24m/dist/client.mjs:375:3)
@dantecode/debug-trail:test:     at VitestExecutor.cachedRequest (file:///C:/Projects/DanteCode/node_modules/[4mvite-node[24m/dist/client.mjs:189:11)
@dantecode/debug-trail:test:     at VitestExecutor.executeId (file:///C:/Projects/DanteCode/node_modules/[4mvite-node[24m/dist/client.mjs:166:10) {
@dantecode/debug-trail:test:   status: [33m255[39m,
@dantecode/debug-trail:test:   signal: [1mnull[22m,
@dantecode/debug-trail:test:   output: [ [1mnull[22m, [1mnull[22m, [1mnull[22m ],
@dantecode/debug-trail:test:   pid: [33m49844[39m,
@dantecode/debug-trail:test:   stdout: [1mnull[22m,
@dantecode/debug-trail:test:   stderr: [1mnull[22m
@dantecode/debug-trail:test: }
@dantecode/debug-trail:test: 
@dantecode/debug-trail:test:  [32m✓[39m src/policies/compression-policy.test.ts [2m([22m[2m8 tests[22m[2m)[22m[32m 8[2mms[22m[39m
@dantecode/skill-adapter:test: 
@dantecode/skill-adapter:test: > @dantecode/skill-adapter@0.9.2 test
@dantecode/skill-adapter:test: > vitest run --config ../../vitest.package.config.ts
@dantecode/skill-adapter:test: 
@dantecode/core:test: [90mstderr[2m | src/autoforge-checkpoint.test.ts
@dantecode/core:test: [22m[39mWarning: Could not configure git (tests using git may fail): Error: Command failed: git config --global user.name DanteCode Test Runner
@dantecode/core:test: [90m    at genericNodeError (node:internal/errors:985:15)[39m
@dantecode/core:test: [90m    at wrappedFn (node:internal/errors:539:14)[39m
@dantecode/core:test: [90m    at checkExecSyncError (node:child_process:925:11)[39m
@dantecode/core:test: [90m    at Proxy.execFileSync (node:child_process:961:15)[39m
@dantecode/core:test:     at C:\Projects\DanteCode\test-setup.ts:22:3
@dantecode/core:test: [90m    at processTicksAndRejections (node:internal/process/task_queues:103:5)[39m
@dantecode/core:test:     at VitestExecutor.runModule (file:///C:/Projects/DanteCode/node_modules/[4mvite-node[24m/dist/client.mjs:397:4)
@dantecode/core:test:     at VitestExecutor.directRequest (file:///C:/Projects/DanteCode/node_modules/[4mvite-node[24m/dist/client.mjs:375:3)
@dantecode/core:test:     at VitestExecutor.cachedRequest (file:///C:/Projects/DanteCode/node_modules/[4mvite-node[24m/dist/client.mjs:189:11)
@dantecode/core:test:     at VitestExecutor.executeId (file:///C:/Projects/DanteCode/node_modules/[4mvite-node[24m/dist/client.mjs:166:10) {
@dantecode/core:test:   status: [33m255[39m,
@dantecode/core:test:   signal: [1mnull[22m,
@dantecode/core:test:   output: [ [1mnull[22m, [1mnull[22m, [1mnull[22m ],
@dantecode/core:test:   pid: [33m50792[39m,
@dantecode/core:test:   stdout: [1mnull[22m,
@dantecode/core:test:   stderr: [1mnull[22m
@dantecode/core:test: }
@dantecode/core:test: 
@dantecode/debug-trail:test:  [32m✓[39m src/integrations/git-bridge.test.ts [2m([22m[2m5 tests[22m[2m)[22m[32m 8[2mms[22m[39m
@dantecode/core:test:  [32m✓[39m src/skill-wave-orchestrator.test.ts [2m([22m[2m44 tests[22m[2m)[22m[32m 17[2mms[22m[39m
@dantecode/ux-polish:test:  [32m✓[39m src/onboarding.test.ts [2m([22m[2m15 tests[22m[2m)[22m[32m 96[2mms[22m[39m
@dantecode/core:test:  [32m✓[39m src/github-client.test.ts [2m([22m[2m18 tests[22m[2m)[22m[32m 23[2mms[22m[39m
@dantecode/debug-trail:test:  [32m✓[39m src/__tests__/replay-verifier.test.ts [2m([22m[2m4 tests[22m[2m)[22m[33m 1929[2mms[22m[39m
@dantecode/debug-trail:test:    [33m[2m✓[22m[39m ReplayOrchestrator — verifyReplayDeterminism[2m > [22msession with no file_write events → determinismRate = 1.0 and total = 0 [33m 958[2mms[22m[39m
@dantecode/debug-trail:test:    [33m[2m✓[22m[39m ReplayOrchestrator — verifyReplayDeterminism[2m > [22msession with file_write for non-existent file → replayHash = 'file_missing' [33m 701[2mms[22m[39m
@dantecode/core:test:  [32m✓[39m src/autoforge-checkpoint.test.ts [2m([22m[2m20 tests[22m[2m)[22m[32m 22[2mms[22m[39m
@dantecode/core:test: [90mstderr[2m | src/production-engine.test.ts
@dantecode/core:test: [22m[39mWarning: Could not configure git (tests using git may fail): Error: Command failed: git config --global user.name DanteCode Test Runner
@dantecode/core:test: [90m    at genericNodeError (node:internal/errors:985:15)[39m
@dantecode/core:test: [90m    at wrappedFn (node:internal/errors:539:14)[39m
@dantecode/core:test: [90m    at checkExecSyncError (node:child_process:925:11)[39m
@dantecode/core:test: [90m    at Proxy.execFileSync (node:child_process:961:15)[39m
@dantecode/core:test:     at C:\Projects\DanteCode\test-setup.ts:22:3
@dantecode/core:test: [90m    at processTicksAndRejections (node:internal/process/task_queues:103:5)[39m
@dantecode/core:test:     at VitestExecutor.runModule (file:///C:/Projects/DanteCode/node_modules/[4mvite-node[24m/dist/client.mjs:397:4)
@dantecode/core:test:     at VitestExecutor.directRequest (file:///C:/Projects/DanteCode/node_modules/[4mvite-node[24m/dist/client.mjs:375:3)
@dantecode/core:test:     at VitestExecutor.cachedRequest (file:///C:/Projects/DanteCode/node_modules/[4mvite-node[24m/dist/client.mjs:189:11)
@dantecode/core:test:     at VitestExecutor.executeId (file:///C:/Projects/DanteCode/node_modules/[4mvite-node[24m/dist/client.mjs:166:10) {
@dantecode/core:test:   status: [33m128[39m,
@dantecode/core:test:   signal: [1mnull[22m,
@dantecode/core:test:   output: [ [1mnull[22m, [1mnull[22m, [1mnull[22m ],
@dantecode/core:test:   pid: [33m50900[39m,
@dantecode/core:test:   stdout: [1mnull[22m,
@dantecode/core:test:   stderr: [1mnull[22m
@dantecode/core:test: }
@dantecode/core:test: 
@dantecode/workspace:build: 
@dantecode/workspace:build: > @dantecode/workspace@0.1.0 build
@dantecode/workspace:build: > tsup
@dantecode/workspace:build: 
@dantecode/core:test:  [32m✓[39m src/production-engine.test.ts [2m([22m[2m30 tests[22m[2m)[22m[32m 18[2mms[22m[39m
@dantecode/core:test:  [32m✓[39m src/subagent-manager.test.ts [2m([22m[2m39 tests[22m[2m)[22m[32m 24[2mms[22m[39m
@dantecode/core:test:  [32m✓[39m src/session-store.test.ts [2m([22m[2m26 tests[22m[2m)[22m[32m 20[2mms[22m[39m
@dantecode/core:test:  [32m✓[39m src/search-providers.test.ts [2m([22m[2m22 tests[22m[2m)[22m[32m 22[2mms[22m[39m
@dantecode/core:test:  [32m✓[39m src/tool-runtime/approval-gateway.test.ts [2m([22m[2m6 tests[22m[2m)[22m[32m 23[2mms[22m[39m
@dantecode/core:test:  [32m✓[39m src/search-freshness-tracker.test.ts [2m([22m[2m10 tests[22m[2m)[22m[32m 18[2mms[22m[39m
@dantecode/core:test: [90mstderr[2m | src/hierarchical-planner.test.ts
@dantecode/core:test: [22m[39mWarning: Could not configure git (tests using git may fail): Error: Command failed: git config --global user.email test@dantecode.dev
@dantecode/core:test: [90m    at genericNodeError (node:internal/errors:985:15)[39m
@dantecode/core:test: [90m    at wrappedFn (node:internal/errors:539:14)[39m
@dantecode/core:test: [90m    at checkExecSyncError (node:child_process:925:11)[39m
@dantecode/core:test: [90m    at Proxy.execFileSync (node:child_process:961:15)[39m
@dantecode/core:test:     at C:\Projects\DanteCode\test-setup.ts:23:3
@dantecode/core:test: [90m    at processTicksAndRejections (node:internal/process/task_queues:103:5)[39m
@dantecode/core:test:     at VitestExecutor.runModule (file:///C:/Projects/DanteCode/node_modules/[4mvite-node[24m/dist/client.mjs:397:4)
@dantecode/core:test:     at VitestExecutor.directRequest (file:///C:/Projects/DanteCode/node_modules/[4mvite-node[24m/dist/client.mjs:375:3)
@dantecode/core:test:     at VitestExecutor.cachedRequest (file:///C:/Projects/DanteCode/node_modules/[4mvite-node[24m/dist/client.mjs:189:11)
@dantecode/core:test:     at VitestExecutor.executeId (file:///C:/Projects/DanteCode/node_modules/[4mvite-node[24m/dist/client.mjs:166:10) {
@dantecode/core:test:   status: [33m255[39m,
@dantecode/core:test:   signal: [1mnull[22m,
@dantecode/core:test:   output: [ [1mnull[22m, [1mnull[22m, [1mnull[22m ],
@dantecode/core:test:   pid: [33m49820[39m,
@dantecode/core:test:   stdout: [1mnull[22m,
@dantecode/core:test:   stderr: [1mnull[22m
@dantecode/core:test: }
@dantecode/core:test: 
@dantecode/core:test:  [32m✓[39m src/docker-agent.test.ts [2m([22m[2m25 tests[22m[2m)[22m[32m 20[2mms[22m[39m
@dantecode/core:test:  [32m✓[39m src/hierarchical-planner.test.ts [2m([22m[2m30 tests[22m[2m)[22m[32m 16[2mms[22m[39m
@dantecode/core:test:  [31m❯[39m src/providers/providers.test.ts [2m([22m[2m24 tests[22m[2m | [22m[31m1 failed[39m[2m)[22m[32m 31[2mms[22m[39m
@dantecode/core:test:    [32m✓[39m providers[2m > [22mbuildAnthropicProvider[2m > [22mthrows when no API key is available[32m 3[2mms[22m[39m
@dantecode/core:test:    [32m✓[39m providers[2m > [22mbuildAnthropicProvider[2m > [22muses config.apiKey when provided[32m 3[2mms[22m[39m
@dantecode/core:test:    [32m✓[39m providers[2m > [22mbuildAnthropicProvider[2m > [22mfalls back to ANTHROPIC_API_KEY env var[32m 1[2mms[22m[39m
@dantecode/core:test:    [32m✓[39m providers[2m > [22mbuildAnthropicProvider[2m > [22mprefers config.apiKey over env var[32m 0[2mms[22m[39m
@dantecode/core:test:    [32m✓[39m providers[2m > [22mbuildAnthropicProvider[2m > [22merror message includes setup instructions[32m 0[2mms[22m[39m
@dantecode/core:test:    [32m✓[39m providers[2m > [22mbuildOpenAIProvider[2m > [22mthrows when no API key is available[32m 0[2mms[22m[39m
@dantecode/core:test:    [32m✓[39m providers[2m > [22mbuildOpenAIProvider[2m > [22muses config.apiKey when provided[32m 0[2mms[22m[39m
@dantecode/core:test:    [32m✓[39m providers[2m > [22mbuildOpenAIProvider[2m > [22mfalls back to OPENAI_API_KEY env var[32m 0[2mms[22m[39m
@dantecode/core:test:    [32m✓[39m providers[2m > [22mbuildOpenAIProvider[2m > [22mpasses baseUrl when configured[32m 0[2mms[22m[39m
@dantecode/core:test:    [32m✓[39m providers[2m > [22mbuildOpenAIProvider[2m > [22mdoes not pass baseURL when not configured[32m 1[2mms[22m[39m
@dantecode/core:test:    [32m✓[39m providers[2m > [22mbuildOpenAIProvider[2m > [22merror message includes setup instructions[32m 0[2mms[22m[39m
@dantecode/core:test:    [32m✓[39m providers[2m > [22mbuildGrokProvider[2m > [22mthrows when no API key is available[32m 0[2mms[22m[39m
@dantecode/core:test: [31m   [31m×[31m providers[2m > [22mbuildGrokProvider[2m > [22muses config.apiKey when provided[39m[32m 15[2mms[22m[39m[33m (retry x1)[39m
@dantecode/core:test: [31m     → expected "spy" to be called with arguments: [ ObjectContaining{…} ][90m
@dantecode/core:test: 
@dantecode/core:test: Received: 
@dantecode/core:test: 
@dantecode/core:test: [1m  1st spy call:
@dantecode/core:test: 
@dantecode/core:test: [22m[2m  [[22m
@dantecode/core:test: [32m-   ObjectContaining {[90m
@dantecode/core:test: [31m+   {[90m
@dantecode/core:test: [2m      "apiKey": "xai-key",[22m
@dantecode/core:test: [2m      "baseURL": "https://api.x.ai/v1",[22m
@dantecode/core:test: [32m-     "compatibility": "compatible",[90m
@dantecode/core:test: [31m+     "compatibility": "strict",[90m
@dantecode/core:test: [31m+     "headers": {[90m
@dantecode/core:test: [31m+       "X-Client": "dantecode/1.0.0",[90m
@dantecode/core:test: [31m+     },[90m
@dantecode/core:test: [2m    },[22m
@dantecode/core:test: [2m  ][22m
@dantecode/core:test: [31m[90m
@dantecode/core:test: 
@dantecode/core:test: Number of calls: [1m1[22m
@dantecode/core:test: [31m[39m
@dantecode/core:test: [31m     → expected "spy" to be called with arguments: [ ObjectContaining{…} ][90m
@dantecode/core:test: 
@dantecode/core:test: Received: 
@dantecode/core:test: 
@dantecode/core:test: [1m  1st spy call:
@dantecode/core:test: 
@dantecode/core:test: [22m[2m  [[22m
@dantecode/core:test: [32m-   ObjectContaining {[90m
@dantecode/core:test: [31m+   {[90m
@dantecode/core:test: [2m      "apiKey": "xai-key",[22m
@dantecode/core:test: [2m      "baseURL": "https://api.x.ai/v1",[22m
@dantecode/core:test: [32m-     "compatibility": "compatible",[90m
@dantecode/core:test: [31m+     "compatibility": "strict",[90m
@dantecode/core:test: [31m+     "headers": {[90m
@dantecode/core:test: [31m+       "X-Client": "dantecode/1.0.0",[90m
@dantecode/core:test: [31m+     },[90m
@dantecode/core:test: [2m    },[22m
@dantecode/core:test: [2m  ][22m
@dantecode/core:test: [31m[90m
@dantecode/core:test: 
@dantecode/core:test: Number of calls: [1m1[22m
@dantecode/core:test: [31m[39m
@dantecode/core:test:    [32m✓[39m providers[2m > [22mbuildGrokProvider[2m > [22mfalls back to XAI_API_KEY env var first[32m 0[2mms[22m[39m
@dantecode/core:test:    [32m✓[39m providers[2m > [22mbuildGrokProvider[2m > [22mfalls back to GROK_API_KEY env var[32m 0[2mms[22m[39m
@dantecode/core:test:    [32m✓[39m providers[2m > [22mbuildGrokProvider[2m > [22mincludes X-Client header[32m 0[2mms[22m[39m
@dantecode/core:test:    [32m✓[39m providers[2m > [22mbuildGrokProvider[2m > [22merror message includes setup instructions[32m 0[2mms[22m[39m
@dantecode/core:test:    [32m✓[39m providers[2m > [22mbuildOllamaProvider[2m > [22mdoes not require an API key[32m 0[2mms[22m[39m
@dantecode/core:test:    [32m✓[39m providers[2m > [22mbuildOllamaProvider[2m > [22muses default localhost base URL[32m 0[2mms[22m[39m
@dantecode/core:test:    [32m✓[39m providers[2m > [22mbuildOllamaProvider[2m > [22muses OLLAMA_BASE_URL env var when set[32m 0[2mms[22m[39m
@dantecode/core:test:    [32m✓[39m providers[2m > [22mbuildOllamaProvider[2m > [22mnormalizes OLLAMA_BASE_URL values that omit /v1[32m 0[2mms[22m[39m
@dantecode/core:test:    [32m✓[39m providers[2m > [22mbuildOllamaProvider[2m > [22mprefers config.baseUrl over env var[32m 0[2mms[22m[39m
@dantecode/core:test:    [32m✓[39m providers[2m > [22mbuildOllamaProvider[2m > [22mnormalizes config.baseUrl values that omit /v1[32m 0[2mms[22m[39m
@dantecode/core:test:    [32m✓[39m providers[2m > [22mbuildOllamaProvider[2m > [22mreturns the model from the factory[32m 0[2mms[22m[39m
@dantecode/core:test:  [32m✓[39m src/context-condenser.test.ts [2m([22m[2m32 tests[22m[2m)[22m[32m 20[2mms[22m[39m
@dantecode/dante-sandbox:test: 
@dantecode/dante-sandbox:test: [1m[46m RUN [49m[22m [36mv3.2.4 [39m[90mC:/Projects/DanteCode/packages/dante-sandbox[39m
@dantecode/dante-sandbox:test: 
dantecode:build: 
dantecode:build: > dantecode@0.9.2 build
dantecode:build: > tsup
dantecode:build: 
@dantecode/git-engine:test: 
@dantecode/git-engine:test: [1m[46m RUN [49m[22m [36mv3.2.4 [39m[90mC:/Projects/DanteCode/packages/git-engine[39m
@dantecode/git-engine:test: 
@dantecode/debug-trail:test:  [32m✓[39m src/__tests__/audit-logger.evidence.test.ts [2m([22m[2m8 tests[22m[2m)[22m[33m 3825[2mms[22m[39m
@dantecode/debug-trail:test:    [33m[2m✓[22m[39m AuditLogger — Evidence Chain[2m > [22mlogging 100 events produces a chain where verifyIntegrity returns true [33m 2951[2mms[22m[39m
@dantecode/debug-trail:test:    [33m[2m✓[22m[39m AuditLogger — Evidence Chain[2m > [22mlogging 10 events produces a non-empty 64-char hex Merkle root [33m 625[2mms[22m[39m
@dantecode/core:test:  [32m✓[39m src/approach-memory.test.ts [2m([22m[2m19 tests[22m[2m)[22m[32m 15[2mms[22m[39m
@dantecode/core:test:  [32m✓[39m src/security-pipeline.test.ts [2m([22m[2m29 tests[22m[2m)[22m[32m 18[2mms[22m[39m
@dantecode/ux-polish:test:  [32m✓[39m src/tokens.test.ts [2m([22m[2m30 tests[22m[2m)[22m[32m 11[2mms[22m[39m
@dantecode/core:test:  [32m✓[39m src/custom-modes.test.ts [2m([22m[2m31 tests[22m[2m)[22m[32m 17[2mms[22m[39m
@dantecode/ux-polish:test:  [32m✓[39m src/help-engine.test.ts [2m([22m[2m19 tests[22m[2m)[22m[32m 13[2mms[22m[39m
@dantecode/ux-polish:test:  [32m✓[39m src/integrations/model-router-bridge.test.ts [2m([22m[2m16 tests[22m[2m)[22m[32m 11[2mms[22m[39m
@dantecode/ux-polish:test:  [32m✓[39m src/progress-orchestrator.test.ts [2m([22m[2m20 tests[22m[2m)[22m[32m 13[2mms[22m[39m
@dantecode/ux-polish:test:  [32m✓[39m src/surfaces.test.ts [2m([22m[2m25 tests[22m[2m)[22m[32m 13[2mms[22m[39m
@dantecode/ux-polish:test:  [32m✓[39m src/integrations/memory-engine-bridge.test.ts [2m([22m[2m22 tests[22m[2m)[22m[32m 12[2mms[22m[39m
@dantecode/core:test:  [32m✓[39m src/reasoning-chain.test.ts [2m([22m[2m32 tests[22m[2m)[22m[32m 19[2mms[22m[39m
@dantecode/core:test:  [32m✓[39m src/task-circuit-breaker.test.ts [2m([22m[2m34 tests[22m[2m)[22m[32m 18[2mms[22m[39m
@dantecode/core:test:  [32m✓[39m src/github-cli-engine.test.ts [2m([22m[2m30 tests[22m[2m)[22m[32m 18[2mms[22m[39m
@dantecode/core:test:  [32m✓[39m src/capability-fingerprint.test.ts [2m([22m[2m25 tests[22m[2m)[22m[32m 19[2mms[22m[39m
@dantecode/ux-polish:test:  [32m✓[39m src/audit/consistency-audit.test.ts [2m([22m[2m15 tests[22m[2m)[22m[32m 12[2mms[22m[39m
@dantecode/ux-polish:test: [36mℹ[0m Test message
@dantecode/ux-polish:test: [36mℹ[0m Auto-dismiss test
@dantecode/ux-polish:test: [36mℹ[0m Toast 1
@dantecode/ux-polish:test: [36mℹ[0m Toast 2
@dantecode/ux-polish:test: [36mℹ[0m Toast 3
@dantecode/ux-polish:test: [36mℹ[0m Toast 4
@dantecode/ux-polish:test: [36mℹ[0m Persistent
@dantecode/ux-polish:test: [36mℹ[0m Action toast
@dantecode/ux-polish:test: [36mℹ[0m Dismissible
@dantecode/ux-polish:test: [36mℹ[0m Toast 1
@dantecode/ux-polish:test: [32m✓[0m Toast 2
@dantecode/ux-polish:test: [33m⚠[0m Toast 3
@dantecode/ux-polish:test: [36mℹ[0m Info
@dantecode/ux-polish:test: [32m✓[0m Success
@dantecode/ux-polish:test: [33m⚠[0m Warning
@dantecode/ux-polish:test: [31m✗[0m Error
@dantecode/ux-polish:test: [32m✓[0m Singleton test
@dantecode/ux-polish:test: [36mℹ[0m Test
@dantecode/ux-polish:test:  [32m✓[39m src/components/toast.test.ts [2m([22m[2m10 tests[22m[2m)[22m[32m 18[2mms[22m[39m
@dantecode/ux-polish:test:  [32m✓[39m src/surfaces/token-dashboard.test.ts [2m([22m[2m10 tests[22m[2m)[22m[32m 33[2mms[22m[39m
@dantecode/ux-polish:test:  [32m✓[39m src/integrations/pdse-bridge.test.ts [2m([22m[2m21 tests[22m[2m)[22m[32m 12[2mms[22m[39m
@dantecode/ux-polish:test:  [32m✓[39m src/surfaces/diff-renderer.test.ts [2m([22m[2m15 tests[22m[2m)[22m[32m 36[2mms[22m[39m
@dantecode/ux-polish:test:  [32m✓[39m src/components/menu.test.ts [2m([22m[2m10 tests[22m[2m)[22m[32m 11[2mms[22m[39m
@dantecode/ux-polish:test:  [32m✓[39m src/benchmarks/ux-benchmark.test.ts [2m([22m[2m23 tests[22m[2m)[22m[32m 31[2mms[22m[39m
@dantecode/ux-polish:test:  [32m✓[39m src/accessibility.test.ts [2m([22m[2m34 tests[22m[2m)[22m[32m 14[2mms[22m[39m
@dantecode/ux-polish:test:  [32m✓[39m src/golden-flows.test.ts [2m([22m[2m28 tests[22m[2m)[22m[32m 22[2mms[22m[39m
@dantecode/dante-sandbox:test: [90mstderr[2m | src/cleanup.test.ts
@dantecode/dante-sandbox:test: [22m[39mWarning: Could not configure git (tests using git may fail): Error: Command failed: git config --global user.name DanteCode Test Runner
@dantecode/dante-sandbox:test: [90m    at genericNodeError (node:internal/errors:985:15)[39m
@dantecode/dante-sandbox:test: [90m    at wrappedFn (node:internal/errors:539:14)[39m
@dantecode/dante-sandbox:test: [90m    at checkExecSyncError (node:child_process:925:11)[39m
@dantecode/dante-sandbox:test: [90m    at Proxy.execFileSync (node:child_process:961:15)[39m
@dantecode/dante-sandbox:test:     at C:\Projects\DanteCode\test-setup.ts:22:3
@dantecode/dante-sandbox:test: [90m    at processTicksAndRejections (node:internal/process/task_queues:103:5)[39m
@dantecode/dante-sandbox:test:     at VitestExecutor.runModule (file:///C:/Projects/DanteCode/node_modules/[4mvite-node[24m/dist/client.mjs:397:4)
@dantecode/dante-sandbox:test:     at VitestExecutor.directRequest (file:///C:/Projects/DanteCode/node_modules/[4mvite-node[24m/dist/client.mjs:375:3)
@dantecode/dante-sandbox:test:     at VitestExecutor.cachedRequest (file:///C:/Projects/DanteCode/node_modules/[4mvite-node[24m/dist/client.mjs:189:11)
@dantecode/dante-sandbox:test:     at VitestExecutor.executeId (file:///C:/Projects/DanteCode/node_modules/[4mvite-node[24m/dist/client.mjs:166:10) {
@dantecode/dante-sandbox:test:   status: [33m128[39m,
@dantecode/dante-sandbox:test:   signal: [1mnull[22m,
@dantecode/dante-sandbox:test:   output: [ [1mnull[22m, [1mnull[22m, [1mnull[22m ],
@dantecode/dante-sandbox:test:   pid: [33m5348[39m,
@dantecode/dante-sandbox:test:   stdout: [1mnull[22m,
@dantecode/dante-sandbox:test:   stderr: [1mnull[22m
@dantecode/dante-sandbox:test: }
@dantecode/dante-sandbox:test: 
@dantecode/core:test: [90mstderr[2m | src/permission-engine/permission-evaluator.test.ts
@dantecode/core:test: [22m[39mWarning: Could not configure git (tests using git may fail): Error: Command failed: git config --global user.email test@dantecode.dev
@dantecode/core:test: [90m    at genericNodeError (node:internal/errors:985:15)[39m
@dantecode/core:test: [90m    at wrappedFn (node:internal/errors:539:14)[39m
@dantecode/core:test: [90m    at checkExecSyncError (node:child_process:925:11)[39m
@dantecode/core:test: [90m    at Proxy.execFileSync (node:child_process:961:15)[39m
@dantecode/core:test:     at C:\Projects\DanteCode\test-setup.ts:23:3
@dantecode/core:test: [90m    at processTicksAndRejections (node:internal/process/task_queues:103:5)[39m
@dantecode/core:test:     at VitestExecutor.runModule (file:///C:/Projects/DanteCode/node_modules/[4mvite-node[24m/dist/client.mjs:397:4)
@dantecode/core:test:     at VitestExecutor.directRequest (file:///C:/Projects/DanteCode/node_modules/[4mvite-node[24m/dist/client.mjs:375:3)
@dantecode/core:test:     at VitestExecutor.cachedRequest (file:///C:/Projects/DanteCode/node_modules/[4mvite-node[24m/dist/client.mjs:189:11)
@dantecode/core:test:     at VitestExecutor.executeId (file:///C:/Projects/DanteCode/node_modules/[4mvite-node[24m/dist/client.mjs:166:10) {
@dantecode/core:test:   status: [33m255[39m,
@dantecode/core:test:   signal: [1mnull[22m,
@dantecode/core:test:   output: [ [1mnull[22m, [1mnull[22m, [1mnull[22m ],
@dantecode/core:test:   pid: [33m2808[39m,
@dantecode/core:test:   stdout: [1mnull[22m,
@dantecode/core:test:   stderr: [1mnull[22m
@dantecode/core:test: }
@dantecode/core:test: 
@dantecode/core:test: [90mstderr[2m | src/ux-engine.test.ts
@dantecode/core:test: [22m[39mWarning: Could not configure git (tests using git may fail): Error: Command failed: git config --global user.email test@dantecode.dev
@dantecode/core:test: [90m    at genericNodeError (node:internal/errors:985:15)[39m
@dantecode/core:test: [90m    at wrappedFn (node:internal/errors:539:14)[39m
@dantecode/core:test: [90m    at checkExecSyncError (node:child_process:925:11)[39m
@dantecode/core:test: [90m    at Proxy.execFileSync (node:child_process:961:15)[39m
@dantecode/core:test:     at C:\Projects\DanteCode\test-setup.ts:23:3
@dantecode/core:test: [90m    at processTicksAndRejections (node:internal/process/task_queues:103:5)[39m
@dantecode/core:test:     at VitestExecutor.runModule (file:///C:/Projects/DanteCode/node_modules/[4mvite-node[24m/dist/client.mjs:397:4)
@dantecode/core:test:     at VitestExecutor.directRequest (file:///C:/Projects/DanteCode/node_modules/[4mvite-node[24m/dist/client.mjs:375:3)
@dantecode/core:test:     at VitestExecutor.cachedRequest (file:///C:/Projects/DanteCode/node_modules/[4mvite-node[24m/dist/client.mjs:189:11)
@dantecode/core:test:     at VitestExecutor.executeId (file:///C:/Projects/DanteCode/node_modules/[4mvite-node[24m/dist/client.mjs:166:10) {
@dantecode/core:test:   status: [33m128[39m,
@dantecode/core:test:   signal: [1mnull[22m,
@dantecode/core:test:   output: [ [1mnull[22m, [1mnull[22m, [1mnull[22m ],
@dantecode/core:test:   pid: [33m50988[39m,
@dantecode/core:test:   stdout: [1mnull[22m,
@dantecode/core:test:   stderr: [1mnull[22m
@dantecode/core:test: }
@dantecode/core:test: 
@dantecode/core:test:  [32m✓[39m src/permission-engine/permission-evaluator.test.ts [2m([22m[2m41 tests[22m[2m)[22m[32m 15[2mms[22m[39m
@dantecode/core:test: @dantecode/core:test: [K [32m✓[39m src/ux-engine.test.ts [2m([22m[2m45 tests[22m[2m)[22m[32m 17[2mms[22m[39m
@dantecode/dante-sandbox:test: [90mstderr[2m | src/env-leakage.test.ts
@dantecode/dante-sandbox:test: [22m[39mWarning: Could not configure git (tests using git may fail): Error: Command failed: git config --global user.email test@dantecode.dev
@dantecode/dante-sandbox:test: [90m    at genericNodeError (node:internal/errors:985:15)[39m
@dantecode/dante-sandbox:test: [90m    at wrappedFn (node:internal/errors:539:14)[39m
@dantecode/dante-sandbox:test: [90m    at checkExecSyncError (node:child_process:925:11)[39m
@dantecode/dante-sandbox:test: [90m    at Proxy.execFileSync (node:child_process:961:15)[39m
@dantecode/dante-sandbox:test:     at C:\Projects\DanteCode\test-setup.ts:23:3
@dantecode/dante-sandbox:test: [90m    at processTicksAndRejections (node:internal/process/task_queues:103:5)[39m
@dantecode/dante-sandbox:test:     at VitestExecutor.runModule (file:///C:/Projects/DanteCode/node_modules/[4mvite-node[24m/dist/client.mjs:397:4)
@dantecode/dante-sandbox:test:     at VitestExecutor.directRequest (file:///C:/Projects/DanteCode/node_modules/[4mvite-node[24m/dist/client.mjs:375:3)
@dantecode/dante-sandbox:test:     at VitestExecutor.cachedRequest (file:///C:/Projects/DanteCode/node_modules/[4mvite-node[24m/dist/client.mjs:189:11)
@dantecode/dante-sandbox:test:     at VitestExecutor.executeId (file:///C:/Projects/DanteCode/node_modules/[4mvite-node[24m/dist/client.mjs:166:10) {
@dantecode/dante-sandbox:test:   status: [33m255[39m,
@dantecode/dante-sandbox:test:   signal: [1mnull[22m,
@dantecode/dante-sandbox:test:   output: [ [1mnull[22m, [1mnull[22m, [1mnull[22m ],
@dantecode/dante-sandbox:test:   pid: [33m54420[39m,
@dantecode/dante-sandbox:test:   stdout: [1mnull[22m,
@dantecode/dante-sandbox:test:   stderr: [1mnull[22m
@dantecode/dante-sandbox:test: }
@dantecode/dante-sandbox:test: 
@dantecode/workspace:build: [34mCLI[39m Building entry: src/index.ts
@dantecode/workspace:build: [34mCLI[39m Using tsconfig: tsconfig.json
@dantecode/workspace:build: [34mCLI[39m tsup v8.5.1
@dantecode/workspace:build: [34mCLI[39m Using tsup config: C:\Projects\DanteCode\packages\workspace\tsup.config.ts
@dantecode/workspace:build: [34mCLI[39m Target: es2022
@dantecode/workspace:build: [34mCLI[39m Cleaning output folder
@dantecode/workspace:build: [34mESM[39m Build start
@dantecode/ux-polish:test:  [32m✓[39m src/integrations/vscode-bridge.test.ts [2m([22m[2m13 tests[22m[2m)[22m[32m 9[2mms[22m[39m
@dantecode/dante-sandbox:test: [90mstderr[2m | src/resource-limits.test.ts
@dantecode/dante-sandbox:test: [22m[39mWarning: Could not configure git (tests using git may fail): Error: Command failed: git config --global user.name DanteCode Test Runner
@dantecode/dante-sandbox:test: [90m    at genericNodeError (node:internal/errors:985:15)[39m
@dantecode/dante-sandbox:test: [90m    at wrappedFn (node:internal/errors:539:14)[39m
@dantecode/dante-sandbox:test: [90m    at checkExecSyncError (node:child_process:925:11)[39m
@dantecode/dante-sandbox:test: [90m    at Proxy.execFileSync (node:child_process:961:15)[39m
@dantecode/dante-sandbox:test:     at C:\Projects\DanteCode\test-setup.ts:22:3
@dantecode/dante-sandbox:test: [90m    at processTicksAndRejections (node:internal/process/task_queues:103:5)[39m
@dantecode/dante-sandbox:test:     at VitestExecutor.runModule (file:///C:/Projects/DanteCode/node_modules/[4mvite-node[24m/dist/client.mjs:397:4)
@dantecode/dante-sandbox:test:     at VitestExecutor.directRequest (file:///C:/Projects/DanteCode/node_modules/[4mvite-node[24m/dist/client.mjs:375:3)
@dantecode/dante-sandbox:test:     at VitestExecutor.cachedRequest (file:///C:/Projects/DanteCode/node_modules/[4mvite-node[24m/dist/client.mjs:189:11)
@dantecode/dante-sandbox:test:     at VitestExecutor.executeId (file:///C:/Projects/DanteCode/node_modules/[4mvite-node[24m/dist/client.mjs:166:10) {
@dantecode/dante-sandbox:test:   status: [33m255[39m,
@dantecode/dante-sandbox:test:   signal: [1mnull[22m,
@dantecode/dante-sandbox:test:   output: [ [1mnull[22m, [1mnull[22m, [1mnull[22m ],
@dantecode/dante-sandbox:test:   pid: [33m34600[39m,
@dantecode/dante-sandbox:test:   stdout: [1mnull[22m,
@dantecode/dante-sandbox:test:   stderr: [1mnull[22m
@dantecode/dante-sandbox:test: }
@dantecode/dante-sandbox:test: 
@dantecode/ux-polish:test: [90mstderr[2m | src/integrations/checkpointer-bridge.test.ts
@dantecode/ux-polish:test: [22m[39mWarning: Could not configure git (tests using git may fail): Error: Command failed: git config --global user.email test@dantecode.dev
@dantecode/ux-polish:test: [90m    at genericNodeError (node:internal/errors:985:15)[39m
@dantecode/ux-polish:test: [90m    at wrappedFn (node:internal/errors:539:14)[39m
@dantecode/ux-polish:test: [90m    at checkExecSyncError (node:child_process:925:11)[39m
@dantecode/ux-polish:test: [90m    at Proxy.execFileSync (node:child_process:961:15)[39m
@dantecode/ux-polish:test:     at C:\Projects\DanteCode\test-setup.ts:23:3
@dantecode/ux-polish:test: [90m    at processTicksAndRejections (node:internal/process/task_queues:103:5)[39m
@dantecode/ux-polish:test:     at VitestExecutor.runModule (file:///C:/Projects/DanteCode/node_modules/[4mvite-node[24m/dist/client.mjs:397:4)
@dantecode/ux-polish:test:     at VitestExecutor.directRequest (file:///C:/Projects/DanteCode/node_modules/[4mvite-node[24m/dist/client.mjs:375:3)
@dantecode/ux-polish:test:     at VitestExecutor.cachedRequest (file:///C:/Projects/DanteCode/node_modules/[4mvite-node[24m/dist/client.mjs:189:11)
@dantecode/ux-polish:test:     at VitestExecutor.executeId (file:///C:/Projects/DanteCode/node_modules/[4mvite-node[24m/dist/client.mjs:166:10) {
@dantecode/ux-polish:test:   status: [33m255[39m,
@dantecode/ux-polish:test:   signal: [1mnull[22m,
@dantecode/ux-polish:test:   output: [ [1mnull[22m, [1mnull[22m, [1mnull[22m ],
@dantecode/ux-polish:test:   pid: [33m16676[39m,
@dantecode/ux-polish:test:   stdout: [1mnull[22m,
@dantecode/ux-polish:test:   stderr: [1mnull[22m
@dantecode/ux-polish:test: }
@dantecode/ux-polish:test: 
@dantecode/dante-sandbox:test: [90mstderr[2m | src/network-restrictions.test.ts
@dantecode/dante-sandbox:test: [22m[39mWarning: Could not configure git (tests using git may fail): Error: Command failed: git config --global user.name DanteCode Test Runner
@dantecode/git-engine:test: [90mstderr[2m | src/event-queue.test.ts
@dantecode/git-engine:test: [22m[39mWarning: Could not configure git (tests using git may fail): Error: Command failed: git config --global user.name DanteCode Test Runner
@dantecode/git-engine:test: [90m    at genericNodeError (node:internal/errors:985:15)[39m
@dantecode/git-engine:test: [90m    at wrappedFn (node:internal/errors:539:14)[39m
@dantecode/git-engine:test: [90m    at checkExecSyncError (node:child_process:925:11)[39m
@dantecode/git-engine:test: [90m    at Proxy.execFileSync (node:child_process:961:15)[39m
@dantecode/git-engine:test:     at C:\Projects\DanteCode\test-setup.ts:22:3
@dantecode/git-engine:test: [90m    at processTicksAndRejections (node:internal/process/task_queues:103:5)[39m
@dantecode/git-engine:test:     at VitestExecutor.runModule (file:///C:/Projects/DanteCode/node_modules/[4mvite-node[24m/dist/client.mjs:397:4)
@dantecode/git-engine:test:     at VitestExecutor.directRequest (file:///C:/Projects/DanteCode/node_modules/[4mvite-node[24m/dist/client.mjs:375:3)
@dantecode/git-engine:test:     at VitestExecutor.cachedRequest (file:///C:/Projects/DanteCode/node_modules/[4mvite-node[24m/dist/client.mjs:189:11)
@dantecode/git-engine:test:     at VitestExecutor.executeId (file:///C:/Projects/DanteCode/node_modules/[4mvite-node[24m/dist/client.mjs:166:10) {
@dantecode/git-engine:test:   status: [33m255[39m,
@dantecode/git-engine:test:   signal: [1mnull[22m,
@dantecode/git-engine:test:   output: [ [1mnull[22m, [1mnull[22m, [1mnull[22m ],
@dantecode/git-engine:test:   pid: [33m63288[39m,
@dantecode/git-engine:test:   stdout: [1mnull[22m,
@dantecode/git-engine:test:   stderr: [1mnull[22m
@dantecode/git-engine:test: }
@dantecode/git-engine:test: 
@dantecode/dante-sandbox:test: [90m    at genericNodeError (node:internal/errors:985:15)[39m
@dantecode/dante-sandbox:test: [90m    at wrappedFn (node:internal/errors:539:14)[39m
@dantecode/dante-sandbox:test: [90m    at checkExecSyncError (node:child_process:925:11)[39m
@dantecode/dante-sandbox:test: [90m    at Proxy.execFileSync (node:child_process:961:15)[39m
@dantecode/dante-sandbox:test:     at C:\Projects\DanteCode\test-setup.ts:22:3
@dantecode/dante-sandbox:test: [90m    at processTicksAndRejections (node:internal/process/task_queues:103:5)[39m
@dantecode/dante-sandbox:test:     at VitestExecutor.runModule (file:///C:/Projects/DanteCode/node_modules/[4mvite-node[24m/dist/client.mjs:397:4)
@dantecode/dante-sandbox:test:     at VitestExecutor.directRequest (file:///C:/Projects/DanteCode/node_modules/[4mvite-node[24m/dist/client.mjs:375:3)
@dantecode/dante-sandbox:test:     at VitestExecutor.cachedRequest (file:///C:/Projects/DanteCode/node_modules/[4mvite-node[24m/dist/client.mjs:189:11)
@dantecode/dante-sandbox:test:     at VitestExecutor.executeId (file:///C:/Projects/DanteCode/node_modules/[4mvite-node[24m/dist/client.mjs:166:10) {
@dantecode/dante-sandbox:test:   status: [33m255[39m,
@dantecode/dante-sandbox:test:   signal: [1mnull[22m,
@dantecode/dante-sandbox:test:   output: [ [1mnull[22m, [1mnull[22m, [1mnull[22m ],
@dantecode/dante-sandbox:test:   pid: [33m33124[39m,
@dantecode/dante-sandbox:test:   stdout: [1mnull[22m,
@dantecode/dante-sandbox:test:   stderr: [1mnull[22m
@dantecode/dante-sandbox:test: }
@dantecode/dante-sandbox:test: 
@dantecode/ux-polish:test:  [32m✓[39m src/integrations/checkpointer-bridge.test.ts [2m([22m[2m13 tests[22m[2m)[22m[32m 10[2mms[22m[39m
@dantecode/core:test: [90mstderr[2m | src/verification-harness.test.ts
@dantecode/core:test: [22m[39mWarning: Could not configure git (tests using git may fail): Error: Command failed: git config --global user.email test@dantecode.dev
@dantecode/core:test: [90m    at genericNodeError (node:internal/errors:985:15)[39m
@dantecode/core:test: [90m    at wrappedFn (node:internal/errors:539:14)[39m
@dantecode/core:test: [90m    at checkExecSyncError (node:child_process:925:11)[39m
@dantecode/core:test: [90m    at Proxy.execFileSync (node:child_process:961:15)[39m
@dantecode/core:test:     at C:\Projects\DanteCode\test-setup.ts:23:3
@dantecode/core:test: [90m    at processTicksAndRejections (node:internal/process/task_queues:103:5)[39m
@dantecode/core:test:     at VitestExecutor.runModule (file:///C:/Projects/DanteCode/node_modules/[4mvite-node[24m/dist/client.mjs:397:4)
@dantecode/core:test:     at VitestExecutor.directRequest (file:///C:/Projects/DanteCode/node_modules/[4mvite-node[24m/dist/client.mjs:375:3)
@dantecode/core:test:     at VitestExecutor.cachedRequest (file:///C:/Projects/DanteCode/node_modules/[4mvite-node[24m/dist/client.mjs:189:11)
@dantecode/core:test:     at VitestExecutor.executeId (file:///C:/Projects/DanteCode/node_modules/[4mvite-node[24m/dist/client.mjs:166:10) {
@dantecode/core:test:   status: [33m255[39m,
@dantecode/core:test:   signal: [1mnull[22m,
@dantecode/core:test:   output: [ [1mnull[22m, [1mnull[22m, [1mnull[22m ],
@dantecode/core:test:   pid: [33m34036[39m,
@dantecode/core:test:   stdout: [1mnull[22m,
@dantecode/core:test:   stderr: [1mnull[22m
@dantecode/core:test: }
@dantecode/core:test: 
@dantecode/core:test:  [32m✓[39m src/multi-agent.test.ts [2m([22m[2m10 tests[22m[2m)[22m[32m 18[2mms[22m[39m
@dantecode/ux-polish:test:  [32m✓[39m src/theme-engine.test.ts [2m([22m[2m12 tests[22m[2m)[22m[32m 10[2mms[22m[39m
@dantecode/dante-sandbox:test:  [32m✓[39m src/network-restrictions.test.ts [2m([22m[2m11 tests[22m[2m)[22m[32m 20[2mms[22m[39m
@dantecode/core:test:  [32m✓[39m src/recovery-engine.test.ts [2m([22m[2m21 tests[22m[2m)[22m[32m 19[2mms[22m[39m
@dantecode/git-engine:test:  [32m✓[39m src/event-queue.test.ts [2m([22m[2m12 tests[22m[2m)[22m[32m 32[2mms[22m[39m
@dantecode/core:test:  [32m✓[39m src/code-intelligence-e2e.test.ts [2m([22m[2m7 tests[22m[2m)[22m[32m 16[2mms[22m[39m
@dantecode/core:test:  [32m✓[39m src/verification-harness.test.ts [2m([22m[2m15 tests[22m[2m)[22m[32m 17[2mms[22m[39m
@dantecode/core:test:  [31m❯[39m src/council/council.test.ts [2m([22m[2m166 tests[22m[2m | [22m[31m1 failed[39m[2m)[22m[33m 19327[2mms[22m[39m
@dantecode/core:test:    [32m✓[39m council-types[2m > [22mnewRunId produces unique IDs[32m 36[2mms[22m[39m
@dantecode/core:test:    [32m✓[39m council-types[2m > [22mnewLaneId includes agent kind[32m 1[2mms[22m[39m
@dantecode/core:test:    [32m✓[39m council-types[2m > [22mnewHandoffId is unique[32m 1[2mms[22m[39m
@dantecode/core:test:    [32m✓[39m council-types[2m > [22mcreateCouncilRunState returns valid initial state[32m 2[2mms[22m[39m
@dantecode/core:test:    [32m✓[39m council-state-store[2m > [22msaves and loads a run state[32m 13[2mms[22m[39m
@dantecode/core:test:    [32m✓[39m council-state-store[2m > [22mtryLoadCouncilRun returns null for missing run[32m 2[2mms[22m[39m
@dantecode/core:test:    [32m✓[39m council-state-store[2m > [22mlistCouncilRuns returns empty array when no runs[32m 1[2mms[22m[39m
@dantecode/core:test:    [32m✓[39m council-state-store[2m > [22mlistCouncilRuns returns run IDs after saving[32m 50[2mms[22m[39m
@dantecode/core:test:    [32m✓[39m council-state-store[2m > [22mappendHandoffPacket persists packet and marks lane as handed-off[32m 8[2mms[22m[39m
@dantecode/core:test:    [32m✓[39m council-state-store[2m > [22msetRunStatus updates status[32m 15[2mms[22m[39m
@dantecode/core:test:    [32m✓[39m UsageLedger[2m > [22mregisters agents and tracks health[32m 1[2mms[22m[39m
@dantecode/core:test:    [32m✓[39m UsageLedger[2m > [22mrecords success and resets timeout counter[32m 1[2mms[22m[39m
@dantecode/core:test:    [32m✓[39m UsageLedger[2m > [22mescalates to hard-capped after 3 timeouts[32m 1[2mms[22m[39m
@dantecode/core:test:    [32m✓[39m UsageLedger[2m > [22mhard-cap reason escalates health[32m 1[2mms[22m[39m
@dantecode/core:test:    [32m✓[39m UsageLedger[2m > [22mrankAgents returns sorted list[32m 1[2mms[22m[39m
@dantecode/core:test:    [32m✓[39m UsageLedger[2m > [22mcapped agents score 0[32m 1[2mms[22m[39m
@dantecode/core:test:    [32m✓[39m UsageLedger[2m > [22mreturns null snapshot for unknown agent[32m 1[2mms[22m[39m
@dantecode/core:test:    [32m✓[39m UsageLedger[2m > [22mgetAllSnapshots returns all registered agents[32m 1[2mms[22m[39m
@dantecode/core:test:    [32m✓[39m classifyOverlapLevel[2m > [22mL0 — no shared files or directories[32m 1[2mms[22m[39m
@dantecode/core:test:    [32m✓[39m classifyOverlapLevel[2m > [22mL3 — same file in both sets[32m 1[2mms[22m[39m
@dantecode/core:test:    [32m✓[39m classifyOverlapLevel[2m > [22mL2 — same directory, different files[32m 1[2mms[22m[39m
@dantecode/core:test:    [32m✓[39m classifyOverlapLevel[2m > [22mempty sets return L0[32m 1[2mms[22m[39m
@dantecode/core:test:    [32m✓[39m OverlapDetector[2m > [22mdetects no overlap for disjoint files[32m 1[2mms[22m[39m
@dantecode/core:test:    [32m✓[39m OverlapDetector[2m > [22mdetects and freezes lanes on L3+ overlap[32m 1[2mms[22m[39m
@dantecode/core:test:    [32m✓[39m OverlapDetector[2m > [22mcheckWrite blocks writes to other lanes owned files[32m 1[2mms[22m[39m
@dantecode/core:test:    [32m✓[39m OverlapDetector[2m > [22mcheckWrite allows writes to unowned files[32m 1[2mms[22m[39m
@dantecode/core:test:    [32m✓[39m MergeConfidenceScorer[2m > [22mreturns low confidence for empty candidates[32m 1[2mms[22m[39m
@dantecode/core:test:    [32m✓[39m MergeConfidenceScorer[2m > [22mreturns high confidence for a single passing candidate[32m 1[2mms[22m[39m
@dantecode/core:test:    [32m✓[39m MergeConfidenceScorer[2m > [22mreturns low confidence for two candidates with same file overlap[32m 2[2mms[22m[39m
@dantecode/core:test:    [32m✓[39m MergeConfidenceScorer[2m > [22mreturns medium confidence for overlapping files with passing tests[32m 1[2mms[22m[39m
@dantecode/core:test:    [32m✓[39m MergeConfidenceScorer[2m > [22mfactors include all four dimensions[32m 1[2mms[22m[39m
@dantecode/core:test:    [33m[2m✓[22m[39m HandoffEngine[2m > [22mcreates a valid packet from session state [33m 487[2mms[22m[39m
@dantecode/core:test:    [32m✓[39m HandoffEngine[2m > [22mvalidates a complete packet[32m 1[2mms[22m[39m
@dantecode/core:test:    [32m✓[39m HandoffEngine[2m > [22mvalidates an incomplete packet[32m 1[2mms[22m[39m
@dantecode/core:test:    [32m✓[39m HandoffEngine[2m > [22mredacts secrets from packet fields[32m 2[2mms[22m[39m
@dantecode/core:test:    [32m✓[39m HandoffEngine[2m > [22msaves and loads a packet[32m 5[2mms[22m[39m
@dantecode/core:test:    [32m✓[39m council-events[2m > [22mcreateCouncilEvent produces valid event[32m 1[2mms[22m[39m
@dantecode/core:test:    [32m✓[39m council-events[2m > [22mcouncilStartEvent includes objective[32m 2[2mms[22m[39m
@dantecode/core:test:    [32m✓[39m council-events[2m > [22mlaneAssignedEvent includes agent kind[32m 1[2mms[22m[39m
@dantecode/core:test:    [32m✓[39m council-events[2m > [22moverlapDetectedEvent includes file list[32m 1[2mms[22m[39m
@dantecode/core:test:    [32m✓[39m CouncilRouter[2m > [22massignLane succeeds when agent is available and files not owned[32m 2[2mms[22m[39m
@dantecode/core:test:    [32m✓[39m CouncilRouter[2m > [22massignLane rejects when NOMA violation (file already owned by other lane)[32m 2[2mms[22m[39m
@dantecode/core:test:    [32m✓[39m CouncilRouter[2m > [22massignLane rejects when no agent available (all capped)[32m 1[2mms[22m[39m
@dantecode/core:test:    [32m✓[39m CouncilRouter[2m > [22mfreezeLane marks lane status as frozen[32m 1[2mms[22m[39m
@dantecode/core:test:    [32m✓[39m CouncilRouter[2m > [22mthawLane restores lane status to paused[32m 1[2mms[22m[39m
@dantecode/core:test:    [32m✓[39m CouncilRouter[2m > [22misFrozen returns correct state for unknown lane[32m 1[2mms[22m[39m
@dantecode/core:test:    [32m✓[39m CouncilRouter[2m > [22misFrozen returns true after freezing and false after thawing[32m 1[2mms[22m[39m
@dantecode/core:test:    [32m✓[39m CouncilRouter[2m > [22mreassignLane creates handoff packet and assigns to new agent[32m 2[2mms[22m[39m
@dantecode/core:test:    [32m✓[39m CouncilRouter[2m > [22mreassignLane fails when no replacement agent available[32m 2[2mms[22m[39m
@dantecode/core:test:    [32m✓[39m CouncilRouter[2m > [22mdetectAndEnforceOverlap freezes lanes with L3 overlap[32m 2[2mms[22m[39m
@dantecode/core:test:    [32m✓[39m CouncilRouter[2m > [22mdetectAndEnforceOverlap does not freeze lanes with L2 overlap[32m 1[2mms[22m[39m
@dantecode/core:test:    [32m✓[39m MergeBrain[2m > [22msynthesize returns blocked for zero candidates[32m 7[2mms[22m[39m
@dantecode/core:test:    [32m✓[39m MergeBrain[2m > [22msynthesize returns medium+ confidence for single candidate with tests[32m 7[2mms[22m[39m
@dantecode/core:test:    [32m✓[39m MergeBrain[2m > [22msynthesize preserves all candidate patches in synthesis record[32m 6[2mms[22m[39m
@dantecode/core:test:    [32m✓[39m MergeBrain[2m > [22msynthesize writes audit bundle to disk[32m 9[2mms[22m[39m
@dantecode/core:test:    [32m✓[39m MergeBrain[2m > [22msynthesize returns low confidence when two candidates have same-file overlap[32m 10[2mms[22m[39m
@dantecode/core:test:    [33m[2m✓[22m[39m HandoffEngine extended[2m > [22mcreatePacket + validate + savePacket + loadPacket round-trip [33m 532[2mms[22m[39m
@dantecode/core:test:    [32m✓[39m HandoffEngine extended[2m > [22mvalidate rejects packet missing touchedFiles[32m 2[2mms[22m[39m
@dantecode/core:test:    [32m✓[39m HandoffEngine extended[2m > [22mvalidate rejects packet with empty objective[32m 3[2mms[22m[39m
@dantecode/core:test:    [32m✓[39m HandoffEngine extended[2m > [22mredactSecrets replaces sk- tokens[32m 3[2mms[22m[39m
@dantecode/core:test:    [32m✓[39m HandoffEngine extended[2m > [22mredactSecrets replaces ghp_ tokens[32m 3[2mms[22m[39m
@dantecode/core:test:    [32m✓[39m HandoffEngine extended[2m > [22mredactSecrets replaces AIza tokens[32m 3[2mms[22m[39m
@dantecode/core:test:    [32m✓[39m HandoffEngine extended[2m > [22mtryLoadPacket returns null for missing packet ID[32m 2[2mms[22m[39m
@dantecode/core:test:    [32m✓[39m UsageLedger edge cases[2m > [22mgetRoutingScore returns 0 for soft-capped agent[32m 1[2mms[22m[39m
@dantecode/core:test:    [32m✓[39m UsageLedger edge cases[2m > [22msetHealth hard-capped sets consecutiveTimeouts to threshold[32m 1[2mms[22m[39m
@dantecode/core:test:    [32m✓[39m UsageLedger edge cases[2m > [22msetHealth ready resets consecutiveTimeouts to 0[32m 1[2mms[22m[39m
@dantecode/core:test:    [32m✓[39m UsageLedger edge cases[2m > [22mrecordHeartbeat resets consecutiveTimeouts[32m 1[2mms[22m[39m
@dantecode/core:test:    [32m✓[39m UsageLedger edge cases[2m > [22mgetSnapshot returns successCount and failureCount[32m 1[2mms[22m[39m
@dantecode/core:test:    [32m✓[39m UsageLedger edge cases[2m > [22mgetAllSnapshots includes all registered agents[32m 1[2mms[22m[39m
@dantecode/core:test:    [32m✓[39m OverlapDetector edge cases[2m > [22mdetect handles empty snapshots gracefully[32m 2[2mms[22m[39m
@dantecode/core:test:    [32m✓[39m OverlapDetector edge cases[2m > [22mdetect handles single snapshot (no pairs to compare)[32m 2[2mms[22m[39m
@dantecode/core:test:    [32m✓[39m OverlapDetector edge cases[2m > [22mdetect returns L4 for mandate violation (file owned by another lane)[32m 1[2mms[22m[39m
@dantecode/core:test:    [32m✓[39m OverlapDetector edge cases[2m > [22mclassifyOverlapLevel L1 — returns L0 for cross-directory files (L1 not implemented)[32m 1[2mms[22m[39m
@dantecode/core:test:    [32m✓[39m OverlapDetector edge cases[2m > [22mdetect produces warn list for L2 overlap (same directory)[32m 2[2mms[22m[39m
@dantecode/core:test:    [32m✓[39m WorktreeObserver[2m > [22mregister adds lane for observation[32m 2[2mms[22m[39m
@dantecode/core:test:    [32m✓[39m WorktreeObserver[2m > [22munregister removes lane[32m 1[2mms[22m[39m
@dantecode/core:test:    [32m✓[39m WorktreeObserver[2m > [22mgetSnapshot returns null for unregistered lane[32m 1[2mms[22m[39m
@dantecode/core:test:    [32m✓[39m WorktreeObserver[2m > [22mgetLaneIds returns all registered lane IDs[32m 1[2mms[22m[39m
@dantecode/core:test:    [32m✓[39m WorktreeObserver[2m > [22mstart creates timer, stop clears it[32m 1[2mms[22m[39m
@dantecode/core:test:    [32m✓[39m WorktreeObserver[2m > [22msnapshotLane returns degraded snapshot (not null) for invalid path due to resilient helpers[32m 9[2mms[22m[39m
@dantecode/core:test:    [32m✓[39m WorktreeObserver[2m > [22mgetSnapshot returns null after register (before any poll)[32m 1[2mms[22m[39m
@dantecode/core:test:    [32m✓[39m WorktreeObserver[2m > [22munregister on unknown lane is a no-op[32m 2[2mms[22m[39m
@dantecode/core:test:    [32m✓[39m council-events extended[2m > [22mhandoffCreatedEvent includes packet ID[32m 1[2mms[22m[39m
@dantecode/core:test:    [32m✓[39m council-events extended[2m > [22mmergeCompletedEvent includes synthesis ID[32m 1[2mms[22m[39m
@dantecode/core:test:    [32m✓[39m council-events extended[2m > [22mmergeBlockedEvent includes reason[32m 1[2mms[22m[39m
@dantecode/core:test:    [32m✓[39m council-events extended[2m > [22mcreateCouncilEvent produces event with valid ISO timestamp[32m 1[2mms[22m[39m
@dantecode/core:test:    [32m✓[39m council-events extended[2m > [22mcreateCouncilEvent produces unique IDs on each call[32m 1[2mms[22m[39m
@dantecode/core:test:    [32m✓[39m CouncilRouter advanced[2m > [22massignLane uses preferred agent when healthy[32m 2[2mms[22m[39m
@dantecode/core:test:    [32m✓[39m CouncilRouter advanced[2m > [22massignLane falls back to next agent when preferred is hard-capped[32m 1[2mms[22m[39m
@dantecode/core:test:    [32m✓[39m CouncilRouter advanced[2m > [22massignLane rejects when adapter refuses task[32m 1[2mms[22m[39m
@dantecode/core:test:    [32m✓[39m CouncilRouter advanced[2m > [22mmultiple lanes can be assigned with different file sets[32m 5[2mms[22m[39m
@dantecode/core:test:    [32m✓[39m CouncilRouter advanced[2m > [22mfreezeLane and thawLane do not affect other lanes[32m 3[2mms[22m[39m
@dantecode/core:test:    [32m✓[39m CouncilRouter advanced[2m > [22mdetectAndEnforceOverlap with no run state attached is a no-op[32m 1[2mms[22m[39m
@dantecode/core:test:    [32m✓[39m CouncilRouter advanced[2m > [22mreassignLane toAgent explicitly targets specified agent[32m 1[2mms[22m[39m
@dantecode/core:test:    [32m✓[39m MergeConfidenceScorer extended[2m > [22msingle candidate with no tests scores medium[32m 1[2mms[22m[39m
@dantecode/core:test:    [32m✓[39m MergeConfidenceScorer extended[2m > [22msingle candidate with failing tests scores medium[32m 1[2mms[22m[39m
@dantecode/core:test:    [32m✓[39m MergeConfidenceScorer extended[2m > [22mfactors.structuralSafety is 1.0 for single candidate[32m 1[2mms[22m[39m
@dantecode/core:test:    [32m✓[39m MergeConfidenceScorer extended[2m > [22mtwo non-overlapping candidates with full tests score high[32m 1[2mms[22m[39m
@dantecode/core:test:    [32m✓[39m council-types additional[2m > [22mnewLaneId produces unique IDs for same kind[32m 1[2mms[22m[39m
@dantecode/core:test:    [32m✓[39m council-types additional[2m > [22mnewLaneId works for all agent kinds[32m 2[2mms[22m[39m
@dantecode/core:test:    [32m✓[39m council-types additional[2m > [22mcreateCouncilRunState has empty arrays by default[32m 1[2mms[22m[39m
@dantecode/core:test:    [32m✓[39m council-types additional[2m > [22mcreateCouncilRunState sets createdAt and updatedAt to same value[32m 1[2mms[22m[39m
@dantecode/core:test:    [32m✓[39m Lane A — DanteCodeAdapter SelfLaneExecutor[2m > [22msubmitTask returns accepted:true with no executor (legacy path)[32m 1[2mms[22m[39m
@dantecode/core:test:    [32m✓[39m Lane A — DanteCodeAdapter SelfLaneExecutor[2m > [22mpollStatus returns running for legacy (no-executor) submitted task[32m 1[2mms[22m[39m
@dantecode/core:test:    [32m✓[39m Lane A — DanteCodeAdapter SelfLaneExecutor[2m > [22mexecutor fires on submitTask and resolves to completed[32m 26[2mms[22m[39m
@dantecode/core:test:    [32m✓[39m Lane A — DanteCodeAdapter SelfLaneExecutor[2m > [22mpollStatus reflects executor failure via error path[32m 30[2mms[22m[39m
@dantecode/core:test:    [32m✓[39m Lane A — DanteCodeAdapter SelfLaneExecutor[2m > [22mexecutor exception marks session failed[32m 34[2mms[22m[39m
@dantecode/core:test:    [32m✓[39m Lane A — DanteCodeAdapter SelfLaneExecutor[2m > [22mcollectArtifacts returns touchedFiles in logs after executor success[32m 54[2mms[22m[39m
@dantecode/core:test:    [32m✓[39m Lane A — DanteCodeAdapter SelfLaneExecutor[2m > [22minjected executor returning success:true sets session status to completed[32m 97[2mms[22m[39m
@dantecode/core:test:    [32m✓[39m Lane A — DanteCodeAdapter SelfLaneExecutor[2m > [22minjected executor returning success:false sets session status to failed[32m 78[2mms[22m[39m
@dantecode/core:test:    [32m✓[39m Lane A — DanteCodeAdapter SelfLaneExecutor[2m > [22minjected executor that throws marks session as failed[32m 109[2mms[22m[39m
@dantecode/core:test:    [32m✓[39m Lane B — BridgeListener Daemon[2m > [22mstop() clears the interval without error when not started[32m 11[2mms[22m[39m
@dantecode/core:test:    [32m✓[39m Lane B — BridgeListener Daemon[2m > [22mstart() is idempotent — calling twice does not start multiple timers[32m 243[2mms[22m[39m
@dantecode/core:test:    [32m✓[39m Lane B — BridgeListener Daemon[2m > [22mstart() and stop() pair clears the interval[32m 136[2mms[22m[39m
@dantecode/core:test:    [32m✓[39m Lane B — BridgeListener Daemon[2m > [22mpoll() returns silently when inbox dir does not exist[32m 2[2mms[22m[39m
@dantecode/core:test:    [32m✓[39m Lane B — BridgeListener Daemon[2m > [22mnew session triggers spawn when task.md + packet.json present[32m 65[2mms[22m[39m
@dantecode/core:test:    [32m✓[39m Lane B — BridgeListener Daemon[2m > [22mstarted.lock prevents double-dispatch[32m 63[2mms[22m[39m
@dantecode/core:test:    [32m✓[39m Lane B — BridgeListener Daemon[2m > [22mdone.json written with success:true on exit code 0[32m 123[2mms[22m[39m
@dantecode/core:test:    [32m✓[39m Lane B — BridgeListener Daemon[2m > [22mdone.json written with success:false on non-zero exit[32m 62[2mms[22m[39m
@dantecode/core:test:    [33m[2m✓[22m[39m Lane B — BridgeListener Daemon[2m > [22munknown agent kind writes error done.json gracefully [33m 553[2mms[22m[39m
@dantecode/core:test:    [33m[2m✓[22m[39m Lane B — BridgeListener Daemon[2m > [22menv vars from AgentCommandConfig are passed to spawn [33m 673[2mms[22m[39m
@dantecode/core:test:    [33m[2m✓[22m[39m Lane B — BridgeListener Daemon[2m > [22mdone.json failure includes error field with stderr content [33m 511[2mms[22m[39m
@dantecode/core:test:    [33m[2m✓[22m[39m Lane B — BridgeListener Daemon[2m > [22mdone.json error field falls back to exit-code message when log empty [33m 513[2mms[22m[39m
@dantecode/core:test:    [32m✓[39m Lane B — BridgeListener Daemon[2m > [22mstart() writes WARNING to stderr when agent command not in PATH[32m 131[2mms[22m[39m
@dantecode/core:test:    [32m✓[39m Lane C — MergeBrain WorktreeHooks[2m > [22mMergeBrain constructor works without arguments[32m 1[2mms[22m[39m
@dantecode/core:test:    [32m✓[39m Lane C — MergeBrain WorktreeHooks[2m > [22mMergeBrain instance is defined after construction[32m 1[2mms[22m[39m
@dantecode/core:test:    [32m✓[39m Lane C — MergeBrain WorktreeHooks[2m > [22msynthesize() returns valid MergeBrainResult structure with empty candidates[32m 6[2mms[22m[39m
@dantecode/core:test:    [32m✓[39m Lane C — MergeBrain WorktreeHooks[2m > [22msynthesize() with single candidate preserves candidate patch[32m 5[2mms[22m[39m
@dantecode/core:test:    [32m✓[39m Lane C — MergeBrain WorktreeHooks[2m > [22mCouncilOrchestrator constructs without worktree hooks[32m 1[2mms[22m[39m
@dantecode/core:test:    [32m✓[39m Lane C — MergeBrain WorktreeHooks[2m > [22mCouncilOrchestrator is an instance of CouncilOrchestrator after construction[32m 1[2mms[22m[39m
@dantecode/core:test:    [32m✓[39m Lane C — MergeBrain WorktreeHooks[2m > [22msynthesize() with multiple different-file candidates produces valid result[32m 5[2mms[22m[39m
@dantecode/core:test:    [32m✓[39m Lane C — MergeBrain WorktreeHooks[2m > [22msynthesize() result has valid confidence bucket[32m 5[2mms[22m[39m
@dantecode/core:test:    [32m✓[39m Lane D — CouncilOrchestrator pollAllLanes[2m > [22mlane:completed event emitted when pollStatus returns completed[32m 9[2mms[22m[39m
@dantecode/core:test:    [32m✓[39m Lane D — CouncilOrchestrator pollAllLanes[2m > [22msession.status advances to completed after pollAllLanes with completed response[32m 12[2mms[22m[39m
@dantecode/core:test:    [32m✓[39m Lane D — CouncilOrchestrator pollAllLanes[2m > [22msession.status advances to failed after pollAllLanes with failed response[32m 9[2mms[22m[39m
@dantecode/core:test:    [32m✓[39m Lane D — CouncilOrchestrator pollAllLanes[2m > [22mpollAllLanes fault isolation: one throw does not block other sessions[32m 17[2mms[22m[39m
@dantecode/core:test:    [32m✓[39m Lane D — CouncilOrchestrator pollAllLanes[2m > [22mpollAllLanes is idempotent on already-completed sessions[32m 7[2mms[22m[39m
@dantecode/core:test:    [32m✓[39m Lane D — CouncilOrchestrator pollAllLanes[2m > [22msession.health set to soft-capped on capped pollStatus[32m 6[2mms[22m[39m
@dantecode/core:test:    [32m✓[39m Lane D — CouncilOrchestrator pollAllLanes[2m > [22mstartPolling sets pollTimer; fail() clears it[32m 9[2mms[22m[39m
@dantecode/core:test:    [32m✓[39m Lane D — CouncilOrchestrator pollAllLanes[2m > [22mlane:completed event payload includes laneId, agentKind, and sessionId[32m 8[2mms[22m[39m
@dantecode/core:test:    [32m✓[39m Lane D — CouncilOrchestrator pollAllLanes[2m > [22mpollAllLanes skips session with no matching adapter[32m 4[2mms[22m[39m
@dantecode/core:test:    [32m✓[39m Lane D — CouncilOrchestrator pollAllLanes[2m > [22mstart() call causes pollTimer to be set[32m 8[2mms[22m[39m
@dantecode/core:test:    [32m✓[39m CouncilOrchestrator watchUntilComplete[2m > [22mwatchUntilComplete resolves to 'completed' when all lanes succeed[32m 22[2mms[22m[39m
@dantecode/core:test:    [32m✓[39m CouncilOrchestrator watchUntilComplete[2m > [22mwatchUntilComplete resolves to 'failed' when all lanes fail[32m 41[2mms[22m[39m
@dantecode/core:test:    [32m✓[39m CouncilOrchestrator watchUntilComplete[2m > [22mwatchUntilComplete emits lane:completed before resolving[32m 15[2mms[22m[39m
@dantecode/core:test:    [32m✓[39m CouncilOrchestrator watchUntilComplete[2m > [22mwatchUntilComplete rejects with timeout when lanes never complete[32m 57[2mms[22m[39m
@dantecode/core:test:    [32m✓[39m CouncilOrchestrator watchUntilComplete[2m > [22mwatchUntilComplete waits for all lanes before resolving[32m 31[2mms[22m[39m
@dantecode/core:test:    [32m✓[39m CouncilOrchestrator watchUntilComplete[2m > [22mfail() fallback path emits state:transition when normal transition throws[32m 12[2mms[22m[39m
@dantecode/core:test:    [32m✓[39m Lane F — Retry Engine + Aborted Status[2m > [22mDanteCodeAdapter marks session 'aborted' (not 'failed') when AbortController fires[32m 108[2mms[22m[39m
@dantecode/core:test:    [33m[2m✓[22m[39m Lane F — Retry Engine + Aborted Status[2m > [22mfailed lane is automatically retried — retryCount increments on new session [33m 1539[2mms[22m[39m
@dantecode/core:test:    [33m[2m✓[22m[39m Lane F — Retry Engine + Aborted Status[2m > [22mretries exhausted — run transitions to failed after maxLaneRetries attempts [33m 2654[2mms[22m[39m
@dantecode/core:test:    [33m[2m✓[22m[39m Lane F — Retry Engine + Aborted Status[2m > [22mD3: retry fires in NEXT poll cycle, not the same one (backoff path exercised) [33m 461[2mms[22m[39m
@dantecode/core:test:    [33m[2m✓[22m[39m Lane F — Retry Engine + Aborted Status[2m > [22mD6: P6 cross-lane freeze — paused lane resumes after retry completes (zero-backoff) [33m 476[2mms[22m[39m
@dantecode/core:test:    [33m[2m✓[22m[39m Lane F — Retry Engine + Aborted Status[2m > [22mD4: concurrent multi-lane failure — both lanes fail, run transitions to failed [33m 1082[2mms[22m[39m
@dantecode/core:test:    [33m[2m✓[22m[39m Lane F — Retry Engine + Aborted Status[2m > [22mD5: single-adapter fallback — same agent retries when no alternative exists [33m 855[2mms[22m[39m
@dantecode/core:test:    [33m[2m✓[22m[39m Lane F — Retry Engine + Aborted Status[2m > [22mD7: N-deep retry chain — Lane B transfers pausedForRetry from Retry 1 to Retry 2 [33m 1499[2mms[22m[39m
@dantecode/core:test:    [33m[2m✓[22m[39m Lane F — Retry Engine + Aborted Status[2m > [22mS1: both lanes fail in same poll cycle → both terminal → watchUntilComplete resolves → status 'failed' [33m 490[2mms[22m[39m
@dantecode/core:test:    [32m✓[39m Lane E — CouncilOrchestrator watchUntilComplete foreground[2m > [22mwatchUntilComplete resolves immediately when orchestrator is already in completed state[32m 31[2mms[22m[39m
@dantecode/core:test:    [32m✓[39m Lane E — CouncilOrchestrator watchUntilComplete foreground[2m > [22mwatchUntilComplete resolves immediately when orchestrator is already in failed state[32m 1[2mms[22m[39m
@dantecode/core:test:    [32m✓[39m Lane E — CouncilOrchestrator watchUntilComplete foreground[2m > [22morchestrator.currentStatus reflects the state machine status through idle→running[32m 80[2mms[22m[39m
@dantecode/core:test:    [32m✓[39m DanteCodeAdapter edge cases[2m > [22mpollStatus returns unknown for a session ID that was never submitted[32m 1[2mms[22m[39m
@dantecode/core:test:    [32m✓[39m DanteCodeAdapter edge cases[2m > [22mexecutor touchedFiles flow through to collectArtifacts logs[32m 60[2mms[22m[39m
@dantecode/core:test:    [32m✓[39m DanteCodeAdapter edge cases[2m > [22mmarkCompleted and markFailed directly mutate session status[32m 3[2mms[22m[39m
@dantecode/core:test: [31m   [31m×[31m Lane G — Integration: real executor + real git[2m > [22mI1: real SelfLaneExecutor writes file → collectPatch returns actual git diff → run completes[39m[33m 4699[2mms[22m[39m[33m (retry x1)[39m
@dantecode/core:test: [31m     → Command failed: git config user.name 'Test'
@dantecode/core:test: warning: unable to access 'C:/Users/richa/.gitconfig': Permission denied
@dantecode/core:test: warning: unable to access 'C:/Users/richa/.gitconfig': Permission denied
@dantecode/core:test: fatal: unknown error occurred while reading the configuration files
@dantecode/core:test: [39m
@dantecode/core:test: [31m     → Failed to create worktree for lane: WorktreeHooks required for council worktree operations[39m
@dantecode/core:test:    [32m✓[39m Lane H — Merge Blocked Path[2m > [22mB1: conflicting patches → merge blocked → orchestrator transitions to 'blocked' not 'failed'[32m 46[2mms[22m[39m
@dantecode/core:test:    [32m✓[39m Lane I — Multi-Lane Integration[2m > [22mI2: two lanes complete with non-overlapping patches → candidateLanes.length === 2 → status 'completed'[32m 106[2mms[22m[39m
@dantecode/ux-polish:test: [90mstderr[2m | src/error-helper.test.ts
@dantecode/ux-polish:test: [22m[39mWarning: Could not configure git (tests using git may fail): Error: Command failed: git config --global user.name DanteCode Test Runner
@dantecode/ux-polish:test: [90m    at genericNodeError (node:internal/errors:985:15)[39m
@dantecode/ux-polish:test: [90m    at wrappedFn (node:internal/errors:539:14)[39m
@dantecode/ux-polish:test: [90m    at checkExecSyncError (node:child_process:925:11)[39m
@dantecode/ux-polish:test: [90m    at Proxy.execFileSync (node:child_process:961:15)[39m
@dantecode/ux-polish:test:     at C:\Projects\DanteCode\test-setup.ts:22:3
@dantecode/ux-polish:test: [90m    at processTicksAndRejections (node:internal/process/task_queues:103:5)[39m
@dantecode/ux-polish:test:     at VitestExecutor.runModule (file:///C:/Projects/DanteCode/node_modules/[4mvite-node[24m/dist/client.mjs:397:4)
@dantecode/ux-polish:test:     at VitestExecutor.directRequest (file:///C:/Projects/DanteCode/node_modules/[4mvite-node[24m/dist/client.mjs:375:3)
@dantecode/ux-polish:test:     at VitestExecutor.cachedRequest (file:///C:/Projects/DanteCode/node_modules/[4mvite-node[24m/dist/client.mjs:189:11)
@dantecode/ux-polish:test:     at VitestExecutor.executeId (file:///C:/Projects/DanteCode/node_modules/[4mvite-node[24m/dist/client.mjs:166:10) {
@dantecode/ux-polish:test:   status: [33m255[39m,
@dantecode/ux-polish:test:   signal: [1mnull[22m,
@dantecode/ux-polish:test:   output: [ [1mnull[22m, [1mnull[22m, [1mnull[22m ],
@dantecode/ux-polish:test:   pid: [33m24480[39m,
@dantecode/ux-polish:test:   stdout: [1mnull[22m,
@dantecode/ux-polish:test:   stderr: [1mnull[22m
@dantecode/ux-polish:test: }
@dantecode/ux-polish:test: 
@dantecode/dante-sandbox:test:  [32m✓[39m src/approval-engine.test.ts [2m([22m[2m15 tests[22m[2m)[22m[32m 10[2mms[22m[39m
@dantecode/ux-polish:test:  [32m✓[39m src/preferences.test.ts [2m([22m[2m13 tests[22m[2m)[22m[32m 8[2mms[22m[39m
@dantecode/ux-polish:test:  [32m✓[39m src/surfaces/prompt-builder.test.ts [2m([22m[2m5 tests[22m[2m)[22m[32m 5[2mms[22m[39m
@dantecode/git-engine:test:  [32m✓[39m src/event-normalizer.test.ts [2m([22m[2m19 tests[22m[2m)[22m[32m 11[2mms[22m[39m
@dantecode/dante-sandbox:test:  [32m✓[39m src/policy.test.ts [2m([22m[2m17 tests[22m[2m)[22m[32m 12[2mms[22m[39m
@dantecode/git-engine:test:  [32m✓[39m src/diff.test.ts [2m([22m[2m32 tests[22m[2m)[22m[32m 26[2mms[22m[39m
@dantecode/ux-polish:test: [90mstderr[2m | src/rich-renderer.test.ts
@dantecode/ux-polish:test: [22m[39mWarning: Could not configure git (tests using git may fail): Error: Command failed: git config --global user.email test@dantecode.dev
@dantecode/ux-polish:test: [90m    at genericNodeError (node:internal/errors:985:15)[39m
@dantecode/ux-polish:test: [90m    at wrappedFn (node:internal/errors:539:14)[39m
@dantecode/ux-polish:test: [90m    at checkExecSyncError (node:child_process:925:11)[39m
@dantecode/ux-polish:test: [90m    at Proxy.execFileSync (node:child_process:961:15)[39m
@dantecode/ux-polish:test:     at C:\Projects\DanteCode\test-setup.ts:23:3
@dantecode/ux-polish:test: [90m    at processTicksAndRejections (node:internal/process/task_queues:103:5)[39m
@dantecode/ux-polish:test:     at VitestExecutor.runModule (file:///C:/Projects/DanteCode/node_modules/[4mvite-node[24m/dist/client.mjs:397:4)
@dantecode/ux-polish:test:     at VitestExecutor.directRequest (file:///C:/Projects/DanteCode/node_modules/[4mvite-node[24m/dist/client.mjs:375:3)
@dantecode/ux-polish:test:     at VitestExecutor.cachedRequest (file:///C:/Projects/DanteCode/node_modules/[4mvite-node[24m/dist/client.mjs:189:11)
@dantecode/ux-polish:test:     at VitestExecutor.executeId (file:///C:/Projects/DanteCode/node_modules/[4mvite-node[24m/dist/client.mjs:166:10) {
@dantecode/ux-polish:test:   status: [33m128[39m,
@dantecode/ux-polish:test:   signal: [1mnull[22m,
@dantecode/ux-polish:test:   output: [ [1mnull[22m, [1mnull[22m, [1mnull[22m ],
@dantecode/ux-polish:test:   pid: [33m39288[39m,
@dantecode/ux-polish:test:   stdout: [1mnull[22m,
@dantecode/ux-polish:test:   stderr: [1mnull[22m
@dantecode/ux-polish:test: }
@dantecode/ux-polish:test: 
@dantecode/ux-polish:test:  [32m✓[39m src/rich-renderer.test.ts [2m([22m[2m11 tests[22m[2m)[22m[32m 8[2mms[22m[39m
@dantecode/ux-polish:test:  [32m✓[39m src/error-helper.test.ts [2m([22m[2m17 tests[22m[2m)[22m[32m 10[2mms[22m[39m
@dantecode/core:test:  [31m❯[39m src/__tests__/e2e/council-lifecycle.test.ts [2m([22m[2m6 tests[22m[2m | [22m[31m1 failed[39m[2m)[22m[33m 23875[2mms[22m[39m
@dantecode/core:test:    [33m[2m✓[22m[39m Council lifecycle — real git e2e[2m > [22mscores high confidence for non-overlapping patches from real branches [33m 4404[2mms[22m[39m
@dantecode/core:test:    [33m[2m✓[22m[39m Council lifecycle — real git e2e[2m > [22mscores lower confidence for overlapping patches from real branches [33m 4982[2mms[22m[39m[33m (retry x1)[39m
@dantecode/core:test:    [32m✓[39m Council lifecycle — real git e2e[2m > [22mclassifies overlap levels correctly from real file sets[32m 1[2mms[22m[39m
@dantecode/core:test:    [32m✓[39m Council lifecycle — real git e2e[2m > [22mOverlapDetector freezes lanes on L3+ overlap[32m 3[2mms[22m[39m
@dantecode/core:test: [31m   [31m×[31m Council lifecycle — real git e2e[2m > [22mproduces real merge conflict markers when branches conflict[39m[33m 7685[2mms[22m[39m[33m (retry x1)[39m
@dantecode/core:test: [31m     → Command failed: git commit --allow-empty -m "branch-a changes"
@dantecode/core:test: warning: unable to access 'C:/Users/richa/.gitconfig': Permission denied
@dantecode/core:test: warning: unable to access 'C:/Users/richa/.gitconfig': Permission denied
@dantecode/core:test: warning: unable to access 'C:/Users/richa/.gitconfig': Permission denied
@dantecode/core:test: fatal: unknown error occurred while reading the configuration files
@dantecode/core:test: [39m
@dantecode/core:test: [31m     → Command failed: git config user.name Test
@dantecode/core:test: warning: unable to access 'C:/Users/richa/.gitconfig': Permission denied
@dantecode/core:test: fatal: unknown error occurred while reading the configuration files
@dantecode/core:test: [39m
@dantecode/core:test:    [33m[2m✓[22m[39m Council lifecycle — real git e2e[2m > [22msingle-candidate scoring produces high confidence with all tests passing [33m 6798[2mms[22m[39m
@dantecode/core:test:  [32m✓[39m src/architect-planner.test.ts [2m([22m[2m19 tests[22m[2m)[22m[32m 16[2mms[22m[39m
@dantecode/ux-polish:test: 
@dantecode/ux-polish:test: [2m Test Files [22m [1m[32m26 passed[39m[22m[90m (26)[39m
@dantecode/ux-polish:test: [2m      Tests [22m [1m[32m433 passed[39m[22m[90m (433)[39m
@dantecode/ux-polish:test: [2m   Start at [22m 20:33:00
@dantecode/ux-polish:test: [2m   Duration [22m 9.79s[2m (transform 50.88s, setup 17.10s, collect 54.21s, tests 595ms, environment 7ms, prepare 8.74s)[22m
@dantecode/ux-polish:test: 
@dantecode/skill-adapter:test: 
@dantecode/skill-adapter:test: [1m[46m RUN [49m[22m [36mv3.2.4 [39m[90mC:/Projects/DanteCode/packages/skill-adapter[39m
@dantecode/skill-adapter:test: 
@dantecode/git-engine:test:  [32m✓[39m src/multi-repo-coordinator.test.ts [2m([22m[2m13 tests[22m[2m)[22m[32m 11[2mms[22m[39m
@dantecode/core:test:  [32m✓[39m src/model-adaptation-report.test.ts [2m([22m[2m23 tests[22m[2m)[22m[32m 17[2mms[22m[39m
@dantecode/core:test:  [32m✓[39m src/search-cache.test.ts [2m([22m[2m15 tests[22m[2m)[22m[32m 17[2mms[22m[39m
@dantecode/core:test:  [32m✓[39m src/repair-loop/test-parsers.test.ts [2m([22m[2m21 tests[22m[2m)[22m[32m 15[2mms[22m[39m
@dantecode/workspace:build: [32mESM[39m [1mdist\index.js     [22m[32m48.11 KB[39m
@dantecode/workspace:build: [32mESM[39m [1mdist\index.js.map [22m[32m127.80 KB[39m
@dantecode/workspace:build: [32mESM[39m ⚡️ Build success in 1724ms
@dantecode/dante-sandbox:test:  [32m✓[39m src/escape-patterns.test.ts [2m([22m[2m10 tests[22m[2m)[22m[32m 13[2mms[22m[39m
@dantecode/dante-sandbox:test:  [32m✓[39m src/native-sandbox.test.ts [2m([22m[2m27 tests[22m[2m)[22m[33m 1792[2mms[22m[39m
@dantecode/dante-sandbox:test:    [33m[2m✓[22m[39m NativeSandbox — execute() via executeFallback[2m > [22mexecute() with 'echo hello' sets stdout containing 'hello' [33m 407[2mms[22m[39m
@dantecode/dante-sandbox:test:    [33m[2m✓[22m[39m NativeSandbox — execute() via executeFallback[2m > [22mexecuteFallback returns exitCode 0 on success [33m 390[2mms[22m[39m
@dantecode/dante-sandbox:test:    [33m[2m✓[22m[39m NativeSandbox — execute() via executeFallback[2m > [22mexecute() result has violations: [] [33m 352[2mms[22m[39m
@dantecode/agent-orchestrator:build: 
@dantecode/agent-orchestrator:build: > @dantecode/agent-orchestrator@0.9.2 build
@dantecode/agent-orchestrator:build: > node -e "['index.d.ts','index.d.ts.map'].forEach(f=>{try{require('fs').unlinkSync('dist/'+f)}catch{}})" && tsup && node scripts/generate-stub-dts.js
@dantecode/agent-orchestrator:build: 
@dantecode/debug-trail:test:  [32m✓[39m src/debug-trail.integration.test.ts [2m([22m[2m7 tests[22m[2m)[22m[33m 7750[2mms[22m[39m
@dantecode/debug-trail:test:    [33m[2m✓[22m[39m GF-02: Delete tombstone + restore[2m > [22mrecords deletion, deletes file, then restores it with original content [33m 1955[2mms[22m[39m
@dantecode/debug-trail:test:    [33m[2m✓[22m[39m GF-03: Before/after snapshot pair[2m > [22mcaptures distinct before/after snapshots with correct content [33m 888[2mms[22m[39m
@dantecode/debug-trail:test:    [33m[2m✓[22m[39m GF-04: Natural language query[2m > [22mfilters to file_delete events when asked 'what files were deleted' [33m 920[2mms[22m[39m
@dantecode/debug-trail:test:    [33m[2m✓[22m[39m GF-05: Session replay[2m > [22mstarts replay and jumps to step 3 out of 5 events [33m 2402[2mms[22m[39m
@dantecode/debug-trail:test:    [33m[2m✓[22m[39m GF-06: Snapshot deduplication[2m > [22mreturns existing cached record for identical content on second snapshot [33m 1289[2mms[22m[39m
@dantecode/core:test:  [32m✓[39m src/secrets-scanner.test.ts [2m([22m[2m25 tests[22m[2m)[22m[32m 18[2mms[22m[39m
@dantecode/core:test:  [32m✓[39m src/model-adaptation-promotion.test.ts [2m([22m[2m25 tests[22m[2m)[22m[32m 15[2mms[22m[39m
@dantecode/automation-engine:build: 
@dantecode/automation-engine:build: > @dantecode/automation-engine@0.9.2 build
@dantecode/automation-engine:build: > node -e "['index.d.ts','index.d.ts.map'].forEach(f=>{try{require('fs').unlinkSync('dist/'+f)}catch{}})" && tsup src/index.ts --format esm && node scripts/generate-stub-dts.js
@dantecode/automation-engine:build: 
@dantecode/core:test:  [32m✓[39m src/webhook-handler.test.ts [2m([22m[2m18 tests[22m[2m)[22m[32m 15[2mms[22m[39m
dantecode:build: [34mCLI[39m Building entry: src/extension.ts
dantecode:build: [34mCLI[39m Using tsconfig: tsconfig.json
dantecode:build: [34mCLI[39m tsup v8.5.1
dantecode:build: [34mCLI[39m Using tsup config: C:\Projects\DanteCode\packages\vscode\tsup.config.ts
dantecode:build: [34mCLI[39m Target: es2022
dantecode:build: [34mCJS[39m Build start
@dantecode/git-engine:test:  [32m✓[39m src/auto-pr-engine.test.ts [2m([22m[2m1 test[22m[2m)[22m[32m 45[2mms[22m[39m
@dantecode/git-engine:test:  [32m✓[39m src/changeset-manager.test.ts [2m([22m[2m1 test[22m[2m)[22m[32m 32[2mms[22m[39m
@dantecode/git-engine:test:  [32m✓[39m src/rate-limiter.test.ts [2m([22m[2m9 tests[22m[2m)[22m[32m 63[2mms[22m[39m
@dantecode/git-engine:test:  [32m✓[39m src/webhook-handler.test.ts [2m([22m[2m1 test[22m[2m)[22m[32m 59[2mms[22m[39m
@dantecode/git-engine:test:  [32m✓[39m src/scheduled-tasks.test.ts [2m([22m[2m2 tests[22m[2m)[22m[32m 62[2mms[22m[39m
@dantecode/git-engine:test:  [32m✓[39m src/git-event-watcher.test.ts [2m([22m[2m2 tests[22m[2m)[22m[32m 198[2mms[22m[39m
@dantecode/skill-adapter:test: [90mstderr[2m | src/parsers/parsers.test.ts
@dantecode/skill-adapter:test: [22m[39mWarning: Could not configure git (tests using git may fail): Error: Command failed: git config --global user.name DanteCode Test Runner
@dantecode/skill-adapter:test: [90m    at genericNodeError (node:internal/errors:985:15)[39m
@dantecode/skill-adapter:test: [90m    at wrappedFn (node:internal/errors:539:14)[39m
@dantecode/skill-adapter:test: [90m    at checkExecSyncError (node:child_process:925:11)[39m
@dantecode/skill-adapter:test: [90m    at Proxy.execFileSync (node:child_process:961:15)[39m
@dantecode/skill-adapter:test:     at C:\Projects\DanteCode\test-setup.ts:22:3
@dantecode/skill-adapter:test: [90m    at processTicksAndRejections (node:internal/process/task_queues:103:5)[39m
@dantecode/skill-adapter:test:     at VitestExecutor.runModule (file:///C:/Projects/DanteCode/node_modules/[4mvite-node[24m/dist/client.mjs:397:4)
@dantecode/skill-adapter:test:     at VitestExecutor.directRequest (file:///C:/Projects/DanteCode/node_modules/[4mvite-node[24m/dist/client.mjs:375:3)
@dantecode/skill-adapter:test:     at VitestExecutor.cachedRequest (file:///C:/Projects/DanteCode/node_modules/[4mvite-node[24m/dist/client.mjs:189:11)
@dantecode/skill-adapter:test:     at VitestExecutor.executeId (file:///C:/Projects/DanteCode/node_modules/[4mvite-node[24m/dist/client.mjs:166:10) {
@dantecode/skill-adapter:test:   status: [33m128[39m,
@dantecode/skill-adapter:test:   signal: [1mnull[22m,
@dantecode/skill-adapter:test:   output: [ [1mnull[22m, [1mnull[22m, [1mnull[22m ],
@dantecode/skill-adapter:test:   pid: [33m42484[39m,
@dantecode/skill-adapter:test:   stdout: [1mnull[22m,
@dantecode/skill-adapter:test:   stderr: [1mnull[22m
@dantecode/skill-adapter:test: }
@dantecode/skill-adapter:test: 
@dantecode/core:test: [90mstderr[2m | src/verification-trace.test.ts
@dantecode/core:test: [22m[39mWarning: Could not configure git (tests using git may fail): Error: Command failed: git config --global user.name DanteCode Test Runner
@dantecode/core:test: [90m    at genericNodeError (node:internal/errors:985:15)[39m
@dantecode/core:test: [90m    at wrappedFn (node:internal/errors:539:14)[39m
@dantecode/core:test: [90m    at checkExecSyncError (node:child_process:925:11)[39m
@dantecode/core:test: [90m    at Proxy.execFileSync (node:child_process:961:15)[39m
@dantecode/core:test:     at C:\Projects\DanteCode\test-setup.ts:22:3
@dantecode/core:test: [90m    at processTicksAndRejections (node:internal/process/task_queues:103:5)[39m
@dantecode/core:test:     at VitestExecutor.runModule (file:///C:/Projects/DanteCode/node_modules/[4mvite-node[24m/dist/client.mjs:397:4)
@dantecode/core:test:     at VitestExecutor.directRequest (file:///C:/Projects/DanteCode/node_modules/[4mvite-node[24m/dist/client.mjs:375:3)
@dantecode/core:test:     at VitestExecutor.cachedRequest (file:///C:/Projects/DanteCode/node_modules/[4mvite-node[24m/dist/client.mjs:189:11)
@dantecode/core:test:     at VitestExecutor.executeId (file:///C:/Projects/DanteCode/node_modules/[4mvite-node[24m/dist/client.mjs:166:10) {
@dantecode/core:test:   status: [33m128[39m,
@dantecode/core:test:   signal: [1mnull[22m,
@dantecode/core:test:   output: [ [1mnull[22m, [1mnull[22m, [1mnull[22m ],
@dantecode/core:test:   pid: [33m53844[39m,
@dantecode/core:test:   stdout: [1mnull[22m,
@dantecode/core:test:   stderr: [1mnull[22m
@dantecode/core:test: }
@dantecode/core:test: 
@dantecode/skill-adapter:test: [90mstderr[2m | src/wrap.test.ts
@dantecode/skill-adapter:test: [22m[39mWarning: Could not configure git (tests using git may fail): Error: Command failed: git config --global user.name DanteCode Test Runner
@dantecode/skill-adapter:test: [90m    at genericNodeError (node:internal/errors:985:15)[39m
@dantecode/skill-adapter:test: [90m    at wrappedFn (node:internal/errors:539:14)[39m
@dantecode/skill-adapter:test: [90m    at checkExecSyncError (node:child_process:925:11)[39m
@dantecode/skill-adapter:test: [90m    at Proxy.execFileSync (node:child_process:961:15)[39m
@dantecode/skill-adapter:test:     at C:\Projects\DanteCode\test-setup.ts:22:3
@dantecode/skill-adapter:test: [90m    at processTicksAndRejections (node:internal/process/task_queues:103:5)[39m
@dantecode/skill-adapter:test:     at VitestExecutor.runModule (file:///C:/Projects/DanteCode/node_modules/[4mvite-node[24m/dist/client.mjs:397:4)
@dantecode/skill-adapter:test:     at VitestExecutor.directRequest (file:///C:/Projects/DanteCode/node_modules/[4mvite-node[24m/dist/client.mjs:375:3)
@dantecode/skill-adapter:test:     at VitestExecutor.cachedRequest (file:///C:/Projects/DanteCode/node_modules/[4mvite-node[24m/dist/client.mjs:189:11)
@dantecode/skill-adapter:test:     at VitestExecutor.executeId (file:///C:/Projects/DanteCode/node_modules/[4mvite-node[24m/dist/client.mjs:166:10) {
@dantecode/skill-adapter:test:   status: [33m128[39m,
@dantecode/skill-adapter:test:   signal: [1mnull[22m,
@dantecode/skill-adapter:test:   output: [ [1mnull[22m, [1mnull[22m, [1mnull[22m ],
@dantecode/skill-adapter:test:   pid: [33m54164[39m,
@dantecode/skill-adapter:test:   stdout: [1mnull[22m,
@dantecode/skill-adapter:test:   stderr: [1mnull[22m
@dantecode/skill-adapter:test: }
@dantecode/skill-adapter:test: 
@dantecode/core:test:  [32m✓[39m src/durable-event-store.test.ts [2m([22m[2m35 tests[22m[2m)[22m[33m 26032[2mms[22m[39m
@dantecode/core:test:    [33m[2m✓[22m[39m JsonlEventStore[2m > [22msearch[2m > [22msupports streaming large result sets [33m 24169[2mms[22m[39m
@dantecode/core:test:    [33m[2m✓[22m[39m JsonlEventStore[2m > [22medge cases[2m > [22mhandles concurrent appends [33m 484[2mms[22m[39m
@dantecode/skill-adapter:test: [90mstderr[2m | src/marketplace/installer.test.ts
@dantecode/skill-adapter:test: [22m[39mWarning: Could not configure git (tests using git may fail): Error: Command failed: git config --global user.name DanteCode Test Runner
@dantecode/skill-adapter:test: [90m    at genericNodeError (node:internal/errors:985:15)[39m
@dantecode/skill-adapter:test: [90m    at wrappedFn (node:internal/errors:539:14)[39m
@dantecode/skill-adapter:test: [90m    at checkExecSyncError (node:child_process:925:11)[39m
@dantecode/skill-adapter:test: [90m    at Proxy.execFileSync (node:child_process:961:15)[39m
@dantecode/skill-adapter:test:     at C:\Projects\DanteCode\test-setup.ts:22:3
@dantecode/skill-adapter:test: [90m    at processTicksAndRejections (node:internal/process/task_queues:103:5)[39m
@dantecode/skill-adapter:test:     at VitestExecutor.runModule (file:///C:/Projects/DanteCode/node_modules/[4mvite-node[24m/dist/client.mjs:397:4)
@dantecode/skill-adapter:test:     at VitestExecutor.directRequest (file:///C:/Projects/DanteCode/node_modules/[4mvite-node[24m/dist/client.mjs:375:3)
@dantecode/skill-adapter:test:     at VitestExecutor.cachedRequest (file:///C:/Projects/DanteCode/node_modules/[4mvite-node[24m/dist/client.mjs:189:11)
@dantecode/skill-adapter:test:     at VitestExecutor.executeId (file:///C:/Projects/DanteCode/node_modules/[4mvite-node[24m/dist/client.mjs:166:10) {
@dantecode/skill-adapter:test:   status: [33m128[39m,
@dantecode/skill-adapter:test:   signal: [1mnull[22m,
@dantecode/skill-adapter:test:   output: [ [1mnull[22m, [1mnull[22m, [1mnull[22m ],
@dantecode/skill-adapter:test:   pid: [33m33936[39m,
@dantecode/skill-adapter:test:   stdout: [1mnull[22m,
@dantecode/skill-adapter:test:   stderr: [1mnull[22m
@dantecode/skill-adapter:test: }
@dantecode/skill-adapter:test: 
@dantecode/skill-adapter:test: [90mstderr[2m | src/parsers/skillbridge.test.ts
@dantecode/skill-adapter:test: [22m[39mWarning: Could not configure git (tests using git may fail): Error: Command failed: git config --global user.email test@dantecode.dev
@dantecode/skill-adapter:test: [90m    at genericNodeError (node:internal/errors:985:15)[39m
@dantecode/skill-adapter:test: [90m    at wrappedFn (node:internal/errors:539:14)[39m
@dantecode/skill-adapter:test: [90m    at checkExecSyncError (node:child_process:925:11)[39m
@dantecode/skill-adapter:test: [90m    at Proxy.execFileSync (node:child_process:961:15)[39m
@dantecode/skill-adapter:test:     at C:\Projects\DanteCode\test-setup.ts:23:3
@dantecode/skill-adapter:test: [90m    at processTicksAndRejections (node:internal/process/task_queues:103:5)[39m
@dantecode/skill-adapter:test:     at VitestExecutor.runModule (file:///C:/Projects/DanteCode/node_modules/[4mvite-node[24m/dist/client.mjs:397:4)
@dantecode/skill-adapter:test:     at VitestExecutor.directRequest (file:///C:/Projects/DanteCode/node_modules/[4mvite-node[24m/dist/client.mjs:375:3)
@dantecode/skill-adapter:test:     at VitestExecutor.cachedRequest (file:///C:/Projects/DanteCode/node_modules/[4mvite-node[24m/dist/client.mjs:189:11)
@dantecode/skill-adapter:test:     at VitestExecutor.executeId (file:///C:/Projects/DanteCode/node_modules/[4mvite-node[24m/dist/client.mjs:166:10) {
@dantecode/skill-adapter:test:   status: [33m128[39m,
@dantecode/skill-adapter:test:   signal: [1mnull[22m,
@dantecode/skill-adapter:test:   output: [ [1mnull[22m, [1mnull[22m, [1mnull[22m ],
@dantecode/skill-adapter:test:   pid: [33m47012[39m,
@dantecode/skill-adapter:test:   stdout: [1mnull[22m,
@dantecode/skill-adapter:test:   stderr: [1mnull[22m
@dantecode/skill-adapter:test: }
@dantecode/skill-adapter:test: 
@dantecode/core:test: [90mstderr[2m | src/verification-optimization.test.ts
@dantecode/core:test: [22m[39mWarning: Could not configure git (tests using git may fail): Error: Command failed: git config --global user.email test@dantecode.dev
@dantecode/core:test: [90m    at genericNodeError (node:internal/errors:985:15)[39m
@dantecode/core:test: [90m    at wrappedFn (node:internal/errors:539:14)[39m
@dantecode/core:test: [90m    at checkExecSyncError (node:child_process:925:11)[39m
@dantecode/core:test: [90m    at Proxy.execFileSync (node:child_process:961:15)[39m
@dantecode/core:test:     at C:\Projects\DanteCode\test-setup.ts:23:3
@dantecode/core:test: [90m    at processTicksAndRejections (node:internal/process/task_queues:103:5)[39m
@dantecode/core:test:     at VitestExecutor.runModule (file:///C:/Projects/DanteCode/node_modules/[4mvite-node[24m/dist/client.mjs:397:4)
@dantecode/core:test:     at VitestExecutor.directRequest (file:///C:/Projects/DanteCode/node_modules/[4mvite-node[24m/dist/client.mjs:375:3)
@dantecode/core:test:     at VitestExecutor.cachedRequest (file:///C:/Projects/DanteCode/node_modules/[4mvite-node[24m/dist/client.mjs:189:11)
@dantecode/core:test:     at VitestExecutor.executeId (file:///C:/Projects/DanteCode/node_modules/[4mvite-node[24m/dist/client.mjs:166:10) {
@dantecode/core:test:   status: [33m255[39m,
@dantecode/core:test:   signal: [1mnull[22m,
@dantecode/core:test:   output: [ [1mnull[22m, [1mnull[22m, [1mnull[22m ],
@dantecode/core:test:   pid: [33m42368[39m,
@dantecode/core:test:   stdout: [1mnull[22m,
@dantecode/core:test:   stderr: [1mnull[22m
@dantecode/core:test: }
@dantecode/core:test: 
@dantecode/workspace:build: [34mDTS[39m Build start
@dantecode/core:test:  [32m✓[39m src/version-migration.test.ts [2m([22m[2m18 tests[22m[2m)[22m[32m 13[2mms[22m[39m
@dantecode/core:test:  [32m✓[39m src/verification-trace.test.ts [2m([22m[2m19 tests[22m[2m)[22m[32m 13[2mms[22m[39m
@dantecode/core:test:  [32m✓[39m src/repo-map-ast.test.ts [2m([22m[2m26 tests[22m[2m)[22m[32m 20[2mms[22m[39m
@dantecode/skill-adapter:test:  [32m✓[39m src/wrap.test.ts [2m([22m[2m22 tests[22m[2m)[22m[32m 25[2mms[22m[39m
@dantecode/dante-sandbox:test:  [32m✓[39m src/cleanup.test.ts [2m([22m[2m3 tests[22m[2m)[22m[33m 5346[2mms[22m[39m
@dantecode/dante-sandbox:test:    [33m[2m✓[22m[39m Cleanup — Resource Release[2m > [22mclears layers after teardown [33m 5337[2mms[22m[39m
@dantecode/core:test:  [32m✓[39m src/git-snapshot-recovery.test.ts [2m([22m[2m12 tests[22m[2m)[22m[32m 11[2mms[22m[39m
@dantecode/core:test:  [32m✓[39m src/plan-executor.test.ts [2m([22m[2m16 tests[22m[2m)[22m[32m 16[2mms[22m[39m
@dantecode/core:test:  [32m✓[39m src/subagent-context.test.ts [2m([22m[2m15 tests[22m[2m)[22m[32m 13[2mms[22m[39m
@dantecode/core:test:  [32m✓[39m src/policy-enforcer.test.ts [2m([22m[2m19 tests[22m[2m)[22m[32m 16[2mms[22m[39m
@dantecode/core:test:  [32m✓[39m src/permission-engine/rule-parser.test.ts [2m([22m[2m34 tests[22m[2m)[22m[32m 13[2mms[22m[39m
@dantecode/core:test:  [32m✓[39m src/loop-detector.test.ts [2m([22m[2m28 tests[22m[2m)[22m[32m 16[2mms[22m[39m
@dantecode/core:test:  [32m✓[39m src/fim-engine-intel.test.ts [2m([22m[2m31 tests[22m[2m)[22m[32m 11[2mms[22m[39m
@dantecode/core:test:  [32m✓[39m src/completion-verifier.test.ts [2m([22m[2m11 tests[22m[2m)[22m[32m 13[2mms[22m[39m
@dantecode/core:test:  [32m✓[39m src/verification-optimization.test.ts [2m([22m[2m16 tests[22m[2m)[22m[32m 17[2mms[22m[39m
@dantecode/skill-adapter:test:  [32m✓[39m src/parsers/parsers.test.ts [2m([22m[2m30 tests[22m[2m)[22m[32m 232[2mms[22m[39m
@dantecode/skill-adapter:test:  [32m✓[39m src/verifier/skill-verifier.test.ts [2m([22m[2m16 tests[22m[2m)[22m[32m 9[2mms[22m[39m
@dantecode/skill-adapter:test:  [32m✓[39m src/parsers/qwen-parser.test.ts [2m([22m[2m18 tests[22m[2m)[22m[32m 83[2mms[22m[39m
@dantecode/skill-adapter:test:  [32m✓[39m src/marketplace/catalog.test.ts [2m([22m[2m12 tests[22m[2m)[22m[32m 50[2mms[22m[39m
@dantecode/skill-adapter:test:  [32m✓[39m src/parsers/skillbridge.test.ts [2m([22m[2m25 tests[22m[2m)[22m[32m 120[2mms[22m[39m
@dantecode/skill-adapter:test:  [32m✓[39m src/parsers/codex-parser.test.ts [2m([22m[2m23 tests[22m[2m)[22m[32m 81[2mms[22m[39m
@dantecode/skill-adapter:test:  [32m✓[39m src/marketplace/bundler.test.ts [2m([22m[2m9 tests[22m[2m)[22m[32m 277[2mms[22m[39m
@dantecode/skill-adapter:test: [90mstderr[2m | src/marketplace/installer.test.ts[2m > [22m[2minstallSkill[2m > [22m[2m1. installSkill from local path copies files and returns success
@dantecode/skill-adapter:test: [22m[39mWARNING: Skill verification cannot be disabled (security policy). Proceeding with verification enabled.
@dantecode/skill-adapter:test: 
@dantecode/skill-adapter:test:  [32m✓[39m src/importer.test.ts [2m([22m[2m28 tests[22m[2m)[22m[32m 25[2mms[22m[39m
@dantecode/skill-adapter:test:  [32m✓[39m src/parsers/cursor-parser.test.ts [2m([22m[2m20 tests[22m[2m)[22m[32m 64[2mms[22m[39m
@dantecode/skill-adapter:test:  [32m✓[39m src/composer/chain.test.ts [2m([22m[2m36 tests[22m[2m)[22m[32m 42[2mms[22m[39m
@dantecode/debug-trail:test:  [32m✓[39m src/debug-trail.test.ts [2m([22m[2m188 tests[22m[2m)[22m[33m 11219[2mms[22m[39m
@dantecode/debug-trail:test:    [33m[2m✓[22m[39m Query Engine[2m > [22mTrailQuery.excludeKinds filters out specified event kinds [33m 729[2mms[22m[39m
@dantecode/debug-trail:test:    [33m[2m✓[22m[39m Trail Store[2m > [22mrebuildIndex recovers correct lastSeq after index.json is corrupted [33m 1089[2mms[22m[39m
@dantecode/debug-trail:test:    [33m[2m✓[22m[39m Trail Store[2m > [22mTrailQueryEngine sees fresh data after log() when cache was invalidated [33m 360[2mms[22m[39m
@dantecode/debug-trail:test:    [33m[2m✓[22m[39m Trail Store[2m > [22mfilePathPrefix does not match files with similar but different names [33m 1401[2mms[22m[39m
@dantecode/debug-trail:test:    [33m[2m✓[22m[39m Audit Logger[2m > [22mmultiple rapid log() calls produce correct sequential output after drain() [33m 2881[2mms[22m[39m
@dantecode/debug-trail:test:    [33m[2m✓[22m[39m Audit Logger[2m > [22msessionEvents buffer defaults to 10_000 (not exceeded in normal use) [33m 2358[2mms[22m[39m
@dantecode/skill-adapter:test:  [32m✓[39m src/import-bridge.test.ts [2m([22m[2m24 tests[22m[2m)[22m[33m 454[2mms[22m[39m
@dantecode/debug-trail:test: 
@dantecode/debug-trail:test: [2m Test Files [22m [1m[32m20 passed[39m[22m[90m (20)[39m
@dantecode/debug-trail:test: [2m      Tests [22m [1m[32m344 passed[39m[22m[90m (344)[39m
@dantecode/debug-trail:test: [2m   Start at [22m 20:32:57
@dantecode/debug-trail:test: [2m   Duration [22m 17.63s[2m (transform 35.40s, setup 17.92s, collect 48.45s, tests 28.31s, environment 5ms, prepare 5.46s)[22m
@dantecode/debug-trail:test: 
@dantecode/skill-adapter:test: [90mstderr[2m | src/marketplace/installer.test.ts[2m > [22m[2minstallSkill[2m > [22m[2m5. installSkill with symlink: true creates symlink in install dir
@dantecode/skill-adapter:test: [22m[39mWARNING: Skill verification cannot be disabled (security policy). Proceeding with verification enabled.
@dantecode/skill-adapter:test: 
@dantecode/dante-sandbox:test:  [32m✓[39m src/concurrent.test.ts [2m([22m[2m3 tests[22m[2m)[22m[33m 5477[2mms[22m[39m
@dantecode/dante-sandbox:test:    [33m[2m✓[22m[39m Concurrent Sandbox Executions[2m > [22mhandles multiple concurrent executions independently [33m 5256[2mms[22m[39m
@dantecode/skill-adapter:test: [90mstderr[2m | src/marketplace/installer.test.ts[2m > [22m[2minstallSkill[2m > [22m[2m6. installSkill with nonexistent source returns success: false with error
@dantecode/skill-adapter:test: [22m[39mWARNING: Skill verification cannot be disabled (security policy). Proceeding with verification enabled.
@dantecode/skill-adapter:test: 
@dantecode/skill-adapter:test: [90mstderr[2m | src/marketplace/installer.test.ts[2m > [22m[2mresolveSource git cleanup[2m > [22m[2m7. cleans up tmpDir when git clone fails
@dantecode/skill-adapter:test: [22m[39mWARNING: Skill verification cannot be disabled (security policy). Proceeding with verification enabled.
@dantecode/skill-adapter:test: 
@dantecode/skill-adapter:test: [90mstderr[2m | src/marketplace/installer.test.ts[2m > [22m[2mresolveSource git cleanup[2m > [22m[2m8. propagates sourceTimeout to execFileSync for git clone
@dantecode/skill-adapter:test: [22m[39mWARNING: Skill verification cannot be disabled (security policy). Proceeding with verification enabled.
@dantecode/skill-adapter:test: 
@dantecode/skill-adapter:test: [90mstderr[2m | src/marketplace/installer.test.ts[2m > [22m[2mresolveSource git cleanup[2m > [22m[2m9. uses default 30000ms timeout when sourceTimeout is not set
@dantecode/skill-adapter:test: [22m[39mWARNING: Skill verification cannot be disabled (security policy). Proceeding with verification enabled.
@dantecode/skill-adapter:test: 
@dantecode/skill-adapter:test: [90mstderr[2m | src/marketplace/installer.test.ts[2m > [22m[2mresolveSource git cleanup[2m > [22m[2m10. calls curl for http:// URLs and cleans up on failure
@dantecode/skill-adapter:test: [22m[39mWARNING: Skill verification cannot be disabled (security policy). Proceeding with verification enabled.
@dantecode/skill-adapter:test: 
@dantecode/skill-adapter:test: [90mstderr[2m | src/marketplace/installer.test.ts[2m > [22m[2mresolveSource git cleanup[2m > [22m[2m11. cleans up tmpDir via early return when detection fails after clone
@dantecode/skill-adapter:test: [22m[39mWARNING: Skill verification cannot be disabled (security policy). Proceeding with verification enabled.
@dantecode/skill-adapter:test: 
@dantecode/skill-adapter:test:  [32m✓[39m src/marketplace/installer.test.ts [2m([22m[2m11 tests[22m[2m)[22m[33m 503[2mms[22m[39m
@dantecode/dante-sandbox:test:  [32m✓[39m src/env-leakage.test.ts [2m([22m[2m6 tests[22m[2m)[22m[33m 5805[2mms[22m[39m
@dantecode/dante-sandbox:test:    [33m[2m✓[22m[39m Env Leakage — Environment Isolation[2m > [22mpasses only the declared env to the isolation layer [33m 5189[2mms[22m[39m
dantecode:build: 
dantecode:build: [43m[30m WARN [39m[49m [33m▲ [43;33m[[43;30mWARNING[43;33m][0m [1m"import.meta" is not available with the "cjs" output format and will be empty[0m [empty-import-meta]
dantecode:build: 
dantecode:build:     ../core/dist/index.js:17306:38:
dantecode:build: [37m      17306 │ var RUNTIME_FILE_PATH = fileURLToPath([32mimport.meta[37m.url);
dantecode:build:             ╵                                       [32m~~~~~~~~~~~[0m
dantecode:build: 
dantecode:build:   You need to set the output format to "esm" for "import.meta" to work correctly.
dantecode:build: 
dantecode:build: 
dantecode:build: 
dantecode:build: 
dantecode:build: [43m[30m WARN [39m[49m [33m▲ [43;33m[[43;30mWARNING[43;33m][0m [1m"import.meta" is not available with the "cjs" output format and will be empty[0m [empty-import-meta]
dantecode:build: 
dantecode:build:     ../core/dist/index.js:29836:39:
dantecode:build: [37m      29836 │ var RUNTIME_FILE_PATH2 = fileURLToPath([32mimport.meta[37m.url);
dantecode:build:             ╵                                        [32m~~~~~~~~~~~[0m
dantecode:build: 
dantecode:build:   You need to set the output format to "esm" for "import.meta" to work correctly.
dantecode:build: 
dantecode:build: 
dantecode:build: 
dantecode:build: [32mCJS[39m [1mdist\extension.js [22m[32m3.41 MB[39m
dantecode:build: [32mCJS[39m ⚡️ Build success in 3695ms
@dantecode/skill-adapter:test:  [32m✓[39m src/parsers/new-parsers.test.ts [2m([22m[2m27 tests[22m[2m)[22m[33m 793[2mms[22m[39m
dantecode:test: cache miss, executing c140f2ad747f1db2
@dantecode/skill-adapter:test:  [32m✓[39m src/registry.test.ts [2m([22m[2m40 tests[22m[2m)[22m[33m 1017[2mms[22m[39m
@dantecode/dante-sandbox:test:  [32m✓[39m src/resource-limits.test.ts [2m([22m[2m4 tests[22m[2m)[22m[33m 5767[2mms[22m[39m
@dantecode/dante-sandbox:test:    [33m[2m✓[22m[39m Resource Limits[2m > [22mreports timeout when layer signals timedOut [33m 5210[2mms[22m[39m
@dantecode/dante-sandbox:test:    [33m[2m✓[22m[39m Resource Limits[2m > [22mtracks execution count in status [33m 319[2mms[22m[39m
@dantecode/skill-adapter:test: 
@dantecode/skill-adapter:test: [2m Test Files [22m [1m[32m15 passed[39m[22m[90m (15)[39m
@dantecode/skill-adapter:test: [2m      Tests [22m [1m[32m341 passed[39m[22m[90m (341)[39m
@dantecode/skill-adapter:test: [2m   Start at [22m 20:33:10
@dantecode/skill-adapter:test: [2m   Duration [22m 4.55s[2m (transform 9.61s, setup 5.73s, collect 11.97s, tests 3.78s, environment 4ms, prepare 5.25s)[22m
@dantecode/skill-adapter:test: 
@dantecode/dante-sandbox:test:  [32m✓[39m src/isolation-boundary.test.ts [2m([22m[2m6 tests[22m[2m)[22m[33m 5347[2mms[22m[39m
@dantecode/dante-sandbox:test:    [33m[2m✓[22m[39m Isolation Boundary[2m > [22mblocks execution when no isolation layer is registered [33m 5130[2mms[22m[39m
@dantecode/core:test:  [32m✓[39m src/reasoning-chain-intel.test.ts [2m([22m[2m24 tests[22m[2m)[22m[32m 16[2mms[22m[39m
@dantecode/core:test:  [32m✓[39m src/git-hook-handler.test.ts [2m([22m[2m15 tests[22m[2m)[22m[32m 15[2mms[22m[39m
@dantecode/workspace:build: [32mDTS[39m ⚡️ Build success in 3610ms
@dantecode/workspace:build: [32mDTS[39m [1mdist\index.d.ts [22m[32m20.43 KB[39m
@dantecode/core:test:  [32m✓[39m src/repair-loop/lint-parsers.test.ts [2m([22m[2m17 tests[22m[2m)[22m[32m 13[2mms[22m[39m
@dantecode/core:test:  [32m✓[39m src/reasoning-chain-feedback.test.ts [2m([22m[2m32 tests[22m[2m)[22m[32m 12[2mms[22m[39m
@dantecode/core:test:  [32m✓[39m src/verification-critics.test.ts [2m([22m[2m17 tests[22m[2m)[22m[32m 14[2mms[22m[39m
@dantecode/core:test:  [32m✓[39m src/secrets-scanner-security.test.ts [2m([22m[2m19 tests[22m[2m)[22m[32m 12[2mms[22m[39m
@dantecode/agent-orchestrator:build: [34mCLI[39m Building entry: src/index.ts
@dantecode/agent-orchestrator:build: [34mCLI[39m Using tsconfig: tsconfig.json
@dantecode/agent-orchestrator:build: [34mCLI[39m tsup v8.5.1
@dantecode/agent-orchestrator:build: [34mCLI[39m Using tsup config: C:\Projects\DanteCode\packages\agent-orchestrator\tsup.config.ts
@dantecode/agent-orchestrator:build: [34mCLI[39m Target: es2022
@dantecode/core:test: [90mstdout[2m | src/entity-extractor.test.ts[2m > [22m[2mEntityExtractor[2m > [22m[2mfalls back to heuristics if JSON parsing fails
@dantecode/core:test: [22m[39m{"level":"warn","timestamp":"2026-04-01T00:33:17.769Z","message":"Entity extractor failed, falling back to heuristics","context":{"textLength":24},"error":{"message":"Router error","stack":"Error: Router error\n    at C:\\Projects\\DanteCode\\packages\\core\\src\\entity-extractor.test.ts:24:43\n    at file:///C:/Projects/DanteCode/node_modules/@vitest/runner/dist/chunk-hooks.js:155:11\n    at file:///C:/Projects/DanteCode/node_modules/@vitest/runner/dist/chunk-hooks.js:752:26\n    at file:///C:/Projects/DanteCode/node_modules/@vitest/runner/dist/chunk-hooks.js:1897:20\n    at new Promise (<anonymous>)\n    at runWithTimeout (file:///C:/Projects/DanteCode/node_modules/@vitest/runner/dist/chunk-hooks.js:1863:10)\n    at runTest (file:///C:/Projects/DanteCode/node_modules/@vitest/runner/dist/chunk-hooks.js:1574:12)\n    at processTicksAndRejections (node:internal/process/task_queues:103:5)\n    at runSuite (file:///C:/Projects/DanteCode/node_modules/@vitest/runner/dist/chunk-hooks.js:1729:8)\n    at runSuite (file:///C:/Projects/DanteCode/node_modules/@vitest/runner/dist/chunk-hooks.js:1729:8)"}}
@dantecode/core:test: 
@dantecode/agent-orchestrator:build: [34mESM[39m Build start
@dantecode/core:test:  [32m✓[39m src/entity-extractor.test.ts [2m([22m[2m2 tests[22m[2m)[22m[32m 14[2mms[22m[39m
@dantecode/dante-sandbox:test:  [32m✓[39m src/proxy.test.ts [2m([22m[2m12 tests[22m[2m)[22m[33m 7194[2mms[22m[39m
@dantecode/dante-sandbox:test:    [33m[2m✓[22m[39m ExecutionProxy.run[2m > [22mexecutes a command and returns a result [33m 5133[2mms[22m[39m
@dantecode/dante-sandbox:test:    [33m[2m✓[22m[39m ExecutionProxy.run[2m > [22mpopulates requestId on result [33m 445[2mms[22m[39m
@dantecode/dante-sandbox:test:    [33m[2m✓[22m[39m ExecutionProxy.run[2m > [22mapplies taskType from options [33m 475[2mms[22m[39m
@dantecode/dante-sandbox:test:    [33m[2m✓[22m[39m ExecutionProxy.runSync[2m > [22mthrows on non-zero exit [33m 397[2mms[22m[39m
@dantecode/dante-sandbox:test:    [33m[2m✓[22m[39m ExecutionProxy.runBatch[2m > [22mruns multiple commands and stops on failure [33m 463[2mms[22m[39m
@dantecode/workspace:test: cache miss, executing 425ac3993b08b183
@dantecode/core:test:  [32m✓[39m src/memory-consolidator.test.ts [2m([22m[2m8 tests[22m[2m)[22m[32m 14[2mms[22m[39m
@dantecode/automation-engine:build: [34mCLI[39m Building entry: src/index.ts
@dantecode/automation-engine:build: [34mCLI[39m Using tsconfig: tsconfig.json
@dantecode/automation-engine:build: [34mCLI[39m tsup v8.5.1
@dantecode/automation-engine:build: [34mCLI[39m Target: es2022
@dantecode/automation-engine:build: [34mESM[39m Build start
@dantecode/agent-orchestrator:build: [32mESM[39m [1mdist\index.js [22m[32m5.15 KB[39m
@dantecode/agent-orchestrator:build: [32mESM[39m ⚡️ Build success in 415ms
@dantecode/core:test:  [32m✓[39m src/compliance-export.test.ts [2m([22m[2m21 tests[22m[2m)[22m[32m 12[2mms[22m[39m
@dantecode/git-engine:test:  [32m✓[39m src/local-workflow-runner.test.ts [2m([22m[2m1 test[22m[2m)[22m[33m 6896[2mms[22m[39m
@dantecode/git-engine:test:    [33m[2m✓[22m[39m LocalWorkflowRunner[2m > [22mruns matrix jobs and injects the event payload file [33m 6894[2mms[22m[39m
@dantecode/agent-orchestrator:build: Generated stub index.d.ts
@dantecode/core:test:  [32m✓[39m src/model-runtime/model-capabilities.test.ts [2m([22m[2m20 tests[22m[2m)[22m[32m 11[2mms[22m[39m
@dantecode/core:test:  [32m✓[39m src/rails-enforcer-security.test.ts [2m([22m[2m18 tests[22m[2m)[22m[32m 12[2mms[22m[39m
@dantecode/core:test:  [32m✓[39m src/self-improvement-policy.test.ts [2m([22m[2m20 tests[22m[2m)[22m[32m 9[2mms[22m[39m
@dantecode/mcp:build: cache miss, executing e0b08171151986db
@dantecode/agent-orchestrator:test: cache miss, executing 6d8211cd9a4d09e1
@dantecode/core:test: [90mstdout[2m | src/council/fleet-budget.test.ts[2m > [22m[2mFleetBudget[2m > [22m[2mdecreasing cumulative values — delta clamped to 0, aggregate never decreases
@dantecode/core:test: [22m[39m{"level":"warn","timestamp":"2026-04-01T00:33:19.199Z","message":"FleetBudget cumulative regression detected","context":{"agentId":"agent-a","existingTokens":2000,"newTokens":1500,"existingCost":0.2,"newCost":0.1}}
@dantecode/core:test: 
@dantecode/core:test:  [32m✓[39m src/council/fleet-budget.test.ts [2m([22m[2m21 tests[22m[2m)[22m[32m 9[2mms[22m[39m
@dantecode/core:test:  [32m✓[39m src/metrics-collector.test.ts [2m([22m[2m15 tests[22m[2m)[22m[32m 11[2mms[22m[39m
@dantecode/core:test:  [32m✓[39m src/error-parser.test.ts [2m([22m[2m20 tests[22m[2m)[22m[32m 12[2mms[22m[39m
@dantecode/core:test:  [32m✓[39m src/council/task-redistributor.test.ts [2m([22m[2m21 tests[22m[2m)[22m[32m 10[2mms[22m[39m
@dantecode/core:test:  [32m✓[39m src/fim-engine.test.ts [2m([22m[2m25 tests[22m[2m)[22m[32m 12[2mms[22m[39m
@dantecode/automation-engine:build: [32mESM[39m [1mdist\index.js [22m[32m59.96 KB[39m
@dantecode/automation-engine:build: [32mESM[39m ⚡️ Build success in 2024ms
@dantecode/core:test:  [32m✓[39m src/tool-runtime/execution-policy.test.ts [2m([22m[2m28 tests[22m[2m)[22m[32m 12[2mms[22m[39m
@dantecode/core:test:  [32m✓[39m src/patch-validator.test.ts [2m([22m[2m15 tests[22m[2m)[22m[32m 11[2mms[22m[39m
@dantecode/core:test:  [32m✓[39m src/patch-validator-intel.test.ts [2m([22m[2m14 tests[22m[2m)[22m[32m 13[2mms[22m[39m
@dantecode/core:test:  [32m✓[39m src/memory-distiller.test.ts [2m([22m[2m16 tests[22m[2m)[22m[32m 15[2mms[22m[39m
@dantecode/core:test:  [32m✓[39m src/policy-enforcer-security.test.ts [2m([22m[2m22 tests[22m[2m)[22m[32m 15[2mms[22m[39m
@dantecode/core:test: [90mstderr[2m | src/runtime-catalog.test.ts
@dantecode/core:test: [22m[39mWarning: Could not configure git (tests using git may fail): Error: Command failed: git config --global user.name DanteCode Test Runner
@dantecode/core:test: [90m    at genericNodeError (node:internal/errors:985:15)[39m
@dantecode/core:test: [90m    at wrappedFn (node:internal/errors:539:14)[39m
@dantecode/core:test: [90m    at checkExecSyncError (node:child_process:925:11)[39m
@dantecode/core:test: [90m    at Proxy.execFileSync (node:child_process:961:15)[39m
@dantecode/core:test:     at C:\Projects\DanteCode\test-setup.ts:22:3
@dantecode/core:test: [90m    at processTicksAndRejections (node:internal/process/task_queues:103:5)[39m
@dantecode/core:test:     at VitestExecutor.runModule (file:///C:/Projects/DanteCode/node_modules/[4mvite-node[24m/dist/client.mjs:397:4)
@dantecode/core:test:     at VitestExecutor.directRequest (file:///C:/Projects/DanteCode/node_modules/[4mvite-node[24m/dist/client.mjs:375:3)
@dantecode/core:test:     at VitestExecutor.cachedRequest (file:///C:/Projects/DanteCode/node_modules/[4mvite-node[24m/dist/client.mjs:189:11)
@dantecode/core:test:     at VitestExecutor.executeId (file:///C:/Projects/DanteCode/node_modules/[4mvite-node[24m/dist/client.mjs:166:10) {
@dantecode/core:test:   status: [33m255[39m,
@dantecode/core:test:   signal: [1mnull[22m,
@dantecode/core:test:   output: [ [1mnull[22m, [1mnull[22m, [1mnull[22m ],
@dantecode/core:test:   pid: [33m39368[39m,
@dantecode/core:test:   stdout: [1mnull[22m,
@dantecode/core:test:   stderr: [1mnull[22m
@dantecode/core:test: }
@dantecode/core:test: 
@dantecode/core:test:  [32m✓[39m src/team-dashboard.test.ts [2m([22m[2m13 tests[22m[2m)[22m[32m 10[2mms[22m[39m
@dantecode/automation-engine:build: Generated stub index.d.ts
@dantecode/core:test:  [32m✓[39m src/runtime-catalog.test.ts [2m([22m[2m15 tests[22m[2m)[22m[32m 11[2mms[22m[39m
@dantecode/core:test:  [32m✓[39m src/tool-runtime/tool-adapters.test.ts [2m([22m[2m24 tests[22m[2m)[22m[32m 12[2mms[22m[39m
@dantecode/core:test:  [32m✓[39m src/run-report-writer.test.ts [2m([22m[2m9 tests[22m[2m)[22m[32m 12[2mms[22m[39m
@dantecode/core:test:  [32m✓[39m src/metric-suite.test.ts [2m([22m[2m12 tests[22m[2m)[22m[32m 12[2mms[22m[39m
@dantecode/cli:build: cache miss, executing f265343535e3716e
@dantecode/automation-engine:test: cache miss, executing 6ea92722ceaf599a
@dantecode/core:test:  [32m✓[39m src/task-complexity-router.test.ts [2m([22m[2m26 tests[22m[2m)[22m[32m 10[2mms[22m[39m
@dantecode/core:test:  [32m✓[39m src/search-reranker.test.ts [2m([22m[2m10 tests[22m[2m)[22m[32m 10[2mms[22m[39m
dantecode:test: 
dantecode:test: > dantecode@0.9.2 test
dantecode:test: > vitest run --config ../../vitest.package.config.ts
dantecode:test: 
@dantecode/core:test:  [32m✓[39m src/approval-modes.test.ts [2m([22m[2m9 tests[22m[2m)[22m[32m 10[2mms[22m[39m
@dantecode/workspace:test: 
@dantecode/workspace:test: > @dantecode/workspace@0.1.0 test
@dantecode/workspace:test: > vitest run --config ../../vitest.package.config.ts
@dantecode/workspace:test: 
@dantecode/core:test:  [32m✓[39m src/token-counter.test.ts [2m([22m[2m11 tests[22m[2m)[22m[32m 9[2mms[22m[39m
@dantecode/core:test:  [32m✓[39m src/qa-harness.test.ts [2m([22m[2m4 tests[22m[2m)[22m[32m 10[2mms[22m[39m
@dantecode/core:test:  [32m✓[39m src/__tests__/e2e/budget-enforcement.test.ts [2m([22m[2m6 tests[22m[2m)[22m[32m 11[2mms[22m[39m
@dantecode/core:test:  [32m✓[39m src/plan-renderer.test.ts [2m([22m[2m10 tests[22m[2m)[22m[32m 7[2mms[22m[39m
@dantecode/core:test:  [32m✓[39m src/error-helper.test.ts [2m([22m[2m21 tests[22m[2m)[22m[32m 10[2mms[22m[39m
@dantecode/core:test:  [32m✓[39m src/progress-orchestrator.test.ts [2m([22m[2m15 tests[22m[2m)[22m[32m 11[2mms[22m[39m
@dantecode/mcp:build: 
@dantecode/mcp:build: > @dantecode/mcp@0.9.2 build
@dantecode/mcp:build: > tsup src/index.ts src/cli.ts --format esm
@dantecode/mcp:build: 
@dantecode/agent-orchestrator:test: 
@dantecode/agent-orchestrator:test: > @dantecode/agent-orchestrator@0.9.2 test
@dantecode/agent-orchestrator:test: > vitest run --config ../../vitest.package.config.ts
@dantecode/agent-orchestrator:test: 
@dantecode/automation-engine:test: 
@dantecode/automation-engine:test: > @dantecode/automation-engine@0.9.2 test
@dantecode/automation-engine:test: > vitest run --config ../../vitest.package.config.ts
@dantecode/automation-engine:test: 
@dantecode/cli:build: 
@dantecode/cli:build: > @dantecode/cli@0.9.2 build
@dantecode/cli:build: > tsup
@dantecode/cli:build: 
@dantecode/core:test:  [32m✓[39m src/search-synthesizer.test.ts [2m([22m[2m12 tests[22m[2m)[22m[32m 10[2mms[22m[39m
@dantecode/core:test:  [32m✓[39m src/vision-router.test.ts [2m([22m[2m18 tests[22m[2m)[22m[32m 9[2mms[22m[39m
@dantecode/core:test:  [32m✓[39m src/embedding-provider.test.ts [2m([22m[2m2 tests[22m[2m)[22m[32m 10[2mms[22m[39m
@dantecode/core:test:  [32m✓[39m src/repo-map-ast-intel.test.ts [2m([22m[2m18 tests[22m[2m)[22m[32m 12[2mms[22m[39m
@dantecode/core:test:  [32m✓[39m src/update-rollback.test.ts [2m([22m[2m5 tests[22m[2m)[22m[32m 10[2mms[22m[39m
@dantecode/core:test:  [32m✓[39m src/__tests__/e2e/gaslight-to-skillbook.test.ts [2m([22m[2m4 tests[22m[2m)[22m[32m 14[2mms[22m[39m
dantecode:test: 
dantecode:test: [1m[46m RUN [49m[22m [36mv3.2.4 [39m[90mC:/Projects/DanteCode/packages/vscode[39m
dantecode:test: 
@dantecode/core:test:  [32m✓[39m src/recovery-messenger.test.ts [2m([22m[2m21 tests[22m[2m)[22m[32m 9[2mms[22m[39m
@dantecode/dante-sandbox:test:  [32m✓[39m src/golden-flows.test.ts [2m([22m[2m17 tests[22m[2m)[22m[33m 9369[2mms[22m[39m
@dantecode/dante-sandbox:test:    [33m[2m✓[22m[39m GF-01 — Basic command routed through sandbox[2m > [22msafe command executes in sandboxed mock layer and returns result [33m 5581[2mms[22m[39m
@dantecode/dante-sandbox:test:    [33m[2m✓[22m[39m GF-01 — Basic command routed through sandbox[2m > [22mecho command returns normalized ExecutionResult (not raw process state) [33m 466[2mms[22m[39m
@dantecode/dante-sandbox:test:    [33m[2m✓[22m[39m GF-03 — Subagent isolation (no cross-contamination)[2m > [22mtwo proxies with separate engines do not share state [33m 1189[2mms[22m[39m
@dantecode/dante-sandbox:test:    [33m[2m✓[22m[39m GF-03 — Subagent isolation (no cross-contamination)[2m > [22meach execution gets a unique requestId [33m 364[2mms[22m[39m
@dantecode/dante-sandbox:test:    [33m[2m✓[22m[39m GF-04 — Gaslight-style execution goes through sandbox[2m > [22mlessons only eligible if execution completes without violations [33m 326[2mms[22m[39m
@dantecode/dante-sandbox:test:    [33m[2m✓[22m[39m GF-05 — Full audit trail for combined execution[2m > [22mstatus reflects execution and violation counts [33m 760[2mms[22m[39m
@dantecode/dante-sandbox:test: 
@dantecode/dante-sandbox:test: [2m Test Files [22m [1m[32m12 passed[39m[22m[90m (12)[39m
@dantecode/dante-sandbox:test: [2m      Tests [22m [1m[32m131 passed[39m[22m[90m (131)[39m
@dantecode/dante-sandbox:test: [2m   Start at [22m 20:33:06
@dantecode/dante-sandbox:test: [2m   Duration [22m 16.40s[2m (transform 6.66s, setup 8.85s, collect 8.87s, tests 46.15s, environment 3ms, prepare 5.22s)[22m
@dantecode/dante-sandbox:test: 
@dantecode/core:test: [90mstderr[2m | src/council/council-resilience.test.ts
@dantecode/core:test: [22m[39mWarning: Could not configure git (tests using git may fail): Error: Command failed: git config --global user.email test@dantecode.dev
@dantecode/core:test: [90m    at genericNodeError (node:internal/errors:985:15)[39m
@dantecode/core:test: [90m    at wrappedFn (node:internal/errors:539:14)[39m
@dantecode/core:test: [90m    at checkExecSyncError (node:child_process:925:11)[39m
@dantecode/core:test: [90m    at Proxy.execFileSync (node:child_process:961:15)[39m
@dantecode/core:test:     at C:\Projects\DanteCode\test-setup.ts:23:3
@dantecode/core:test: [90m    at processTicksAndRejections (node:internal/process/task_queues:103:5)[39m
@dantecode/core:test:     at VitestExecutor.runModule (file:///C:/Projects/DanteCode/node_modules/[4mvite-node[24m/dist/client.mjs:397:4)
@dantecode/core:test:     at VitestExecutor.directRequest (file:///C:/Projects/DanteCode/node_modules/[4mvite-node[24m/dist/client.mjs:375:3)
@dantecode/core:test:     at VitestExecutor.cachedRequest (file:///C:/Projects/DanteCode/node_modules/[4mvite-node[24m/dist/client.mjs:189:11)
@dantecode/core:test:     at VitestExecutor.executeId (file:///C:/Projects/DanteCode/node_modules/[4mvite-node[24m/dist/client.mjs:166:10) {
@dantecode/core:test:   status: [33m255[39m,
@dantecode/core:test:   signal: [1mnull[22m,
@dantecode/core:test:   output: [ [1mnull[22m, [1mnull[22m, [1mnull[22m ],
@dantecode/core:test:   pid: [33m5724[39m,
@dantecode/core:test:   stdout: [1mnull[22m,
@dantecode/core:test:   stderr: [1mnull[22m
@dantecode/core:test: }
@dantecode/core:test: 
@dantecode/core:test:  [32m✓[39m src/contextual-suggestions.test.ts [2m([22m[2m20 tests[22m[2m)[22m[32m 11[2mms[22m[39m
@dantecode/core:test:  [32m✓[39m src/council/council-resilience.test.ts [2m([22m[2m9 tests[22m[2m)[22m[32m 9[2mms[22m[39m
@dantecode/core:test:  [32m✓[39m src/tool-runtime/verification-rules.test.ts [2m([22m[2m6 tests[22m[2m)[22m[32m 10[2mms[22m[39m
@dantecode/workspace:test: 
@dantecode/workspace:test: [1m[46m RUN [49m[22m [36mv3.2.4 [39m[90mC:/Projects/DanteCode/packages/workspace[39m
@dantecode/workspace:test: 
@dantecode/core:test:  [32m✓[39m src/code-index-intel.test.ts [2m([22m[2m7 tests[22m[2m)[22m[32m 10[2mms[22m[39m
@dantecode/core:test:  [32m✓[39m src/prompt-cache.test.ts [2m([22m[2m12 tests[22m[2m)[22m[32m 9[2mms[22m[39m
@dantecode/core:test:  [32m✓[39m src/memory-orchestrator.test.ts [2m([22m[2m1 test[22m[2m)[22m[32m 10[2mms[22m[39m
@dantecode/core:test:  [32m✓[39m src/search-quality-scorer.test.ts [2m([22m[2m6 tests[22m[2m)[22m[32m 9[2mms[22m[39m
@dantecode/core:test:  [32m✓[39m src/council/council-health.test.ts [2m([22m[2m10 tests[22m[2m)[22m[32m 9[2mms[22m[39m
@dantecode/core:test:  [32m✓[39m src/confidence-synthesizer.test.ts [2m([22m[2m11 tests[22m[2m)[22m[32m 8[2mms[22m[39m
@dantecode/core:test:  [32m✓[39m src/git-conflict-resolver.test.ts [2m([22m[2m8 tests[22m[2m)[22m[32m 8[2mms[22m[39m
@dantecode/core:test: [90mstderr[2m | src/rails-enforcer.test.ts
@dantecode/core:test: [22m[39mWarning: Could not configure git (tests using git may fail): Error: Command failed: git config --global user.email test@dantecode.dev
@dantecode/core:test: [90m    at genericNodeError (node:internal/errors:985:15)[39m
@dantecode/core:test: [90m    at wrappedFn (node:internal/errors:539:14)[39m
@dantecode/core:test: [90m    at checkExecSyncError (node:child_process:925:11)[39m
@dantecode/core:test: [90m    at Proxy.execFileSync (node:child_process:961:15)[39m
@dantecode/core:test:     at C:\Projects\DanteCode\test-setup.ts:23:3
@dantecode/core:test: [90m    at processTicksAndRejections (node:internal/process/task_queues:103:5)[39m
@dantecode/core:test:     at VitestExecutor.runModule (file:///C:/Projects/DanteCode/node_modules/[4mvite-node[24m/dist/client.mjs:397:4)
@dantecode/core:test:     at VitestExecutor.directRequest (file:///C:/Projects/DanteCode/node_modules/[4mvite-node[24m/dist/client.mjs:375:3)
@dantecode/core:test:     at VitestExecutor.cachedRequest (file:///C:/Projects/DanteCode/node_modules/[4mvite-node[24m/dist/client.mjs:189:11)
@dantecode/core:test:     at VitestExecutor.executeId (file:///C:/Projects/DanteCode/node_modules/[4mvite-node[24m/dist/client.mjs:166:10) {
@dantecode/core:test:   status: [33m255[39m,
@dantecode/core:test:   signal: [1mnull[22m,
@dantecode/core:test:   output: [ [1mnull[22m, [1mnull[22m, [1mnull[22m ],
@dantecode/core:test:   pid: [33m44612[39m,
@dantecode/core:test:   stdout: [1mnull[22m,
@dantecode/core:test:   stderr: [1mnull[22m
@dantecode/core:test: }
@dantecode/core:test: 
@dantecode/core:test:  [32m✓[39m src/skill-wave-orchestrator-verify.test.ts [2m([22m[2m7 tests[22m[2m)[22m[32m 7[2mms[22m[39m
@dantecode/core:test:  [32m✓[39m src/__tests__/danteforge-bridge.test.ts [2m([22m[2m4 tests[22m[2m)[22m[32m 6[2mms[22m[39m
dantecode:test: [90mstderr[2m | src/status-bar.test.ts
dantecode:test: [22m[39mWarning: Could not configure git (tests using git may fail): Error: Command failed: git config --global user.email test@dantecode.dev
dantecode:test: [90m    at genericNodeError (node:internal/errors:985:15)[39m
dantecode:test: [90m    at wrappedFn (node:internal/errors:539:14)[39m
dantecode:test: [90m    at checkExecSyncError (node:child_process:925:11)[39m
dantecode:test: [90m    at Proxy.execFileSync (node:child_process:961:15)[39m
dantecode:test:     at C:\Projects\DanteCode\test-setup.ts:23:3
dantecode:test: [90m    at processTicksAndRejections (node:internal/process/task_queues:103:5)[39m
dantecode:test:     at VitestExecutor.runModule (file:///C:/Projects/DanteCode/node_modules/[4mvite-node[24m/dist/client.mjs:397:4)
dantecode:test:     at VitestExecutor.directRequest (file:///C:/Projects/DanteCode/node_modules/[4mvite-node[24m/dist/client.mjs:375:3)
dantecode:test:     at VitestExecutor.cachedRequest (file:///C:/Projects/DanteCode/node_modules/[4mvite-node[24m/dist/client.mjs:189:11)
dantecode:test:     at VitestExecutor.executeId (file:///C:/Projects/DanteCode/node_modules/[4mvite-node[24m/dist/client.mjs:166:10) {
dantecode:test:   status: [33m128[39m,
dantecode:test:   signal: [1mnull[22m,
dantecode:test:   output: [ [1mnull[22m, [1mnull[22m, [1mnull[22m ],
dantecode:test:   pid: [33m61644[39m,
dantecode:test:   stdout: [1mnull[22m,
dantecode:test:   stderr: [1mnull[22m
dantecode:test: }
dantecode:test: 
@dantecode/core:test:  [32m✓[39m src/context-budget.test.ts [2m([22m[2m13 tests[22m[2m)[22m[32m 8[2mms[22m[39m
@dantecode/core:test:  [32m✓[39m src/rails-enforcer.test.ts [2m([22m[2m2 tests[22m[2m)[22m[32m 6[2mms[22m[39m
dantecode:test:  [32m✓[39m src/cross-file-context.test.ts [2m([22m[2m16 tests[22m[2m)[22m[32m 13[2mms[22m[39m
@dantecode/agent-orchestrator:test: 
@dantecode/agent-orchestrator:test: [1m[46m RUN [49m[22m [36mv3.2.4 [39m[90mC:/Projects/DanteCode/packages/agent-orchestrator[39m
@dantecode/agent-orchestrator:test: 
@dantecode/mcp:build: [34mCLI[39m Building entry: src/cli.ts, src/index.ts
@dantecode/mcp:build: [34mCLI[39m Using tsconfig: tsconfig.json
@dantecode/mcp:build: [34mCLI[39m tsup v8.5.1
@dantecode/mcp:build: [34mCLI[39m Using tsup config: C:\Projects\DanteCode\packages\mcp\tsup.config.ts
@dantecode/mcp:build: [34mCLI[39m Target: es2022
@dantecode/mcp:build: [34mESM[39m Build start
@dantecode/core:test:  [32m✓[39m src/pr-quality-checker.test.ts [2m([22m[2m6 tests[22m[2m)[22m[32m 9[2mms[22m[39m
@dantecode/automation-engine:test: 
@dantecode/automation-engine:test: [1m[46m RUN [49m[22m [36mv3.2.4 [39m[90mC:/Projects/DanteCode/packages/automation-engine[39m
@dantecode/automation-engine:test: 
@dantecode/cli:build: [34mCLI[39m Building entry: src/index.ts, src/slash-commands.ts
@dantecode/cli:build: [34mCLI[39m Using tsconfig: tsconfig.json
@dantecode/cli:build: [34mCLI[39m tsup v8.5.1
@dantecode/cli:build: [34mCLI[39m Using tsup config: C:\Projects\DanteCode\packages\cli\tsup.config.ts
@dantecode/cli:build: [34mCLI[39m Target: es2022
@dantecode/cli:build: [34mESM[39m Build start
@dantecode/core:test:  [32m✓[39m src/tool-runtime/dependency-graph.test.ts [2m([22m[2m3 tests[22m[2m)[22m[32m 7[2mms[22m[39m
@dantecode/core:test: [90mstderr[2m | src/migration-validator.test.ts
@dantecode/core:test: [22m[39mWarning: Could not configure git (tests using git may fail): Error: Command failed: git config --global user.name DanteCode Test Runner
@dantecode/core:test: [90m    at genericNodeError (node:internal/errors:985:15)[39m
@dantecode/core:test: [90m    at wrappedFn (node:internal/errors:539:14)[39m
@dantecode/core:test: [90m    at checkExecSyncError (node:child_process:925:11)[39m
@dantecode/core:test: [90m    at Proxy.execFileSync (node:child_process:961:15)[39m
@dantecode/core:test:     at C:\Projects\DanteCode\test-setup.ts:22:3
@dantecode/core:test: [90m    at processTicksAndRejections (node:internal/process/task_queues:103:5)[39m
@dantecode/core:test:     at VitestExecutor.runModule (file:///C:/Projects/DanteCode/node_modules/[4mvite-node[24m/dist/client.mjs:397:4)
@dantecode/core:test:     at VitestExecutor.directRequest (file:///C:/Projects/DanteCode/node_modules/[4mvite-node[24m/dist/client.mjs:375:3)
@dantecode/core:test:     at VitestExecutor.cachedRequest (file:///C:/Projects/DanteCode/node_modules/[4mvite-node[24m/dist/client.mjs:189:11)
@dantecode/core:test:     at VitestExecutor.executeId (file:///C:/Projects/DanteCode/node_modules/[4mvite-node[24m/dist/client.mjs:166:10) {
@dantecode/core:test:   status: [33m255[39m,
@dantecode/core:test:   signal: [1mnull[22m,
@dantecode/core:test:   output: [ [1mnull[22m, [1mnull[22m, [1mnull[22m ],
@dantecode/core:test:   pid: [33m41020[39m,
@dantecode/core:test:   stdout: [1mnull[22m,
@dantecode/core:test:   stderr: [1mnull[22m
@dantecode/core:test: }
@dantecode/core:test: 
@dantecode/core:test: [90mstderr[2m | src/wave-completion-integrity.test.ts
@dantecode/core:test: [22m[39mWarning: Could not configure git (tests using git may fail): Error: Command failed: git config --global user.name DanteCode Test Runner
@dantecode/core:test: [90m    at genericNodeError (node:internal/errors:985:15)[39m
@dantecode/core:test: [90m    at wrappedFn (node:internal/errors:539:14)[39m
@dantecode/core:test: [90m    at checkExecSyncError (node:child_process:925:11)[39m
@dantecode/core:test: [90m    at Proxy.execFileSync (node:child_process:961:15)[39m
@dantecode/core:test:     at C:\Projects\DanteCode\test-setup.ts:22:3
@dantecode/core:test: [90m    at processTicksAndRejections (node:internal/process/task_queues:103:5)[39m
@dantecode/core:test:     at VitestExecutor.runModule (file:///C:/Projects/DanteCode/node_modules/[4mvite-node[24m/dist/client.mjs:397:4)
@dantecode/core:test:     at VitestExecutor.directRequest (file:///C:/Projects/DanteCode/node_modules/[4mvite-node[24m/dist/client.mjs:375:3)
@dantecode/core:test:     at VitestExecutor.cachedRequest (file:///C:/Projects/DanteCode/node_modules/[4mvite-node[24m/dist/client.mjs:189:11)
@dantecode/core:test:     at VitestExecutor.executeId (file:///C:/Projects/DanteCode/node_modules/[4mvite-node[24m/dist/client.mjs:166:10) {
@dantecode/core:test:   status: [33m255[39m,
@dantecode/core:test:   signal: [1mnull[22m,
@dantecode/core:test:   output: [ [1mnull[22m, [1mnull[22m, [1mnull[22m ],
@dantecode/core:test:   pid: [33m47172[39m,
@dantecode/core:test:   stdout: [1mnull[22m,
@dantecode/core:test:   stderr: [1mnull[22m
@dantecode/core:test: }
@dantecode/core:test: 
@dantecode/core:test:  [32m✓[39m src/migration-validator.test.ts [2m([22m[2m6 tests[22m[2m)[22m[32m 6[2mms[22m[39m
@dantecode/core:test:  [32m✓[39m src/wave-completion-integrity.test.ts [2m([22m[2m7 tests[22m[2m)[22m[32m 5[2mms[22m[39m
@dantecode/core:test:  [32m✓[39m src/memory-quality-scorer.test.ts [2m([22m[2m8 tests[22m[2m)[22m[32m 8[2mms[22m[39m
@dantecode/core:test:  [32m✓[39m src/mutation-scope.test.ts [2m([22m[2m3 tests[22m[2m)[22m[32m 6[2mms[22m[39m
@dantecode/core:test:  [32m✓[39m src/critic-debater.test.ts [2m([22m[2m2 tests[22m[2m)[22m[32m 5[2mms[22m[39m
@dantecode/core:test:  [32m✓[39m src/model-router-observability.test.ts [2m([22m[2m9 tests[22m[2m)[22m[32m 8[2mms[22m[39m
@dantecode/agent-orchestrator:test: [90mstderr[2m | src/index.test.ts
@dantecode/agent-orchestrator:test: [22m[39mWarning: Could not configure git (tests using git may fail): Error: Command failed: git config --global user.name DanteCode Test Runner
@dantecode/agent-orchestrator:test: [90m    at genericNodeError (node:internal/errors:985:15)[39m
@dantecode/agent-orchestrator:test: [90m    at wrappedFn (node:internal/errors:539:14)[39m
@dantecode/agent-orchestrator:test: [90m    at checkExecSyncError (node:child_process:925:11)[39m
@dantecode/agent-orchestrator:test: [90m    at Proxy.execFileSync (node:child_process:961:15)[39m
@dantecode/agent-orchestrator:test:     at C:\Projects\DanteCode\test-setup.ts:22:3
@dantecode/agent-orchestrator:test: [90m    at processTicksAndRejections (node:internal/process/task_queues:103:5)[39m
@dantecode/agent-orchestrator:test:     at VitestExecutor.runModule (file:///C:/Projects/DanteCode/node_modules/[4mvite-node[24m/dist/client.mjs:397:4)
@dantecode/agent-orchestrator:test:     at VitestExecutor.directRequest (file:///C:/Projects/DanteCode/node_modules/[4mvite-node[24m/dist/client.mjs:375:3)
@dantecode/agent-orchestrator:test:     at VitestExecutor.cachedRequest (file:///C:/Projects/DanteCode/node_modules/[4mvite-node[24m/dist/client.mjs:189:11)
@dantecode/agent-orchestrator:test:     at VitestExecutor.executeId (file:///C:/Projects/DanteCode/node_modules/[4mvite-node[24m/dist/client.mjs:166:10) {
@dantecode/agent-orchestrator:test:   status: [33m128[39m,
@dantecode/agent-orchestrator:test:   signal: [1mnull[22m,
@dantecode/agent-orchestrator:test:   output: [ [1mnull[22m, [1mnull[22m, [1mnull[22m ],
@dantecode/agent-orchestrator:test:   pid: [33m54368[39m,
@dantecode/agent-orchestrator:test:   stdout: [1mnull[22m,
@dantecode/agent-orchestrator:test:   stderr: [1mnull[22m
@dantecode/agent-orchestrator:test: }
@dantecode/agent-orchestrator:test: 
@dantecode/agent-orchestrator:test: [90mstderr[2m | src/orchestrator/uplift-orchestrator.test.ts
@dantecode/agent-orchestrator:test: [22m[39mWarning: Could not configure git (tests using git may fail): Error: Command failed: git config --global user.name DanteCode Test Runner
@dantecode/agent-orchestrator:test: [90m    at genericNodeError (node:internal/errors:985:15)[39m
@dantecode/agent-orchestrator:test: [90m    at wrappedFn (node:internal/errors:539:14)[39m
@dantecode/agent-orchestrator:test: [90m    at checkExecSyncError (node:child_process:925:11)[39m
@dantecode/agent-orchestrator:test: [90m    at Proxy.execFileSync (node:child_process:961:15)[39m
@dantecode/agent-orchestrator:test:     at C:\Projects\DanteCode\test-setup.ts:22:3
@dantecode/agent-orchestrator:test: [90m    at processTicksAndRejections (node:internal/process/task_queues:103:5)[39m
@dantecode/agent-orchestrator:test:     at VitestExecutor.runModule (file:///C:/Projects/DanteCode/node_modules/[4mvite-node[24m/dist/client.mjs:397:4)
@dantecode/agent-orchestrator:test:     at VitestExecutor.directRequest (file:///C:/Projects/DanteCode/node_modules/[4mvite-node[24m/dist/client.mjs:375:3)
@dantecode/agent-orchestrator:test:     at VitestExecutor.cachedRequest (file:///C:/Projects/DanteCode/node_modules/[4mvite-node[24m/dist/client.mjs:189:11)
@dantecode/agent-orchestrator:test:     at VitestExecutor.executeId (file:///C:/Projects/DanteCode/node_modules/[4mvite-node[24m/dist/client.mjs:166:10) {
@dantecode/agent-orchestrator:test:   status: [33m255[39m,
@dantecode/agent-orchestrator:test:   signal: [1mnull[22m,
@dantecode/agent-orchestrator:test:   output: [ [1mnull[22m, [1mnull[22m, [1mnull[22m ],
@dantecode/agent-orchestrator:test:   pid: [33m61872[39m,
@dantecode/agent-orchestrator:test:   stdout: [1mnull[22m,
@dantecode/agent-orchestrator:test:   stderr: [1mnull[22m
@dantecode/agent-orchestrator:test: }
@dantecode/agent-orchestrator:test: 
@dantecode/agent-orchestrator:test:  [32m✓[39m src/index.test.ts [2m([22m[2m2 tests[22m[2m)[22m[32m 9[2mms[22m[39m
@dantecode/workspace:test: [90mstderr[2m | src/workspace-factory.test.ts
@dantecode/workspace:test: [22m[39mWarning: Could not configure git (tests using git may fail): Error: Command failed: git config --global user.email test@dantecode.dev
@dantecode/workspace:test: [90m    at genericNodeError (node:internal/errors:985:15)[39m
@dantecode/workspace:test: [90m    at wrappedFn (node:internal/errors:539:14)[39m
@dantecode/workspace:test: [90m    at checkExecSyncError (node:child_process:925:11)[39m
@dantecode/workspace:test: [90m    at Proxy.execFileSync (node:child_process:961:15)[39m
@dantecode/workspace:test:     at C:\Projects\DanteCode\test-setup.ts:23:3
@dantecode/workspace:test: [90m    at processTicksAndRejections (node:internal/process/task_queues:103:5)[39m
@dantecode/workspace:test:     at VitestExecutor.runModule (file:///C:/Projects/DanteCode/node_modules/[4mvite-node[24m/dist/client.mjs:397:4)
@dantecode/workspace:test:     at VitestExecutor.directRequest (file:///C:/Projects/DanteCode/node_modules/[4mvite-node[24m/dist/client.mjs:375:3)
@dantecode/workspace:test:     at VitestExecutor.cachedRequest (file:///C:/Projects/DanteCode/node_modules/[4mvite-node[24m/dist/client.mjs:189:11)
@dantecode/workspace:test:     at VitestExecutor.executeId (file:///C:/Projects/DanteCode/node_modules/[4mvite-node[24m/dist/client.mjs:166:10) {
@dantecode/workspace:test:   status: [33m255[39m,
@dantecode/workspace:test:   signal: [1mnull[22m,
@dantecode/workspace:test:   output: [ [1mnull[22m, [1mnull[22m, [1mnull[22m ],
@dantecode/workspace:test:   pid: [33m7096[39m,
@dantecode/workspace:test:   stdout: [1mnull[22m,
@dantecode/workspace:test:   stderr: [1mnull[22m
@dantecode/workspace:test: }
@dantecode/workspace:test: 
dantecode:test:  [32m✓[39m src/fim-templates.test.ts [2m([22m[2m16 tests[22m[2m)[22m[32m 8[2mms[22m[39m
@dantecode/agent-orchestrator:test:  [32m✓[39m src/orchestrator/uplift-orchestrator.test.ts [2m([22m[2m4 tests[22m[2m)[22m[32m 12[2mms[22m[39m
@dantecode/core:test:  [32m✓[39m src/dimension-scorer.test.ts [2m([22m[2m6 tests[22m[2m)[22m[32m 6[2mms[22m[39m
@dantecode/core:test:  [32m✓[39m src/execution-heuristics.test.ts [2m([22m[2m12 tests[22m[2m)[22m[32m 10[2mms[22m[39m
@dantecode/core:test:  [32m✓[39m src/tool-runtime/durable-run-store.test.ts [2m([22m[2m2 tests[22m[2m)[22m[32m 4[2mms[22m[39m
@dantecode/automation-engine:test:  [32m✓[39m src/file-pattern-watcher.test.ts [2m([22m[2m12 tests[22m[2m)[22m[32m 18[2mms[22m[39m
dantecode:test:  [32m✓[39m src/completion-telemetry.test.ts [2m([22m[2m25 tests[22m[2m)[22m[32m 150[2mms[22m[39m
dantecode:test:  [32m✓[39m src/prefix-tree-cache.test.ts [2m([22m[2m13 tests[22m[2m)[22m[32m 11[2mms[22m[39m
dantecode:test:  [32m✓[39m src/status-bar.test.ts [2m([22m[2m17 tests[22m[2m)[22m[32m 7[2mms[22m[39m
@dantecode/automation-engine:test:  [32m✓[39m src/workflow-graph-state.test.ts [2m([22m[2m22 tests[22m[2m)[22m[32m 14[2mms[22m[39m
@dantecode/mcp:build: [32mESM[39m [1mdist\cli.js            [22m[32m731.00 B[39m
@dantecode/mcp:build: [32mESM[39m [1mdist\chunk-CE2TEPAD.js [22m[32m71.27 KB[39m
@dantecode/mcp:build: [32mESM[39m [1mdist\index.js          [22m[32m8.31 KB[39m
@dantecode/mcp:build: [32mESM[39m ⚡️ Build success in 2886ms
@dantecode/mcp:test: cache miss, executing 1960e2ee9e7fd8f6
@dantecode/automation-engine:test:  [32m✓[39m src/automation-templates.test.ts [2m([22m[2m5 tests[22m[2m)[22m[32m 15[2mms[22m[39m
@dantecode/automation-engine:test:  [32m✓[39m src/auto-pr-engine.test.ts [2m([22m[2m1 test[22m[2m)[22m[32m 21[2mms[22m[39m
@dantecode/automation-engine:test:  [32m✓[39m src/workflow-graph-builder.test.ts [2m([22m[2m17 tests[22m[2m)[22m[32m 14[2mms[22m[39m
dantecode:test:  [32m✓[39m src/checkpoint-manager.test.ts [2m([22m[2m16 tests[22m[2m)[22m[32m 20[2mms[22m[39m
@dantecode/agent-orchestrator:test:  [32m✓[39m src/gf-06-golden-flow.test.ts [2m([22m[2m5 tests[22m[2m)[22m[33m 1324[2mms[22m[39m
@dantecode/agent-orchestrator:test:    [33m[2m✓[22m[39m GF-06: Combined Research + SubAgent Synthesis Golden Flow[2m > [22mGF-06a: research pipeline returns a valid EvidenceBundle [33m 1243[2mms[22m[39m
@dantecode/automation-engine:test:  [32m✓[39m src/workflow-graph-executor.test.ts [2m([22m[2m21 tests[22m[2m)[22m[32m 229[2mms[22m[39m
@dantecode/agent-orchestrator:test: 
@dantecode/agent-orchestrator:test: [2m Test Files [22m [1m[32m3 passed[39m[22m[90m (3)[39m
@dantecode/agent-orchestrator:test: [2m      Tests [22m [1m[32m11 passed[39m[22m[90m (11)[39m
@dantecode/agent-orchestrator:test: [2m   Start at [22m 20:33:24
@dantecode/agent-orchestrator:test: [2m   Duration [22m 3.47s[2m (transform 730ms, setup 1.19s, collect 1.16s, tests 1.34s, environment 1ms, prepare 1.11s)[22m
@dantecode/agent-orchestrator:test: 
dantecode:test:  [32m✓[39m src/diff-review-provider.test.ts [2m([22m[2m4 tests[22m[2m)[22m[32m 30[2mms[22m[39m
dantecode:test:  [32m✓[39m src/inline-completion.test.ts [2m([22m[2m70 tests[22m[2m)[22m[32m 205[2mms[22m[39m
@dantecode/workspace:test:  [32m✓[39m src/local-workspace.test.ts [2m([22m[2m34 tests[22m[2m)[22m[33m 1447[2mms[22m[39m
@dantecode/workspace:test:    [33m[2m✓[22m[39m LocalWorkspace[2m > [22mFile Operations[2m > [22mshould watch files for changes [33m 343[2mms[22m[39m
@dantecode/workspace:test:    [33m[2m✓[22m[39m LocalWorkspace[2m > [22mCommand Execution[2m > [22mshould pass environment variables [33m 395[2mms[22m[39m
dantecode:test:  [32m✓[39m src/agent-config.test.ts [2m([22m[2m5 tests[22m[2m)[22m[32m 8[2mms[22m[39m
dantecode:test:  [32m✓[39m src/sidebar-provider.e2e.test.ts [2m([22m[2m6 tests[22m[2m)[22m[32m 9[2mms[22m[39m
@dantecode/cli:build: "default" is imported from external module "http" but never used in "dist/index.js".
dantecode:test:  [31m❯[39m src/vscode.test.ts [2m([22m[2m138 tests[22m[2m | [22m[31m8 failed[39m[2m)[22m[33m 349[2mms[22m[39m
dantecode:test:    [32m✓[39m VS Code Extension[2m > [22mPDSEDiagnosticProvider[2m > [22mcreates a diagnostic collection on construction[32m 4[2mms[22m[39m
dantecode:test:    [32m✓[39m VS Code Extension[2m > [22mPDSEDiagnosticProvider[2m > [22mmaps hard violations to Error severity[32m 2[2mms[22m[39m
dantecode:test:    [32m✓[39m VS Code Extension[2m > [22mPDSEDiagnosticProvider[2m > [22mmaps soft violations to Warning severity[32m 1[2mms[22m[39m
dantecode:test:    [32m✓[39m VS Code Extension[2m > [22mPDSEDiagnosticProvider[2m > [22muses correct violation labels for known types[32m 1[2mms[22m[39m
dantecode:test:    [32m✓[39m VS Code Extension[2m > [22mPDSEDiagnosticProvider[2m > [22mfalls back to type string for unknown violation types[32m 1[2mms[22m[39m
dantecode:test:    [32m✓[39m VS Code Extension[2m > [22mPDSEDiagnosticProvider[2m > [22mconverts 1-indexed line numbers to 0-indexed ranges[32m 0[2mms[22m[39m
dantecode:test:    [32m✓[39m VS Code Extension[2m > [22mPDSEDiagnosticProvider[2m > [22mdefaults to line 0 when no line number provided[32m 0[2mms[22m[39m
dantecode:test:    [32m✓[39m VS Code Extension[2m > [22mPDSEDiagnosticProvider[2m > [22mincludes PDSE overall score in diagnostic code[32m 0[2mms[22m[39m
dantecode:test:    [32m✓[39m VS Code Extension[2m > [22mPDSEDiagnosticProvider[2m > [22mincludes related info when violation has a pattern[32m 1[2mms[22m[39m
dantecode:test:    [32m✓[39m VS Code Extension[2m > [22mPDSEDiagnosticProvider[2m > [22madds summary diagnostic when gate failed with no violations[32m 1[2mms[22m[39m
dantecode:test:    [32m✓[39m VS Code Extension[2m > [22mPDSEDiagnosticProvider[2m > [22madds pass diagnostic when gate passed with no violations[32m 1[2mms[22m[39m
dantecode:test:    [32m✓[39m VS Code Extension[2m > [22mPDSEDiagnosticProvider[2m > [22mhandles multiple violations in one score[32m 1[2mms[22m[39m
dantecode:test:    [32m✓[39m VS Code Extension[2m > [22mPDSEDiagnosticProvider[2m > [22mclearDiagnostics deletes from collection[32m 1[2mms[22m[39m
dantecode:test:    [32m✓[39m VS Code Extension[2m > [22mPDSEDiagnosticProvider[2m > [22mclearAll clears the entire collection[32m 0[2mms[22m[39m
dantecode:test:    [32m✓[39m VS Code Extension[2m > [22mPDSEDiagnosticProvider[2m > [22mdispose disposes the collection[32m 0[2mms[22m[39m
dantecode:test:    [32m✓[39m VS Code Extension[2m > [22mPDSEDiagnosticProvider[2m > [22msets diagnostic source to DanteCode PDSE[32m 0[2mms[22m[39m
dantecode:test:    [32m✓[39m VS Code Extension[2m > [22mStatus Bar[2m > [22mcreateStatusBar returns a StatusBarState[32m 1[2mms[22m[39m
dantecode:test:    [32m✓[39m VS Code Extension[2m > [22mStatus Bar[2m > [22mcreateStatusBar sets click command to openChat[32m 0[2mms[22m[39m
dantecode:test:    [32m✓[39m VS Code Extension[2m > [22mStatus Bar[2m > [22mcreateStatusBar shows the status bar item[32m 0[2mms[22m[39m
dantecode:test:    [32m✓[39m VS Code Extension[2m > [22mStatus Bar[2m > [22mcreateStatusBar registers disposables[32m 0[2mms[22m[39m
dantecode:test:    [32m✓[39m VS Code Extension[2m > [22mStatus Bar[2m > [22mupdateStatusBar updates model and gate status[32m 0[2mms[22m[39m
dantecode:test:    [32m✓[39m VS Code Extension[2m > [22mStatus Bar[2m > [22mupdateStatusBar with passed status shows pass icon[32m 0[2mms[22m[39m
dantecode:test:    [32m✓[39m VS Code Extension[2m > [22mStatus Bar[2m > [22mupdateStatusBar with failed status shows error icon[32m 0[2mms[22m[39m
dantecode:test:    [32m✓[39m VS Code Extension[2m > [22mStatus Bar[2m > [22mupdateStatusBar with pending status shows loading icon[32m 0[2mms[22m[39m
dantecode:test:    [32m✓[39m VS Code Extension[2m > [22mStatus Bar[2m > [22mupdateStatusBar with failed status sets error background[32m 0[2mms[22m[39m
dantecode:test:    [32m✓[39m VS Code Extension[2m > [22mStatus Bar[2m > [22mupdateStatusBar with none status uses green color (healthy)[32m 0[2mms[22m[39m
dantecode:test:    [32m✓[39m VS Code Extension[2m > [22mStatus Bar[2m > [22mupdateSandboxStatus adds vm icon when enabled[32m 0[2mms[22m[39m
dantecode:test:    [32m✓[39m VS Code Extension[2m > [22mStatus Bar[2m > [22mupdateSandboxStatus removes vm icon when disabled[32m 0[2mms[22m[39m
dantecode:test:    [32m✓[39m VS Code Extension[2m > [22mStatus Bar[2m > [22mtooltip includes model, gate status, and sandbox info[32m 0[2mms[22m[39m
dantecode:test:    [32m✓[39m VS Code Extension[2m > [22mStatus Bar[2m > [22mformats model name by extracting part after slash[32m 0[2mms[22m[39m
dantecode:test:    [32m✓[39m VS Code Extension[2m > [22mStatus Bar[2m > [22mformats model name with no slash as-is[32m 0[2mms[22m[39m
dantecode:test:    [32m✓[39m VS Code Extension[2m > [22mChatSidebarProvider[2m > [22mhas correct viewType[32m 0[2mms[22m[39m
dantecode:test:    [32m✓[39m VS Code Extension[2m > [22mChatSidebarProvider[2m > [22mconstructs without throwing[32m 2[2mms[22m[39m
dantecode:test:    [32m✓[39m VS Code Extension[2m > [22mChatSidebarProvider[2m > [22mgetCurrentModel returns default model from config[32m 0[2mms[22m[39m
dantecode:test:    [32m✓[39m VS Code Extension[2m > [22mChatSidebarProvider[2m > [22maddFileToContext does not throw[32m 1[2mms[22m[39m
dantecode:test:    [32m✓[39m VS Code Extension[2m > [22mChatSidebarProvider[2m > [22msendPDSEScore does not throw when view is not set[32m 1[2mms[22m[39m
dantecode:test:    [32m✓[39m VS Code Extension[2m > [22mChatSidebarProvider[2m > [22mtracks activeSkill through skill activation and new chat reset[32m 1[2mms[22m[39m
dantecode:test:    [32m✓[39m VS Code Extension[2m > [22mChatSidebarProvider[2m > [22mretracts claimed file edits in pipeline mode when the actual write set disagrees[32m 23[2mms[22m[39m
dantecode:test:    [32m✓[39m VS Code Extension[2m > [22mAuditPanelProvider[2m > [22mhas correct viewType[32m 0[2mms[22m[39m
dantecode:test:    [32m✓[39m VS Code Extension[2m > [22mAuditPanelProvider[2m > [22mconstructs without throwing[32m 0[2mms[22m[39m
dantecode:test:    [32m✓[39m VS Code Extension[2m > [22mDanteCodeCompletionProvider[2m > [22mconstructs without throwing[32m 1[2mms[22m[39m
dantecode:test:    [32m✓[39m VS Code Extension[2m > [22mDanteCodeCompletionProvider[2m > [22mclearCache does not throw[32m 1[2mms[22m[39m
dantecode:test: [31m   [31m×[31m VS Code Extension[2m > [22mExtension lifecycle[2m > [22mactivate registers all 19 commands[39m[32m 22[2mms[22m[39m[33m (retry x1)[39m
dantecode:test: [31m     → expected "spy" to be called 19 times, but got 26 times[39m
dantecode:test: [31m     → expected "spy" to be called 19 times, but got 26 times[39m
dantecode:test:    [32m✓[39m VS Code Extension[2m > [22mExtension lifecycle[2m > [22mactivate registers webview view providers[32m 3[2mms[22m[39m
dantecode:test:    [32m✓[39m VS Code Extension[2m > [22mExtension lifecycle[2m > [22mactivate registers inline completion provider[32m 3[2mms[22m[39m
dantecode:test:    [32m✓[39m VS Code Extension[2m > [22mExtension lifecycle[2m > [22mactivate creates status bar[32m 3[2mms[22m[39m
dantecode:test:    [32m✓[39m VS Code Extension[2m > [22mExtension lifecycle[2m > [22mactivate creates output channel[32m 3[2mms[22m[39m
dantecode:test:    [32m✓[39m VS Code Extension[2m > [22mExtension lifecycle[2m > [22mactivate pushes disposables to context.subscriptions[32m 4[2mms[22m[39m
dantecode:test:    [32m✓[39m VS Code Extension[2m > [22mExtension lifecycle[2m > [22mregisters the verification view provider[32m 4[2mms[22m[39m
dantecode:test:    [32m✓[39m VS Code Extension[2m > [22mExtension lifecycle[2m > [22mregisters the automation view provider[32m 3[2mms[22m[39m
dantecode:test:    [32m✓[39m VS Code Extension[2m > [22mExtension lifecycle[2m > [22mdeactivate does not throw[32m 4[2mms[22m[39m
dantecode:test:    [32m✓[39m VS Code Extension[2m > [22mExtension lifecycle[2m > [22mdeactivate clears diagnostic provider[32m 7[2mms[22m[39m
dantecode:test:    [32m✓[39m VS Code Extension[2m > [22mExtension lifecycle[2m > [22mregisters dantecode.openChat command[32m 4[2mms[22m[39m
dantecode:test:    [32m✓[39m VS Code Extension[2m > [22mExtension lifecycle[2m > [22mregisters dantecode.selfUpdate command[32m 3[2mms[22m[39m
dantecode:test:    [32m✓[39m VS Code Extension[2m > [22mExtension lifecycle[2m > [22mregisters dantecode.switchModel command[32m 4[2mms[22m[39m
dantecode:test:    [32m✓[39m VS Code Extension[2m > [22mExtension lifecycle[2m > [22mregisters dantecode.runPDSE command[32m 4[2mms[22m[39m
dantecode:test:    [32m✓[39m VS Code Extension[2m > [22mExtension lifecycle[2m > [22mregisters checkpoint commands[32m 4[2mms[22m[39m
dantecode:test:    [32m✓[39m VS Code Extension[2m > [22mExtension lifecycle[2m > [22mregisters diff review commands[32m 18[2mms[22m[39m
dantecode:test:    [32m✓[39m VS Code Extension[2m > [22mExtension lifecycle[2m > [22mruns repo self-update from the repo root terminal when the extension is in repo-dev mode[32m 5[2mms[22m[39m
dantecode:test:    [32m✓[39m VS Code Extension[2m > [22mExtension lifecycle[2m > [22mshows extension-host guidance instead of shelling into the workspace for published installs[32m 11[2mms[22m[39m
dantecode:test:    [32m✓[39m VS Code Extension[2m > [22mExtension lifecycle[2m > [22mcontributes the self-update command in the extension manifest[32m 11[2mms[22m[39m
dantecode:test:    [32m✓[39m VS Code Extension[2m > [22mExtension lifecycle[2m > [22mcontributes the verification webview in the extension manifest[32m 3[2mms[22m[39m
dantecode:test:    [32m✓[39m VS Code Extension[2m > [22mExtension lifecycle[2m > [22mcontributes the automation webview in the extension manifest[32m 6[2mms[22m[39m
dantecode:test:    [32m✓[39m VS Code Extension[2m > [22mExtension lifecycle[2m > [22mmanual create checkpoint command delegates to the checkpoint manager[32m 3[2mms[22m[39m
dantecode:test:    [32m✓[39m VS Code Extension[2m > [22mExtension lifecycle[2m > [22mrewind checkpoint command restores the selected checkpoint[32m 48[2mms[22m[39m
dantecode:test:    [32m✓[39m VS Code Extension[2m > [22mExtension lifecycle[2m > [22msetPendingDiff auto-creates a checkpoint before storing the diff[32m 4[2mms[22m[39m
dantecode:test:    [32m✓[39m VS Code Extension[2m > [22mExtension lifecycle[2m > [22maccept diff hunks delegates to the diff review provider[32m 10[2mms[22m[39m
dantecode:test:    [32m✓[39m VS Code Extension[2m > [22mExtension lifecycle[2m > [22mverification panel provider posts history and benchmark summaries to the webview[32m 3[2mms[22m[39m
dantecode:test:    [32m✓[39m VS Code Extension[2m > [22mExtension lifecycle[2m > [22mautomation panel provider posts durable automation runs and background task state[32m 3[2mms[22m[39m
dantecode:test:    [32m✓[39m isSelfModificationTarget[2m > [22mreturns true for packages/vscode path[32m 0[2mms[22m[39m
dantecode:test:    [32m✓[39m isSelfModificationTarget[2m > [22mreturns true for packages/cli path[32m 0[2mms[22m[39m
dantecode:test:    [32m✓[39m isSelfModificationTarget[2m > [22mreturns true for packages/danteforge path[32m 0[2mms[22m[39m
dantecode:test:    [32m✓[39m isSelfModificationTarget[2m > [22mreturns true for packages/core path[32m 0[2mms[22m[39m
dantecode:test:    [32m✓[39m isSelfModificationTarget[2m > [22mreturns true for .dantecode directory[32m 0[2mms[22m[39m
dantecode:test:    [32m✓[39m isSelfModificationTarget[2m > [22mreturns true for CONSTITUTION.md[32m 0[2mms[22m[39m
dantecode:test:    [32m✓[39m isSelfModificationTarget[2m > [22mreturns false for user project files[32m 0[2mms[22m[39m
dantecode:test:    [32m✓[39m isSelfModificationTarget[2m > [22mreturns false for packages/sandbox path[32m 0[2mms[22m[39m
dantecode:test:    [32m✓[39m isSelfModificationBashCommand[2m > [22mcatches echo redirect to cli source[32m 0[2mms[22m[39m
dantecode:test:    [32m✓[39m isSelfModificationBashCommand[2m > [22mcatches tee to packages[32m 0[2mms[22m[39m
dantecode:test:    [32m✓[39m isSelfModificationBashCommand[2m > [22mcatches redirect to .dantecode[32m 0[2mms[22m[39m
dantecode:test:    [32m✓[39m isSelfModificationBashCommand[2m > [22mcatches redirect to CONSTITUTION.md[32m 0[2mms[22m[39m
dantecode:test:    [32m✓[39m isSelfModificationBashCommand[2m > [22mreturns false for safe commands[32m 0[2mms[22m[39m
dantecode:test:    [32m✓[39m updateStatusBarWithCost[2m > [22mdisplays cost in status bar text[32m 2[2mms[22m[39m
dantecode:test:    [32m✓[39m updateStatusBarWithCost[2m > [22mdisplays capable tier label when escalated[32m 1[2mms[22m[39m
dantecode:test:    [32m✓[39m updateStatusBarWithCost[2m > [22mincludes tier info in tooltip[32m 1[2mms[22m[39m
dantecode:test:    [32m✓[39m executeTool integration[2m > [22mblocks Write to self-owned path without confirmation[32m 2[2mms[22m[39m
dantecode:test:    [32m✓[39m executeTool integration[2m > [22mallows Write to self-owned path when confirmation returns true[32m 2[2mms[22m[39m
dantecode:test:    [32m✓[39m executeTool integration[2m > [22mblocks Bash with self-modification pattern[32m 6[2mms[22m[39m
dantecode:test:    [32m✓[39m executeTool integration[2m > [22mallows safe Bash commands[32m 2[2mms[22m[39m
dantecode:test:    [32m✓[39m executeTool integration[2m > [22mroutes SelfUpdate through the CLI self-update command in repo-dev mode[32m 2[2mms[22m[39m
dantecode:test:    [32m✓[39m executeTool integration[2m > [22mreturns extension-host guidance for SelfUpdate outside repo-dev mode[32m 2[2mms[22m[39m
dantecode:test:    [32m✓[39m executeTool integration[2m > [22mroutes GitPush through git-engine and returns verification details[32m 2[2mms[22m[39m
dantecode:test:    [32m✓[39m executeTool integration[2m > [22mroutes GitCommit through git-engine and returns commit details[32m 2[2mms[22m[39m
dantecode:test:    [32m✓[39m executeTool integration[2m > [22mblocks GitPush while sandbox mode is enabled[32m 2[2mms[22m[39m
dantecode:test:    [32m✓[39m executeTool integration[2m > [22mcalls onDiffHunk after successful Write[32m 2[2mms[22m[39m
dantecode:test:    [32m✓[39m executeTool integration[2m > [22mcalls onDiffHunk after successful Edit[32m 2[2mms[22m[39m
dantecode:test:    [32m✓[39m executeTool integration[2m > [22mworks without context (backward compatible)[32m 1[2mms[22m[39m
dantecode:test:    [32m✓[39m extractToolCalls[2m > [22mrecovers multiline Bash tool calls with raw newlines inside JSON strings[32m 0[2mms[22m[39m
dantecode:test:    [32m✓[39m VS Code mode-based tool filtering[2m > [22mgetToolDefinitionsPrompt excludes mutation tools in plan mode[32m 1[2mms[22m[39m
dantecode:test:    [32m✓[39m VS Code mode-based tool filtering[2m > [22mgetToolDefinitionsPrompt excludes mutation tools in review mode[32m 0[2mms[22m[39m
dantecode:test:    [32m✓[39m VS Code mode-based tool filtering[2m > [22mgetToolDefinitionsPrompt includes all tools in apply mode[32m 0[2mms[22m[39m
dantecode:test:    [32m✓[39m VS Code mode-based tool filtering[2m > [22mexecuteTool rejects excluded tools at runtime in plan mode[32m 0[2mms[22m[39m
dantecode:test:    [32m✓[39m VS Code mode-based tool filtering[2m > [22mexecuteTool rejects Bash in review mode[32m 0[2mms[22m[39m
dantecode:test:    [32m✓[39m VS Code mode-based tool filtering[2m > [22mexecuteTool allows Read in plan mode[32m 1[2mms[22m[39m
dantecode:test:    [32m✓[39m VS Code mode-based tool filtering[2m > [22mexecuteTool allows all tools in apply mode[32m 1[2mms[22m[39m
dantecode:test:    [32m✓[39m CheckpointTreeProvider[2m > [22mcreates checkpoint tree items with correct status icons[32m 1[2mms[22m[39m
dantecode:test:    [32m✓[39m CheckpointTreeProvider[2m > [22mcreates checkpoint tree items for stale sessions[32m 0[2mms[22m[39m
dantecode:test:    [32m✓[39m CheckpointTreeProvider[2m > [22mcreates checkpoint tree items for corrupt sessions[32m 0[2mms[22m[39m
dantecode:test:    [32m✓[39m CheckpointTreeProvider[2m > [22mCheckpointTreeDataProvider returns children sessions[32m 1[2mms[22m[39m
dantecode:test:    [32m✓[39m CheckpointTreeProvider[2m > [22mCheckpointTreeDataProvider.refresh fires tree data change event[32m 1[2mms[22m[39m
dantecode:test:    [32m✓[39m CheckpointTreeProvider[2m > [22mCheckpointTreeDataProvider.getCheckpointCount returns count[32m 1[2mms[22m[39m
dantecode:test:    [32m✓[39m CheckpointTreeProvider[2m > [22mCheckpointTreeDataProvider.getSession finds session by ID[32m 1[2mms[22m[39m
dantecode:test:    [32m✓[39m Checkpoint Commands[2m > [22mcommandResumeSession shows quick pick when no sessionId provided[32m 2[2mms[22m[39m
dantecode:test: [31m   [31m×[31m Checkpoint Commands[2m > [22mcommandForkSession creates new branch from checkpoint[39m[32m 6[2mms[22m[39m[33m (retry x1)[39m
dantecode:test: [31m     → EventSourcedCheckpointer does not exist[39m
dantecode:test: [31m     → EventSourcedCheckpointer does not exist[39m
dantecode:test: [31m   [31m×[31m Checkpoint Commands[2m > [22mcommandDeleteCheckpoint removes checkpoint directory and event log[39m[32m 3[2mms[22m[39m[33m (retry x1)[39m
dantecode:test: [31m     → rm does not exist[39m
dantecode:test: [31m     → rm does not exist[39m
dantecode:test: [31m   [31m×[31m Checkpoint Commands[2m > [22mcommandResumeSession loads checkpoint and event store[39m[32m 3[2mms[22m[39m[33m (retry x1)[39m
dantecode:test: [31m     → JsonlEventStore does not exist[39m
dantecode:test: [31m     → JsonlEventStore does not exist[39m
dantecode:test: [31m   [31m×[31m Checkpoint Commands[2m > [22mcommandForkSession shows information message on success[39m[32m 4[2mms[22m[39m[33m (retry x1)[39m
dantecode:test: [31m     → EventSourcedCheckpointer does not exist[39m
dantecode:test: [31m     → EventSourcedCheckpointer does not exist[39m
dantecode:test:    [32m✓[39m Checkpoint Commands[2m > [22mcommandDeleteCheckpoint confirms before deletion[32m 2[2mms[22m[39m
dantecode:test:    [32m✓[39m Checkpoint Commands[2m > [22mcommandRefreshCheckpoints shows checkpoint count[32m 2[2mms[22m[39m
dantecode:test:    [32m✓[39m Checkpoint Commands[2m > [22mcommandResumeSession handles errors gracefully[32m 2[2mms[22m[39m
dantecode:test:    [32m✓[39m Status Bar Badges (Wave 3)[2m > [22mshows index readiness badge when indexing[32m 0[2mms[22m[39m
dantecode:test:    [32m✓[39m Status Bar Badges (Wave 3)[2m > [22mshows index readiness badge when ready[32m 0[2mms[22m[39m
dantecode:test:    [32m✓[39m Status Bar Badges (Wave 3)[2m > [22mshows index readiness badge when error[32m 0[2mms[22m[39m
dantecode:test:    [32m✓[39m Status Bar Badges (Wave 3)[2m > [22mshows context pressure badge in green range[32m 0[2mms[22m[39m
dantecode:test:    [32m✓[39m Status Bar Badges (Wave 3)[2m > [22mshows context pressure badge in yellow range[32m 0[2mms[22m[39m
dantecode:test:    [32m✓[39m Status Bar Badges (Wave 3)[2m > [22mshows context pressure badge in red range[32m 0[2mms[22m[39m
dantecode:test:    [32m✓[39m Status Bar Badges (Wave 3)[2m > [22mgetStatusBarColor returns green when pressure is low[32m 0[2mms[22m[39m
dantecode:test:    [32m✓[39m Status Bar Badges (Wave 3)[2m > [22mgetStatusBarColor returns yellow when pressure is medium[32m 1[2mms[22m[39m
dantecode:test:    [32m✓[39m Status Bar Badges (Wave 3)[2m > [22mgetStatusBarColor returns red when pressure is high[32m 1[2mms[22m[39m
dantecode:test:    [32m✓[39m Status Bar Badges (Wave 3)[2m > [22mgetStatusBarColor returns red when index has error[32m 0[2mms[22m[39m
dantecode:test: [31m   [31m×[31m Skills Tree View (Wave 3)[2m > [22mcreates skill tree items with correct properties[39m[32m 11[2mms[22m[39m[33m (retry x1)[39m
dantecode:test: [31m     → expected 'test-skill\n\nDescription: A test ski…' to contain 'project'[39m
dantecode:test: [31m     → expected 'test-skill\n\nDescription: A test ski…' to contain 'project'[39m
dantecode:test: [31m   [31m×[31m Skills Tree View (Wave 3)[2m > [22mcreates skill tree items with skillbridge badge[39m[32m 8[2mms[22m[39m[33m (retry x1)[39m
dantecode:test: [31m     → expected '' to contain '[bridge]'[39m
dantecode:test: [31m     → expected '' to contain '[bridge]'[39m
dantecode:test: [31m   [31m×[31m Skills Tree View (Wave 3)[2m > [22mSkillsTreeDataProvider lists skills from project[39m[32m 3[2mms[22m[39m[33m (retry x1)[39m
dantecode:test: [31m     → expected 1 to be 2 // Object.is equality[39m
dantecode:test: [31m     → expected 1 to be 2 // Object.is equality[39m
dantecode:test:    [32m✓[39m Skills Tree View (Wave 3)[2m > [22mSkillsTreeDataProvider returns empty when no project root[32m 0[2mms[22m[39m
dantecode:test:    [32m✓[39m Skills Tree View (Wave 3)[2m > [22mSkillsTreeDataProvider refresh fires tree data change event[32m 1[2mms[22m[39m
dantecode:test:    [32m✓[39m Skill Commands (Wave 3)[2m > [22mcommandExecuteSkill shows quick pick when no skill name provided[32m 0[2mms[22m[39m
dantecode:test:    [32m✓[39m Skill Commands (Wave 3)[2m > [22mcommandExecuteSkillChain shows quick pick when no chain name provided[32m 0[2mms[22m[39m
dantecode:test:    [32m✓[39m Skill Commands (Wave 3)[2m > [22mcommandRefreshSkills refreshes skill tree[32m 0[2mms[22m[39m
dantecode:test: 
dantecode:test: [31m⎯⎯⎯⎯⎯⎯⎯[39m[1m[41m Failed Tests 8 [49m[22m[31m⎯⎯⎯⎯⎯⎯⎯[39m
dantecode:test: 
dantecode:test: [41m[1m FAIL [22m[49m src/vscode.test.ts[2m > [22mVS Code Extension[2m > [22mExtension lifecycle[2m > [22mactivate registers all 19 commands
dantecode:test: [41m[1m FAIL [22m[49m src/vscode.test.ts[2m > [22mVS Code Extension[2m > [22mExtension lifecycle[2m > [22mactivate registers all 19 commands
dantecode:test: [31m[1mAssertionError[22m: expected "spy" to be called 19 times, but got 26 times[39m
dantecode:test: [36m [2m❯[22m src/vscode.test.ts:[2m1727:47[22m[39m
dantecode:test:     [90m1725| [39m      activate(context);
dantecode:test:     [90m1726| [39m
dantecode:test:     [90m1727| [39m      expect(vscode.commands.registerCommand).toHaveBeenCalledTimes(19…
dantecode:test:     [90m   | [39m                                              [31m^[39m
dantecode:test:     [90m1728| [39m    });
dantecode:test:     [90m1729| [39m
dantecode:test: 
dantecode:test: [31m[2m⎯⎯⎯⎯⎯⎯⎯⎯⎯⎯⎯⎯⎯⎯⎯⎯⎯⎯⎯⎯⎯⎯⎯[1/16]⎯[22m[39m
dantecode:test: 
dantecode:test: [41m[1m FAIL [22m[49m src/vscode.test.ts[2m > [22mCheckpoint Commands[2m > [22mcommandForkSession creates new branch from checkpoint
dantecode:test: [41m[1m FAIL [22m[49m src/vscode.test.ts[2m > [22mCheckpoint Commands[2m > [22mcommandForkSession creates new branch from checkpoint
dantecode:test: [31m[1mError[22m: EventSourcedCheckpointer does not exist[39m
dantecode:test: [36m [2m❯[22m src/vscode.test.ts:[2m2928:8[22m[39m
dantecode:test:     [90m2926| [39m    );
dantecode:test:     [90m2927| [39m
dantecode:test:     [90m2928| [39m    vi.spyOn(core, "EventSourcedCheckpointer").mockImplementation(
dantecode:test:     [90m   | [39m       [31m^[39m
dantecode:test:     [90m2929| [39m      () =>
dantecode:test:     [90m2930| [39m        ({
dantecode:test: 
dantecode:test: [31m[2m⎯⎯⎯⎯⎯⎯⎯⎯⎯⎯⎯⎯⎯⎯⎯⎯⎯⎯⎯⎯⎯⎯⎯[2/16]⎯[22m[39m
dantecode:test: 
dantecode:test: [41m[1m FAIL [22m[49m src/vscode.test.ts[2m > [22mCheckpoint Commands[2m > [22mcommandDeleteCheckpoint removes checkpoint directory and event log
dantecode:test: [41m[1m FAIL [22m[49m src/vscode.test.ts[2m > [22mCheckpoint Commands[2m > [22mcommandDeleteCheckpoint removes checkpoint directory and event log
dantecode:test: [31m[1mError[22m: rm does not exist[39m
dantecode:test: [36m [2m❯[22m src/vscode.test.ts:[2m2962:22[22m[39m
dantecode:test:     [90m2960| [39m    );
dantecode:test:     [90m2961| [39m
dantecode:test:     [90m2962| [39m    const rmSpy = vi.spyOn(fs, "rm").mockResolvedValue(undefined);
dantecode:test:     [90m   | [39m                     [31m^[39m
dantecode:test:     [90m2963| [39m
dantecode:test:     [90m2964| [39m    // Mock showWarningMessage to return "Delete"
dantecode:test: 
dantecode:test: [31m[2m⎯⎯⎯⎯⎯⎯⎯⎯⎯⎯⎯⎯⎯⎯⎯⎯⎯⎯⎯⎯⎯⎯⎯[3/16]⎯[22m[39m
dantecode:test: 
dantecode:test: [41m[1m FAIL [22m[49m src/vscode.test.ts[2m > [22mCheckpoint Commands[2m > [22mcommandResumeSession loads checkpoint and event store
dantecode:test: [41m[1m FAIL [22m[49m src/vscode.test.ts[2m > [22mCheckpoint Commands[2m > [22mcommandResumeSession loads checkpoint and event store
dantecode:test: [31m[1mError[22m: JsonlEventStore does not exist[39m
dantecode:test: [36m [2m❯[22m src/vscode.test.ts:[2m3005:8[22m[39m
dantecode:test:     [90m3003| [39m    );
dantecode:test:     [90m3004| [39m
dantecode:test:     [90m3005| [39m    vi.spyOn(core, "JsonlEventStore").mockImplementation(() => mockEve…
dantecode:test:     [90m   | [39m       [31m^[39m
dantecode:test:     [90m3006| [39m    vi.spyOn(core, "resumeFromCheckpoint").mockImplementation(mockResu…
dantecode:test:     [90m3007| [39m
dantecode:test: 
dantecode:test: [31m[2m⎯⎯⎯⎯⎯⎯⎯⎯⎯⎯⎯⎯⎯⎯⎯⎯⎯⎯⎯⎯⎯⎯⎯[4/16]⎯[22m[39m
dantecode:test: 
dantecode:test: [41m[1m FAIL [22m[49m src/vscode.test.ts[2m > [22mCheckpoint Commands[2m > [22mcommandForkSession shows information message on success
dantecode:test: [41m[1m FAIL [22m[49m src/vscode.test.ts[2m > [22mCheckpoint Commands[2m > [22mcommandForkSession shows information message on success
dantecode:test: [31m[1mError[22m: EventSourcedCheckpointer does not exist[39m
dantecode:test: [36m [2m❯[22m src/vscode.test.ts:[2m3029:8[22m[39m
dantecode:test:     [90m3027| [39m    );
dantecode:test:     [90m3028| [39m
dantecode:test:     [90m3029| [39m    vi.spyOn(core, "EventSourcedCheckpointer").mockImplementation(
dantecode:test:     [90m   | [39m       [31m^[39m
dantecode:test:     [90m3030| [39m      () =>
dantecode:test:     [90m3031| [39m        ({
dantecode:test: 
dantecode:test: [31m[2m⎯⎯⎯⎯⎯⎯⎯⎯⎯⎯⎯⎯⎯⎯⎯⎯⎯⎯⎯⎯⎯⎯⎯[5/16]⎯[22m[39m
dantecode:test: 
dantecode:test: [41m[1m FAIL [22m[49m src/vscode.test.ts[2m > [22mSkills Tree View (Wave 3)[2m > [22mcreates skill tree items with correct properties
dantecode:test: [41m[1m FAIL [22m[49m src/vscode.test.ts[2m > [22mSkills Tree View (Wave 3)[2m > [22mcreates skill tree items with correct properties
dantecode:test: [31m[1mAssertionError[22m: expected 'test-skill\n\nDescription: A test ski…' to contain 'project'[39m
dantecode:test: 
dantecode:test: [32m- Expected[39m
dantecode:test: [31m+ Received[39m
dantecode:test: 
dantecode:test: [32m- project[39m
dantecode:test: [31m+ test-skill[39m
dantecode:test: [31m+[39m
dantecode:test: [31m+ Description: A test skill[39m
dantecode:test: [31m+ Import Source: unknown[39m
dantecode:test: 
dantecode:test: [36m [2m❯[22m src/vscode.test.ts:[2m3360:26[22m[39m
dantecode:test:     [90m3358| [39m    expect(item.label).toBe("test-skill");
dantecode:test:     [90m3359| [39m    expect(item.tooltip).toContain("A test skill");
dantecode:test:     [90m3360| [39m    expect(item.tooltip).toContain("project");
dantecode:test:     [90m   | [39m                         [31m^[39m
dantecode:test:     [90m3361| [39m    expect(item.tooltip).toContain("MIT");
dantecode:test:     [90m3362| [39m    expect(item.tooltip).toContain("verified");
dantecode:test: 
dantecode:test: [31m[2m⎯⎯⎯⎯⎯⎯⎯⎯⎯⎯⎯⎯⎯⎯⎯⎯⎯⎯⎯⎯⎯⎯⎯[6/16]⎯[22m[39m
dantecode:test: 
dantecode:test: [41m[1m FAIL [22m[49m src/vscode.test.ts[2m > [22mSkills Tree View (Wave 3)[2m > [22mcreates skill tree items with skillbridge badge
dantecode:test: [41m[1m FAIL [22m[49m src/vscode.test.ts[2m > [22mSkills Tree View (Wave 3)[2m > [22mcreates skill tree items with skillbridge badge
dantecode:test: [31m[1mAssertionError[22m: expected '' to contain '[bridge]'[39m
dantecode:test: 
dantecode:test: [32m- Expected[39m
dantecode:test: [31m+ Received[39m
dantecode:test: 
dantecode:test: [32m- [bridge][39m
dantecode:test: 
dantecode:test: [36m [2m❯[22m src/vscode.test.ts:[2m3383:30[22m[39m
dantecode:test:     [90m3381| [39m    const item = new SkillTreeItem(skill, vscode.TreeItemCollapsibleSt…
dantecode:test:     [90m3382| [39m
dantecode:test:     [90m3383| [39m    expect(item.description).toContain("[bridge]");
dantecode:test:     [90m   | [39m                             [31m^[39m
dantecode:test:     [90m3384| [39m  });
dantecode:test:     [90m3385| [39m
dantecode:test: 
dantecode:test: [31m[2m⎯⎯⎯⎯⎯⎯⎯⎯⎯⎯⎯⎯⎯⎯⎯⎯⎯⎯⎯⎯⎯⎯⎯[7/16]⎯[22m[39m
dantecode:test: 
dantecode:test: [41m[1m FAIL [22m[49m src/vscode.test.ts[2m > [22mSkills Tree View (Wave 3)[2m > [22mSkillsTreeDataProvider lists skills from project
dantecode:test: [41m[1m FAIL [22m[49m src/vscode.test.ts[2m > [22mSkills Tree View (Wave 3)[2m > [22mSkillsTreeDataProvider lists skills from project
dantecode:test: [31m[1mAssertionError[22m: expected 1 to be 2 // Object.is equality[39m
dantecode:test: 
dantecode:test: [32m- Expected[39m
dantecode:test: [31m+ Received[39m
dantecode:test: 
dantecode:test: [32m- 2[39m
dantecode:test: [31m+ 1[39m
dantecode:test: 
dantecode:test: [36m [2m❯[22m src/vscode.test.ts:[2m3401:29[22m[39m
dantecode:test: 
dantecode:test:     [90m3399| [39m    const children = await provider.getChildren();
dantecode:test:     [90m3400| [39m
dantecode:test:     [90m3401| [39m    expect(children.length).toBe(2);
dantecode:test: [2m Test Files [22m [1m[31m1 failed[39m[22m[2m | [22m[1m[32m10 passed[39m[22m[90m (11)[39m
dantecode:test: [2m      Tests [22m [1m[31m8 failed[39m[22m[2m | [22m[1m[32m318 passed[39m[22m[90m (326)[39m
dantecode:test: [2m   Start at [22m 20:33:22
dantecode:test:     [90m   | [39m                            [31m^[39m
dantecode:test:     [90m3402| [39m    expect(children[0]?.skill.name).toBe("skill-a");
dantecode:test:     [90m3403| [39m    expect(children[1]?.skill.name).toBe("skill-b");
dantecode:test: [2m   Duration [22m 6.58s[2m (transform 24.96s, setup 6.43s, collect 31.63s, tests 810ms, environment 3ms, prepare 3.54s)[22m
dantecode:test: 
dantecode:test: [31m[2m⎯⎯⎯⎯⎯⎯⎯⎯⎯⎯⎯⎯⎯⎯⎯⎯⎯⎯⎯⎯⎯⎯⎯[8/16]⎯[22m[39m
dantecode:test: 
dantecode:test: 
@dantecode/mcp:test: 
@dantecode/mcp:test: > @dantecode/mcp@0.9.2 test
@dantecode/mcp:test: > vitest run --config ../../vitest.package.config.ts
@dantecode/mcp:test: 
@dantecode/git-engine:test:  [32m✓[39m src/repo-map.test.ts [2m([22m[2m13 tests[22m[2m)[22m[33m 18116[2mms[22m[39m
@dantecode/git-engine:test:    [33m[2m✓[22m[39m repo-map[2m > [22mgenerateRepoMap[2m > [22mreturns empty array for repo with no tracked files [33m 2497[2mms[22m[39m
@dantecode/git-engine:test:    [33m[2m✓[22m[39m repo-map[2m > [22mgenerateRepoMap[2m > [22mreturns entries for tracked files [33m 784[2mms[22m[39m
@dantecode/git-engine:test:    [33m[2m✓[22m[39m repo-map[2m > [22mgenerateRepoMap[2m > [22mdetects language from file extension [33m 605[2mms[22m[39m
@dantecode/git-engine:test:    [33m[2m✓[22m[39m repo-map[2m > [22mgenerateRepoMap[2m > [22mignores default ignore patterns (node_modules, dist) [33m 2283[2mms[22m[39m
@dantecode/git-engine:test:    [33m[2m✓[22m[39m repo-map[2m > [22mgenerateRepoMap[2m > [22mrespects extraIgnorePatterns [33m 2236[2mms[22m[39m
@dantecode/git-engine:test:    [33m[2m✓[22m[39m repo-map[2m > [22mgenerateRepoMap[2m > [22mfilters by includeExtensions [33m 1569[2mms[22m[39m
@dantecode/git-engine:test:    [33m[2m✓[22m[39m repo-map[2m > [22mgenerateRepoMap[2m > [22mrespects maxFiles limit [33m 690[2mms[22m[39m
@dantecode/git-engine:test:    [33m[2m✓[22m[39m repo-map[2m > [22mgenerateRepoMap[2m > [22msorts by modification time (most recent first) [33m 3632[2mms[22m[39m
@dantecode/git-engine:test:    [33m[2m✓[22m[39m repo-map[2m > [22mgenerateRepoMap[2m > [22mhandles files in subdirectories [33m 1799[2mms[22m[39m
@dantecode/git-engine:test:    [33m[2m✓[22m[39m repo-map[2m > [22mformatRepoMapForContext[2m > [22mreturns placeholder for empty entries [33m 467[2mms[22m[39m
@dantecode/git-engine:test:    [33m[2m✓[22m[39m repo-map[2m > [22mformatRepoMapForContext[2m > [22mformats entries with header and file count [33m 762[2mms[22m[39m
@dantecode/git-engine:test:    [33m[2m✓[22m[39m repo-map[2m > [22mformatRepoMapForContext[2m > [22mgroups files by directory [33m 403[2mms[22m[39m
@dantecode/git-engine:test:    [33m[2m✓[22m[39m repo-map[2m > [22mformatRepoMapForContext[2m > [22mformats file sizes correctly [33m 386[2mms[22m[39m
dantecode:test: npm error Lifecycle script `test` failed with error:
dantecode:test: npm error code 1
dantecode:test: npm error path C:\Projects\DanteCode\packages\vscode
dantecode:test: npm error workspace dantecode@0.9.2
dantecode:test: npm error location C:\Projects\DanteCode\packages\vscode
dantecode:test: npm error command failed
dantecode:test: npm error command C:\WINDOWS\system32\cmd.exe /d /s /c vitest run --config ../../vitest.package.config.ts
dantecode:test: ERROR: command finished with error: command (C:\Projects\DanteCode\packages\vscode) C:\Program Files\nodejs\npm.cmd run test exited (1)
dantecode#test: command (C:\Projects\DanteCode\packages\vscode) C:\Program Files\nodejs\npm.cmd run test exited (1)

 Tasks:    50 successful, 57 total
Cached:    22 cached, 57 total
  Time:    51s 
Failed:    dantecode#test

 WARNING  no output files found for task @dantecode/agent-orchestrator#test. Please check your `outputs` key in `turbo.json`
 WARNING  no output files found for task @dantecode/dante-sandbox#test. Please check your `outputs` key in `turbo.json`
 WARNING  no output files found for task @dantecode/dante-skillbook#test. Please check your `outputs` key in `turbo.json`
 WARNING  no output files found for task @dantecode/danteforge#test. Please check your `outputs` key in `turbo.json`
 WARNING  no output files found for task @dantecode/debug-trail#test. Please check your `outputs` key in `turbo.json`
 WARNING  no output files found for task @dantecode/desktop#test. Please check your `outputs` key in `turbo.json`
 WARNING  no output files found for task @dantecode/memory-engine#test. Please check your `outputs` key in `turbo.json`
 WARNING  no output files found for task @dantecode/sandbox#test. Please check your `outputs` key in `turbo.json`
 WARNING  no output files found for task @dantecode/skill-adapter#test. Please check your `outputs` key in `turbo.json`
 WARNING  no output files found for task @dantecode/ux-polish#test. Please check your `outputs` key in `turbo.json`
 WARNING  no output files found for task @dantecode/web-extractor#test. Please check your `outputs` key in `turbo.json`
 ERROR  run failed: command  exited (1)
