src/multi-agent.test.ts(220,31): error TS2339: Property 'lane' does not exist on type 'AgentOutput'.
